Component: ARM Compiler 5.06 update 6 (build 750) Tool: armlink [4d35ed]

==============================================================================

Section Cross References

    main.o(i.main) refers to rt_cmsis.o(i.osThreadGetId) for osThreadGetId
    main.o(i.main) refers to rt_cmsis.o(i.osKernelInitialize) for osKernelInitialize
    main.o(i.main) refers to ledthread.o(i.Init_led_thread) for Init_led_thread
    main.o(i.main) refers to keythread.o(i.Init_key_thread) for Init_key_thread
    main.o(i.main) refers to timeoutthread.o(i.Init_timeout_thread) for Init_timeout_thread
    main.o(i.main) refers to uartthread.o(i.Init_uart_receive_thread) for Init_uart_receive_thread
    main.o(i.main) refers to uartthread.o(i.Init_uart_send_thread) for Init_uart_send_thread
    main.o(i.main) refers to servothread.o(i.Init_servo_thread) for Init_servo_thread
    main.o(i.main) refers to rt_cmsis.o(i.osKernelStart) for osKernelStart
    main.o(i.main) refers to main.o(.data) for main_id
    ledthread.o(i.Init_led_thread) refers to rt_cmsis.o(i.osThreadCreate) for osThreadCreate
    ledthread.o(i.Init_led_thread) refers to ledthread.o(.constdata) for os_thread_def_led_thread
    ledthread.o(i.Init_led_thread) refers to ledthread.o(.data) for led_thread_id
    ledthread.o(i.led_thread) refers to led.o(i.LED_Initialize) for LED_Initialize
    ledthread.o(i.led_thread) refers to led.o(i.LED_On) for LED_On
    ledthread.o(i.led_thread) refers to rt_cmsis.o(i.osDelay) for osDelay
    ledthread.o(i.led_thread) refers to led.o(i.LED_Off) for LED_Off
    ledthread.o(.constdata) refers to ledthread.o(i.led_thread) for led_thread
    uartthread.o(i.Init_uart_receive_thread) refers to rt_cmsis.o(i.osThreadCreate) for osThreadCreate
    uartthread.o(i.Init_uart_receive_thread) refers to uartthread.o(.constdata) for os_thread_def_uart_receive_thread
    uartthread.o(i.Init_uart_receive_thread) refers to uartthread.o(.data) for uart1_receive_thread_id
    uartthread.o(i.Init_uart_send_thread) refers to rt_cmsis.o(i.osThreadCreate) for osThreadCreate
    uartthread.o(i.Init_uart_send_thread) refers to uartthread.o(.constdata) for os_thread_def_uart_send_thread
    uartthread.o(i.Init_uart_send_thread) refers to uartthread.o(.data) for uart1_send_thread_id
    uartthread.o(i.USART1_IRQHandler) refers to rt_cmsis.o(i.osSignalSet) for osSignalSet
    uartthread.o(i.USART1_IRQHandler) refers to uartthread.o(.data) for uart1_receive_thread_id
    uartthread.o(i.uart_receive_thread) refers to usart.o(i.uart_init) for uart_init
    uartthread.o(i.uart_receive_thread) refers to rt_cmsis.o(i.osPoolCreate) for osPoolCreate
    uartthread.o(i.uart_receive_thread) refers to rt_cmsis.o(i.osMessageCreate) for osMessageCreate
    uartthread.o(i.uart_receive_thread) refers to rt_cmsis.o(i.osSignalWait) for osSignalWait
    uartthread.o(i.uart_receive_thread) refers to rt_cmsis.o(i.osPoolAlloc) for osPoolAlloc
    uartthread.o(i.uart_receive_thread) refers to stm32f10x_usart.o(i.USART_ReceiveData) for USART_ReceiveData
    uartthread.o(i.uart_receive_thread) refers to rt_cmsis.o(i.osMessagePut) for osMessagePut
    uartthread.o(i.uart_receive_thread) refers to uartthread.o(.constdata) for os_pool_def_uart1_receive_mpool
    uartthread.o(i.uart_receive_thread) refers to uartthread.o(.data) for uart1_receive_mpool
    uartthread.o(i.uart_send_datas) refers to rt_cmsis.o(i.osSignalWait) for osSignalWait
    uartthread.o(i.uart_send_thread) refers to usart.o(i.uart_init) for uart_init
    uartthread.o(i.uart_send_thread) refers to rt_cmsis.o(i.osPoolCreate) for osPoolCreate
    uartthread.o(i.uart_send_thread) refers to rt_cmsis.o(i.osMessageCreate) for osMessageCreate
    uartthread.o(i.uart_send_thread) refers to rt_cmsis.o(i.osMessageGet) for osMessageGet
    uartthread.o(i.uart_send_thread) refers to uartthread.o(i.uart_send_datas) for uart_send_datas
    uartthread.o(i.uart_send_thread) refers to rt_cmsis.o(i.osPoolFree) for osPoolFree
    uartthread.o(i.uart_send_thread) refers to rt_cmsis.o(i.osSignalSet) for osSignalSet
    uartthread.o(i.uart_send_thread) refers to uartthread.o(.constdata) for os_pool_def_uart1_send_mpool
    uartthread.o(i.uart_send_thread) refers to uartthread.o(.data) for uart1_send_mpool
    uartthread.o(i.yu_prints) refers to memseta.o(.text) for __aeabi_memclr4
    uartthread.o(i.yu_prints) refers to printf8.o(i.__0snprintf$8) for __2snprintf
    uartthread.o(i.yu_prints) refers to strlen.o(.text) for strlen
    uartthread.o(i.yu_prints) refers to uartthread.o(i.yu_puts) for yu_puts
    uartthread.o(i.yu_puts) refers to rt_cmsis.o(i.osPoolAlloc) for osPoolAlloc
    uartthread.o(i.yu_puts) refers to rt_cmsis.o(i.osMessagePut) for osMessagePut
    uartthread.o(i.yu_puts) refers to rt_cmsis.o(i.osSignalWait) for osSignalWait
    uartthread.o(i.yu_puts) refers to uartthread.o(.data) for uart1_send_mpool
    uartthread.o(i.yu_readline) refers to strlen.o(.text) for strlen
[...]
    .ARM.Collect$$$$0000000A                 0x08000138   Section        0  entry8b.o(.ARM.Collect$$$$0000000A)
    .ARM.Collect$$$$0000000D                 0x08000138   Section        0  entry10a.o(.ARM.Collect$$$$0000000D)
    .ARM.Collect$$$$0000000F                 0x08000138   Section        0  entry11a.o(.ARM.Collect$$$$0000000F)
    .ARM.Collect$$$$000000FF                 0x08000138   Section        0  rtx_conf_cm.o(.ARM.Collect$$$$000000FF)
    .ARM.Collect$$$$00002712                 0x08000150   Section        4  entry2.o(.ARM.Collect$$$$00002712)
    __lit__00000000                          0x08000150   Data           4  entry2.o(.ARM.Collect$$$$00002712)
    .emb_text                                0x08000154   Section      304  hal_cm3.o(.emb_text)
    .text                                    0x08000284   Section       36  startup_stm32f10x_hd.o(.text)
    .text                                    0x080002a8   Section       36  init.o(.text)
    SVC_TABLE                                0x080002cc   Section        4  svc_table.o(SVC_TABLE)
    i.DMA1_Channel1_Event                    0x080002d0   Section        0  dma_stm32f10x.o(i.DMA1_Channel1_Event)
    i.DMA1_Channel1_IRQHandler               0x080002d4   Section        0  dma_stm32f10x.o(i.DMA1_Channel1_IRQHandler)
    i.DMA1_Channel2_Event                    0x080002f0   Section        0  dma_stm32f10x.o(i.DMA1_Channel2_Event)
    i.DMA1_Channel2_IRQHandler               0x080002f4   Section        0  dma_stm32f10x.o(i.DMA1_Channel2_IRQHandler)
    i.DMA1_Channel3_Event                    0x08000310   Section        0  dma_stm32f10x.o(i.DMA1_Channel3_Event)
    i.DMA1_Channel3_IRQHandler               0x08000314   Section        0  dma_stm32f10x.o(i.DMA1_Channel3_IRQHandler)
    i.DMA1_Channel4_Event                    0x08000330   Section        0  dma_stm32f10x.o(i.DMA1_Channel4_Event)
    i.DMA1_Channel4_IRQHandler               0x08000334   Section        0  dma_stm32f10x.o(i.DMA1_Channel4_IRQHandler)
    i.DMA1_Channel5_Event                    0x08000350   Section        0  dma_stm32f10x.o(i.DMA1_Channel5_Event)
    i.DMA1_Channel5_IRQHandler               0x08000354   Section        0  dma_stm32f10x.o(i.DMA1_Channel5_IRQHandler)
    i.DMA1_Channel6_Event                    0x08000370   Section        0  dma_stm32f10x.o(i.DMA1_Channel6_Event)
    i.DMA1_Channel6_IRQHandler               0x08000374   Section        0  dma_stm32f10x.o(i.DMA1_Channel6_IRQHandler)
    i.DMA1_Channel7_Event                    0x08000390   Section        0  dma_stm32f10x.o(i.DMA1_Channel7_Event)
    i.DMA1_Channel7_IRQHandler               0x08000394   Section        0  dma_stm32f10x.o(i.DMA1_Channel7_IRQHandler)
    i.DMA2_Channel1_Event                    0x080003b0   Section        0  dma_stm32f10x.o(i.DMA2_Channel1_Event)
    i.DMA2_Channel1_IRQHandler               0x080003b4   Section        0  dma_stm32f10x.o(i.DMA2_Channel1_IRQHandler)
    i.DMA2_Channel2_Event                    0x080003d0   Section        0  dma_stm32f10x.o(i.DMA2_Channel2_Event)
    i.DMA2_Channel2_IRQHandler               0x080003d4   Section        0  dma_stm32f10x.o(i.DMA2_Channel2_IRQHandler)
    i.DMA2_Channel3_Event                    0x080003f4   Section        0  dma_stm32f10x.o(i.DMA2_Channel3_Event)
    i.DMA2_Channel3_IRQHandler               0x080003f8   Section        0  dma_stm32f10x.o(i.DMA2_Channel3_IRQHandler)
    i.DMA2_Channel4_5_IRQHandler             0x08000418   Section        0  dma_stm32f10x.o(i.DMA2_Channel4_5_IRQHandler)
    i.DMA2_Channel4_Event                    0x08000450   Section        0  dma_stm32f10x.o(i.DMA2_Channel4_Event)
    i.DMA2_Channel5_Event                    0x08000452   Section        0  dma_stm32f10x.o(i.DMA2_Channel5_Event)
    i.EXTI15_10_IRQHandler                   0x08000454   Section        0  key.o(i.EXTI15_10_IRQHandler)
    i.EXTI1_IRQHandler                       0x0800047c   Section        0  key.o(i.EXTI1_IRQHandler)
    i.EXTI_Init                              0x080004a4   Section        0  stm32f10x_exti.o(i.EXTI_Init)
    i.GPIO_EXTILineConfig                    0x08000538   Section        0  stm32f10x_gpio.o(i.GPIO_EXTILineConfig)
    i.GPIO_GetPortClockState                 0x08000578   Section        0  gpio_stm32f10x.o(i.GPIO_GetPortClockState)
    i.GPIO_Init                              0x08000610   Section        0  stm32f10x_gpio.o(i.GPIO_Init)
    i.GPIO_PinConfigure                      0x08000726   Section        0  gpio_stm32f10x.o(i.GPIO_PinConfigure)
    i.GPIO_PortClock                         0x080007a0   Section        0  gpio_stm32f10x.o(i.GPIO_PortClock)
    i.Init_key_thread                        0x080008dc   Section        0  keythread.o(i.Init_key_thread)
    i.Init_led_thread                        0x08000904   Section        0  ledthread.o(i.Init_led_thread)
    i.Init_servo_thread                      0x0800092c   Section        0  servothread.o(i.Init_servo_thread)
    i.Init_timeout_thread                    0x08000954   Section        0  timeoutthread.o(i.Init_timeout_thread)
    i.Init_uart_receive_thread               0x0800097c   Section        0  uartthread.o(i.Init_uart_receive_thread)
    i.Init_uart_send_thread                  0x080009c0   Section        0  uartthread.o(i.Init_uart_send_thread)
    i.KEY_Init                               0x08000a04   Section        0  key.o(i.KEY_Init)
    i.LED_Initialize                         0x08000aa4   Section        0  led.o(i.LED_Initialize)
    i.LED_Off                                0x08000b00   Section        0  led.o(i.LED_Off)
    i.LED_On                                 0x08000b30   Section        0  led.o(i.LED_On)
    i.NVIC_Init                              0x08000b60   Section        0  misc.o(i.NVIC_Init)
    i.RCC_APB1PeriphClockCmd                 0x08000bd0   Section        0  stm32f10x_rcc.o(i.RCC_APB1PeriphClockCmd)
    i.RCC_APB1PeriphResetCmd                 0x08000bf0   Section        0  stm32f10x_rcc.o(i.RCC_APB1PeriphResetCmd)
    i.RCC_APB2PeriphClockCmd                 0x08000c10   Section        0  stm32f10x_rcc.o(i.RCC_APB2PeriphClockCmd)
    i.RCC_APB2PeriphResetCmd                 0x08000c30   Section        0  stm32f10x_rcc.o(i.RCC_APB2PeriphResetCmd)
    i.RCC_GetClocksFreq                      0x08000c50   Section        0  stm32f10x_rcc.o(i.RCC_GetClocksFreq)
    i.SetSysClock                            0x08000d24   Section        0  system_stm32f10x.o(i.SetSysClock)
    SetSysClock                              0x08000d25   Thumb Code     8  system_stm32f10x.o(i.SetSysClock)
    i.SetSysClockTo72                        0x08000d2c   Section        0  system_stm32f10x.o(i.SetSysClockTo72)
    SetSysClockTo72                          0x08000d2d   Thumb Code   214  system_stm32f10x.o(i.SetSysClockTo72)
    i.SystemInit                             0x08000e0c   Section        0  system_stm32f10x.o(i.SystemInit)
    i.TIM2_IRQHandler                        0x08000e6c   Section        0  timer2.o(i.TIM2_IRQHandler)
    i.TIM2_Int_Init                          0x08000ec4   Section        0  timer2.o(i.TIM2_Int_Init)
    i.TIM_Cmd                                0x08000f20   Section        0  stm32f10x_tim.o(i.TIM_Cmd)
    i.TIM_ITConfig                           0x08000f38   Section        0  stm32f10x_tim.o(i.TIM_ITConfig)
    i.TIM_TimeBaseInit                       0x08000f4c   Section        0  stm32f10x_tim.o(i.TIM_TimeBaseInit)
    i.USART1_IRQHandler                      0x08000ff0   Section        0  uartthread.o(i.USART1_IRQHandler)
    i.USART_ClearFlag                        0x08001058   Section        0  stm32f10x_usart.o(i.USART_ClearFlag)
    i.USART_Cmd                              0x0800106a   Section        0  stm32f10x_usart.o(i.USART_Cmd)
    i.USART_DeInit                           0x08001084   Section        0  stm32f10x_usart.o(i.USART_DeInit)
    i.USART_GetFlagStatus                    0x08001120   Section        0  stm32f10x_usart.o(i.USART_GetFlagStatus)
    i.USART_ITConfig                         0x0800113a   Section        0  stm32f10x_usart.o(i.USART_ITConfig)
    i.USART_Init                             0x08001184   Section        0  stm32f10x_usart.o(i.USART_Init)
    i.USART_ReceiveData                      0x0800125c   Section        0  stm32f10x_usart.o(i.USART_ReceiveData)
    i.__scatterload_copy                     0x08001266   Section       14  handlers.o(i.__scatterload_copy)
    i.__scatterload_null                     0x08001274   Section        2  handlers.o(i.__scatterload_null)
    i.__scatterload_zeroinit                 0x08001276   Section       14  handlers.o(i.__scatterload_zeroinit)
    i._init_box                              0x08001284   Section        0  rt_membox.o(i._init_box)
    i.crc_chk                                0x080012ca   Section        0  servomotor.o(i.crc_chk)
    i.crc_gen                                0x080012fa   Section        0  servomotor.o(i.crc_gen)
    i.dbg_init                               0x08001334   Section        0  hal_cm.o(i.dbg_init)
    i.dbg_task_notify                        0x08001364   Section        0  hal_cm.o(i.dbg_task_notify)
    i.dbg_task_switch                        0x08001384   Section        0  hal_cm.o(i.dbg_task_switch)
    i.isrMessageGet                          0x08001394   Section        0  rt_cmsis.o(i.isrMessageGet)
    i.isrMessagePut                          0x080013be   Section        0  rt_cmsis.o(i.isrMessagePut)
    i.isrSignalSet                           0x080013ea   Section        0  rt_cmsis.o(i.isrSignalSet)
    i.isr_evt_set                            0x08001410   Section        0  rt_event.o(i.isr_evt_set)
    i.isr_mbx_receive                        0x08001438   Section        0  rt_mailbox.o(i.isr_mbx_receive)
    i.isr_mbx_send                           0x0800148e   Section        0  rt_mailbox.o(i.isr_mbx_send)
    i.jog_enable                             0x0800149c   Section        0  servomotor.o(i.jog_enable)
    i.jog_forward_run                        0x080014ae   Section        0  servomotor.o(i.jog_forward_run)
    i.key_thread                             0x080014c0   Section        0  keythread.o(i.key_thread)
    i.led_thread                             0x08001544   Section        0  ledthread.o(i.led_thread)
    i.main                                   0x08001568   Section        0  main.o(i.main)
    i.osDelay                                0x080015a0   Section        0  rt_cmsis.o(i.osDelay)
    i.osKernelInitialize                     0x080015b8   Section        0  rt_cmsis.o(i.osKernelInitialize)
    i.osKernelStart                          0x080015dc   Section        0  rt_cmsis.o(i.osKernelStart)
    i.osMessageCreate                        0x08001648   Section        0  rt_cmsis.o(i.osMessageCreate)
    i.osMessageGet                           0x08001674   Section        0  rt_cmsis.o(i.osMessageGet)
    i.osMessagePut                           0x0800168c   Section        0  rt_cmsis.o(i.osMessagePut)
    i.osPoolAlloc                            0x080016a4   Section        0  rt_cmsis.o(i.osPoolAlloc)
    i.osPoolCreate                           0x080016c4   Section        0  rt_cmsis.o(i.osPoolCreate)
    i.osPoolFree                             0x080016f0   Section        0  rt_cmsis.o(i.osPoolFree)
    i.osSignalSet                            0x08001710   Section        0  rt_cmsis.o(i.osSignalSet)
    i.osSignalWait                           0x08001728   Section        0  rt_cmsis.o(i.osSignalWait)
    i.osThreadCreate                         0x08001740   Section        0  rt_cmsis.o(i.osThreadCreate)
    i.osThreadExit                           0x0800176c   Section        0  rt_cmsis.o(i.osThreadExit)
    i.osThreadGetId                          0x08001784   Section        0  rt_cmsis.o(i.osThreadGetId)
    i.osTimerCall                            0x0800179c   Section        0  rt_cmsis.o(i.osTimerCall)
    i.osTimerThread                          0x080017a8   Section        0  rt_cmsis.o(i.osTimerThread)
    i.os_error                               0x080017d4   Section        0  rtx_conf_cm.o(i.os_error)
    i.os_idle_demon                          0x080017f6   Section        0  rtx_conf_cm.o(i.os_idle_demon)
    i.os_tick_init                           0x080017fc   Section        0  rt_system.o(i.os_tick_init)
    i.os_tick_irqack                         0x08001824   Section        0  rt_system.o(i.os_tick_irqack)
    i.rt_alloc_box                           0x08001826   Section        0  rt_membox.o(i.rt_alloc_box)
    i.rt_alloc_mem                           0x08001840   Section        0  rt_memory.o(i.rt_alloc_mem)
    i.rt_block                               0x08001880   Section        0  rt_task.o(i.rt_block)
    i.rt_chk_robin                           0x080018b8   Section        0  rt_robin.o(i.rt_chk_robin)
    i.rt_dec_dly                             0x08001900   Section        0  rt_list.o(i.rt_dec_dly)
    i.rt_dispatch                            0x08001970   Section        0  rt_task.o(i.rt_dispatch)
    i.rt_dly_wait                            0x080019b4   Section        0  rt_time.o(i.rt_dly_wait)
    i.rt_evt_psh                             0x080019bc   Section        0  rt_event.o(i.rt_evt_psh)
    i.rt_evt_set                             0x08001a0c   Section        0  rt_event.o(i.rt_evt_set)
    i.rt_evt_wait                            0x08001a68   Section        0  rt_event.o(i.rt_evt_wait)
    i.rt_free_box                            0x08001aa4   Section        0  rt_membox.o(i.rt_free_box)
    i.rt_free_mem                            0x08001ad0   Section        0  rt_memory.o(i.rt_free_mem)
    i.rt_get_first                           0x08001af8   Section        0  rt_list.o(i.rt_get_first)
    i.rt_id2obj                              0x08001b20   Section        0  rt_cmsis.o(i.rt_id2obj)
    rt_id2obj                                0x08001b21   Thumb Code     8  rt_cmsis.o(i.rt_id2obj)
    i.rt_init_context                        0x08001b28   Section        0  rt_task.o(i.rt_init_context)
    rt_init_context                          0x08001b29   Thumb Code    66  rt_task.o(i.rt_init_context)
    i.rt_init_mem                            0x08001b70   Section        0  rt_memory.o(i.rt_init_mem)
    i.rt_init_robin                          0x08001b8c   Section        0  rt_robin.o(i.rt_init_robin)
    i.rt_init_stack                          0x08001ba4   Section        0  hal_cm.o(i.rt_init_stack)
    i.rt_mbx_check                           0x08001c24   Section        0  rt_mailbox.o(i.rt_mbx_check)
    i.rt_mbx_init                            0x08001c2c   Section        0  rt_mailbox.o(i.rt_mbx_init)
    i.rt_mbx_psh                             0x08001c48   Section        0  rt_mailbox.o(i.rt_mbx_psh)
    i.rt_mbx_send                            0x08001d38   Section        0  rt_mailbox.o(i.rt_mbx_send)
    i.rt_mbx_wait                            0x08001dd0   Section        0  rt_mailbox.o(i.rt_mbx_wait)
    i.rt_ms2tick                             0x08001e84   Section        0  rt_cmsis.o(i.rt_ms2tick)
    rt_ms2tick                               0x08001e85   Thumb Code    58  rt_cmsis.o(i.rt_ms2tick)
    i.rt_pop_req                             0x08001ec8   Section        0  rt_system.o(i.rt_pop_req)
    i.rt_psh_req                             0x08001f44   Section        0  rt_system.o(i.rt_psh_req)
    i.rt_psq_enq                             0x08001f64   Section        0  rt_list.o(i.rt_psq_enq)
    i.rt_put_dly                             0x08001fc0   Section        0  rt_list.o(i.rt_put_dly)
    i.rt_put_prio                            0x08002008   Section        0  rt_list.o(i.rt_put_prio)
    i.rt_put_rdy_first                       0x08002040   Section        0  rt_list.o(i.rt_put_rdy_first)
    i.rt_resort_prio                         0x08002054   Section        0  rt_list.o(i.rt_resort_prio)
    i.rt_ret_val                             0x08002088   Section        0  hal_cm.o(i.rt_ret_val)
    i.rt_ret_val2                            0x0800208e   Section        0  hal_cm.o(i.rt_ret_val2)
    i.rt_rmv_dly                             0x08002096   Section        0  rt_list.o(i.rt_rmv_dly)
    i.rt_rmv_list                            0x080020c0   Section        0  rt_list.o(i.rt_rmv_list)
    i.rt_sem_psh                             0x080020f0   Section        0  rt_semaphore.o(i.rt_sem_psh)
    i.rt_stk_check                           0x08002124   Section        0  rt_system.o(i.rt_stk_check)
    i.rt_switch_req                          0x08002148   Section        0  rt_task.o(i.rt_switch_req)
    i.rt_sys_init                            0x08002170   Section        0  rt_task.o(i.rt_sys_init)
    i.rt_sys_start                           0x0800223c   Section        0  rt_task.o(i.rt_sys_start)
    i.rt_systick                             0x080022b4   Section        0  rt_system.o(i.rt_systick)
    i.rt_tid2ptcb                            0x080022f4   Section        0  rt_cmsis.o(i.rt_tid2ptcb)
    rt_tid2ptcb                              0x080022f5   Thumb Code    18  rt_cmsis.o(i.rt_tid2ptcb)
    i.rt_timer_insert                        0x08002308   Section        0  rt_cmsis.o(i.rt_timer_insert)
    rt_timer_insert                          0x08002309   Thumb Code    48  rt_cmsis.o(i.rt_timer_insert)
    i.rt_tsk_create                          0x0800233c   Section        0  rt_task.o(i.rt_tsk_create)
    i.rt_tsk_delete                          0x080023c4   Section        0  rt_task.o(i.rt_tsk_delete)
    i.rt_tsk_prio                            0x08002540   Section        0  rt_task.o(i.rt_tsk_prio)
    i.rt_tsk_self                            0x080025bc   Section        0  rt_task.o(i.rt_tsk_self)
    i.servo_thread                           0x080025cc   Section        0  servothread.o(i.servo_thread)
    i.servo_transmission                     0x080025ec   Section        0  servomotor.o(i.servo_transmission)
    i.svcDelay                               0x080026c0   Section        0  rt_cmsis.o(i.svcDelay)
    i.svcKernelInitialize                    0x080026d4   Section        0  rt_cmsis.o(i.svcKernelInitialize)
    i.svcKernelStart                         0x08002744   Section        0  rt_cmsis.o(i.svcKernelStart)
    i.svcMessageCreate                       0x0800278c   Section        0  rt_cmsis.o(i.svcMessageCreate)
    i.svcMessageGet                          0x080027b0   Section        0  rt_cmsis.o(i.svcMessageGet)
    i.svcMessagePut                          0x080027ea   Section        0  rt_cmsis.o(i.svcMessagePut)
    i.svcPoolCreate                          0x08002820   Section        0  rt_cmsis.o(i.svcPoolCreate)
    i.svcSignalSet                           0x08002848   Section        0  rt_cmsis.o(i.svcSignalSet)
    i.svcSignalWait                          0x0800286c   Section        0  rt_cmsis.o(i.svcSignalWait)
    i.svcThreadCreate                        0x080028c0   Section        0  rt_cmsis.o(i.svcThreadCreate)
    i.svcThreadGetId                         0x0800292c   Section        0  rt_cmsis.o(i.svcThreadGetId)
    i.svcThreadTerminate                     0x08002948   Section        0  rt_cmsis.o(i.svcThreadTerminate)
    i.svcTimerCall                           0x08002980   Section        0  rt_cmsis.o(i.svcTimerCall)
    i.sysPoolAlloc                           0x08002998   Section        0  rt_cmsis.o(i.sysPoolAlloc)
    i.sysPoolFree                            0x080029a2   Section        0  rt_cmsis.o(i.sysPoolFree)
    i.sysTimerTick                           0x080029b8   Section        0  rt_cmsis.o(i.sysTimerTick)
    i.timeout_thread                         0x08002a14   Section        0  timeoutthread.o(i.timeout_thread)
    i.uart1_init                             0x08002a44   Section        0  usart.o(i.uart1_init)
    i.uart2_init                             0x08002b14   Section        0  usart.o(i.uart2_init)
    i.uart3_init                             0x08002be0   Section        0  usart.o(i.uart3_init)
    i.uart4_init                             0x08002cb0   Section        0  usart.o(i.uart4_init)
    i.uart_init                              0x08002d80   Section        0  usart.o(i.uart_init)
    i.uart_receive_thread                    0x08002db4   Section        0  uartthread.o(i.uart_receive_thread)
    i.uart_send_datas                        0x08002eb4   Section        0  uartthread.o(i.uart_send_datas)
    i.uart_send_thread                       0x08002ee8   Section        0  uartthread.o(i.uart_send_thread)
    i.write_word                             0x08002f94   Section        0  servomotor.o(i.write_word)
    .constdata                               0x08002fe8   Section       16  ledthread.o(.constdata)
    .constdata                               0x08002ff8   Section       72  uartthread.o(.constdata)
    .constdata                               0x08003040   Section       16  keythread.o(.constdata)
    .constdata                               0x08003050   Section       16  timeoutthread.o(.constdata)
    .constdata                               0x08003060   Section       16  servothread.o(.constdata)
    .constdata                               0x08003070   Section        8  led.o(.constdata)
    .constdata                               0x08003078   Section      104  rtx_conf_cm.o(.constdata)
    __tagsym$$used                           0x08003094   Number         0  rtx_conf_cm.o(.constdata)
    __tagsym$$used                           0x08003098   Number         0  rtx_conf_cm.o(.constdata)
    __tagsym$$used                           0x0800309c   Number         0  rtx_conf_cm.o(.constdata)
    __tagsym$$used                           0x080030a0   Number         0  rtx_conf_cm.o(.constdata)
    .data                                    0x20000000   Section        4  main.o(.data)
    .data                                    0x20000004   Section        4  ledthread.o(.data)
    .data                                    0x20000008   Section       34  uartthread.o(.data)
    .data                                    0x2000002c   Section       12  keythread.o(.data)
    .data                                    0x20000038   Section        4  timeoutthread.o(.data)
    .data                                    0x2000003c   Section        4  servothread.o(.data)
    .data                                    0x20000040   Section        2  key.o(.data)
    .data                                    0x20000044   Section       16  rtx_conf_cm.o(.data)
    .data                                    0x20000054   Section       20  stm32f10x_rcc.o(.data)
    APBAHBPrescTable                         0x20000054   Data          16  stm32f10x_rcc.o(.data)
    ADCPrescTable                            0x20000064   Data           4  stm32f10x_rcc.o(.data)
    .data                                    0x20000068   Section        8  rt_cmsis.o(.data)
    .data                                    0x20000070   Section        8  rt_task.o(.data)
    .data                                    0x20000078   Section        8  rt_system.o(.data)
    os_lock                                  0x20000078   Data           1  rt_system.o(.data)
    os_psh_flag                              0x20000079   Data           1  rt_system.o(.data)
    pend_flags                               0x2000007a   Data           1  rt_system.o(.data)
    .data                                    0x20000080   Section        4  rt_time.o(.data)
    .data                                    0x20000084   Section        1  hal_cm.o(.data)
    .data                                    0x20000088   Section        8  rt_robin.o(.data)
    .bss                                     0x20000090   Section      276  uartthread.o(.bss)
    .bss                                     0x200001a8   Section     9512  rtx_conf_cm.o(.bss)
    .bss                                     0x200026d0   Section       52  rt_task.o(.bss)
    .bss                                     0x20002704   Section       48  rt_list.o(.bss)
    STACK                                    0x20002738   Section     4096  startup_stm32f10x_hd.o(STACK)

    Global Symbols

    Symbol Name                              Value     Ov Type        Size  Object(Section)

    BuildAttributes$$THM_ISAv4$P$D$K$B$S$PE$A:L22UL41UL21$X:L11$S22US41US21$IEEE1$IW$USESV6$~STKCKD$USESV7$~SHL$OSPACE$ROPI$EBA8$MICROLIB$REQ8$PRES8$EABIv2 0x00000000   Number         0  anon$$obj.o ABSOLUTE
    __ARM_use_no_argv                        0x00000000   Number         0  main.o ABSOLUTE
    _printf_a                                0x00000000   Number         0  stubs.o ABSOLUTE
    _printf_c                                0x00000000   Number         0  stubs.o ABSOLUTE
    _printf_charcount                        0x00000000   Number         0  stubs.o ABSOLUTE
    _printf_d                                0x00000000   Number         0  stubs.o ABSOLUTE
    _printf_e                                0x00000000   Number         0  stubs.o ABSOLUTE
    _printf_f                                0x00000000   Number         0  stubs.o ABSOLUTE
    _printf_flags                            0x00000000   Number         0  stubs.o ABSOLUTE
    _printf_fp_dec                           0x00000000   Number         0  stubs.o ABSOLUTE
    _printf_fp_hex                           0x00000000   Number         0  stubs.o ABSOLUTE
    _printf_g                                0x00000000   Number         0  stubs.o ABSOLUTE
    _printf_i                                0x00000000   Number         0  stubs.o ABSOLUTE
    _printf_int_dec                          0x00000000   Number         0  stubs.o ABSOLUTE
    _printf_l                                0x00000000   Number         0  stubs.o ABSOLUTE
    _printf_lc                               0x00000000   Number         0  stubs.o ABSOLUTE
    _printf_ll                               0x00000000   Number         0  stubs.o ABSOLUTE
    _printf_lld                              0x00000000   Number         0  stubs.o ABSOLUTE
    _printf_lli                              0x00000000   Number         0  stubs.o ABSOLUTE
    _printf_llo                              0x00000000   Number         0  stubs.o ABSOLUTE
    _printf_llu                              0x00000000   Number         0  stubs.o ABSOLUTE
    _printf_llx                              0x00000000   Number         0  stubs.o ABSOLUTE
    _printf_longlong_dec                     0x00000000   Number         0  stubs.o ABSOLUTE
    _printf_longlong_hex                     0x00000000   Number         0  stubs.o ABSOLUTE
    _printf_longlong_oct                     0x00000000   Number         0  stubs.o ABSOLUTE
    _printf_ls                               0x00000000   Number         0  stubs.o ABSOLUTE
    _printf_mbtowc                           0x00000000   Number         0  stubs.o ABSOLUTE
    _printf_n                                0x00000000   Number         0  stubs.o ABSOLUTE
    _printf_o                                0x00000000   Number         0  stubs.o ABSOLUTE
    _printf_p                                0x00000000   Number         0  stubs.o ABSOLUTE
    _printf_percent                          0x00000000   Number         0  stubs.o ABSOLUTE
    _printf_pre_padding                      0x00000000   Number         0  stubs.o ABSOLUTE
    _printf_return_value                     0x00000000   Number         0  stubs.o ABSOLUTE
    _printf_s                                0x00000000   Number         0  stubs.o ABSOLUTE
    _printf_sizespec                         0x00000000   Number         0  stubs.o ABSOLUTE
    _printf_str                              0x00000000   Number         0  stubs.o ABSOLUTE
    _printf_truncate_signed                  0x00000000   Number         0  stubs.o ABSOLUTE
    _printf_truncate_unsigned                0x00000000   Number         0  stubs.o ABSOLUTE
    _printf_u                                0x00000000   Number         0  stubs.o ABSOLUTE
    _printf_wc                               0x00000000   Number         0  stubs.o ABSOLUTE
    _printf_wctomb                           0x00000000   Number         0  stubs.o ABSOLUTE
    _printf_widthprec                        0x00000000   Number         0  stubs.o ABSOLUTE
    _printf_x                                0x00000000   Number         0  stubs.o ABSOLUTE
    __cpp_initialize__aeabi_                  - Undefined Weak Reference
    __cxa_finalize                            - Undefined Weak Reference
    __decompress                              - Undefined Weak Reference
    _clock_init                               - Undefined Weak Reference
    _microlib_exit                            - Undefined Weak Reference
    __Vectors_Size                           0x00000130   Number         0  startup_stm32f10x_hd.o ABSOLUTE
    __RL_RTX_VER                             0x00000482   Number         0  rt_system.o ABSOLUTE
    __Vectors                                0x08000000   Data           4  startup_stm32f10x_hd.o(RESET)
    __Vectors_End                            0x08000130   Data           0  startup_stm32f10x_hd.o(RESET)
    __main                                   0x08000131   Thumb Code     0  entry.o(.ARM.Collect$$$$00000000)
    _main_stk                                0x08000131   Thumb Code     0  entry2.o(.ARM.Collect$$$$00000001)
    _main_scatterload                        0x08000135   Thumb Code     0  entry5.o(.ARM.Collect$$$$00000004)
    __main_after_scatterload                 0x08000139   Thumb Code     0  entry5.o(.ARM.Collect$$$$00000004)
    __rt_final_cpp                           0x08000139   Thumb Code     0  entry10a.o(.ARM.Collect$$$$0000000D)
    __rt_final_exit                          0x08000139   Thumb Code     0  entry11a.o(.ARM.Collect$$$$0000000F)
    _main_clock                              0x08000139   Thumb Code     0  entry7b.o(.ARM.Collect$$$$00000008)
    _main_cpp_init                           0x08000139   Thumb Code     0  entry8b.o(.ARM.Collect$$$$0000000A)
    _main_init                               0x08000139   Thumb Code    18  rtx_conf_cm.o(.ARM.Collect$$$$000000FF)
    rt_set_PSP                               0x08000155   Thumb Code     6  hal_cm3.o(.emb_text)
    rt_get_PSP                               0x0800015b   Thumb Code     6  hal_cm3.o(.emb_text)
    os_set_env                               0x08000161   Thumb Code    24  hal_cm3.o(.emb_text)
    _alloc_box                               0x0800017d   Thumb Code    28  hal_cm3.o(.emb_text)
    _free_box                                0x0800019d   Thumb Code    28  hal_cm3.o(.emb_text)
    SVC_Handler                              0x080001bd   Thumb Code   108  hal_cm3.o(.emb_text)
    PendSV_Handler                           0x08000235   Thumb Code    56  hal_cm3.o(.emb_text)
    SysTick_Handler                          0x08000271   Thumb Code     8  hal_cm3.o(.emb_text)
    OS_Tick_Handler                          0x08000279   Thumb Code    12  hal_cm3.o(.emb_text)
    Reset_Handler                            0x08000285   Thumb Code     8  startup_stm32f10x_hd.o(.text)
    NMI_Handler                              0x0800028d   Thumb Code     2  startup_stm32f10x_hd.o(.text)
    HardFault_Handler                        0x0800028f   Thumb Code     2  startup_stm32f10x_hd.o(.text)
    MemManage_Handler                        0x08000291   Thumb Code     2  startup_stm32f10x_hd.o(.text)
    BusFault_Handler                         0x08000293   Thumb Code     2  startup_stm32f10x_hd.o(.text)
    UsageFault_Handler                       0x08000295   Thumb Code     2  startup_stm32f10x_hd.o(.text)
    DebugMon_Handler                         0x08000299   Thumb Code     2  startup_stm32f10x_hd.o(.text)
    ADC1_2_IRQHandler                        0x0800029f   Thumb Code     0  startup_stm32f10x_hd.o(.text)
    ADC3_IRQHandler                          0x0800029f   Thumb Code     0  startup_stm32f10x_hd.o(.text)
    CAN1_RX1_IRQHandler                      0x0800029f   Thumb Code     0  startup_stm32f10x_hd.o(.text)
    CAN1_SCE_IRQHandler                      0x0800029f   Thumb Code     0  startup_stm32f10x_hd.o(.text)
    EXTI0_IRQHandler                         0x0800029f   Thumb Code     0  startup_stm32f10x_hd.o(.text)
    EXTI2_IRQHandler                         0x0800029f   Thumb Code     0  startup_stm32f10x_hd.o(.text)
    EXTI3_IRQHandler                         0x0800029f   Thumb Code     0  startup_stm32f10x_hd.o(.text)
    EXTI4_IRQHandler                         0x0800029f   Thumb Code     0  startup_stm32f10x_hd.o(.text)
    EXTI9_5_IRQHandler                       0x0800029f   Thumb Code     0  startup_stm32f10x_hd.o(.text)
    FLASH_IRQHandler                         0x0800029f   Thumb Code     0  startup_stm32f10x_hd.o(.text)
    FSMC_IRQHandler                          0x0800029f   Thumb Code     0  startup_stm32f10x_hd.o(.text)
    I2C1_ER_IRQHandler                       0x0800029f   Thumb Code     0  startup_stm32f10x_hd.o(.text)
    I2C1_EV_IRQHandler                       0x0800029f   Thumb Code     0  startup_stm32f10x_hd.o(.text)
    I2C2_ER_IRQHandler                       0x0800029f   Thumb Code     0  startup_stm32f10x_hd.o(.text)
    I2C2_EV_IRQHandler                       0x0800029f   Thumb Code     0  startup_stm32f10x_hd.o(.text)
    PVD_IRQHandler                           0x0800029f   Thumb Code     0  startup_stm32f10x_hd.o(.text)
    RCC_IRQHandler                           0x0800029f   Thumb Code     0  startup_stm32f10x_hd.o(.text)
    RTCAlarm_IRQHandler                      0x0800029f   Thumb Code     0  startup_stm32f10x_hd.o(.text)
    RTC_IRQHandler                           0x0800029f   Thumb Code     0  startup_stm32f10x_hd.o(.text)
    SDIO_IRQHandler                          0x0800029f   Thumb Code     0  startup_stm32f10x_hd.o(.text)
    SPI1_IRQHandler                          0x0800029f   Thumb Code     0  startup_stm32f10x_hd.o(.text)
    SPI2_IRQHandler                          0x0800029f   Thumb Code     0  startup_stm32f10x_hd.o(.text)
    SPI3_IRQHandler                          0x0800029f   Thumb Code     0  startup_stm32f10x_hd.o(.text)
    TAMPER_IRQHandler                        0x0800029f   Thumb Code     0  startup_stm32f10x_hd.o(.text)
    TIM1_BRK_IRQHandler                      0x0800029f   Thumb Code     0  startup_stm32f10x_hd.o(.text)
    TIM1_CC_IRQHandler                       0x0800029f   Thumb Code     0  startup_stm32f10x_hd.o(.text)
    TIM1_TRG_COM_IRQHandler                  0x0800029f   Thumb Code     0  startup_stm32f10x_hd.o(.text)
    TIM1_UP_IRQHandler                       0x0800029f   Thumb Code     0  startup_stm32f10x_hd.o(.text)
    TIM3_IRQHandler                          0x0800029f   Thumb Code     0  startup_stm32f10x_hd.o(.text)
    TIM4_IRQHandler                          0x0800029f   Thumb Code     0  startup_stm32f10x_hd.o(.text)
    TIM5_IRQHandler                          0x0800029f   Thumb Code     0  startup_stm32f10x_hd.o(.text)
    TIM6_IRQHandler                          0x0800029f   Thumb Code     0  startup_stm32f10x_hd.o(.text)
    TIM7_IRQHandler                          0x0800029f   Thumb Code     0  startup_stm32f10x_hd.o(.text)
    TIM8_BRK_IRQHandler                      0x0800029f   Thumb Code     0  startup_stm32f10x_hd.o(.text)
    TIM8_CC_IRQHandler                       0x0800029f   Thumb Code     0  startup_stm32f10x_hd.o(.text)
    TIM8_TRG_COM_IRQHandler                  0x0800029f   Thumb Code     0  startup_stm32f10x_hd.o(.text)
    TIM8_UP_IRQHandler                       0x0800029f   Thumb Code     0  startup_stm32f10x_hd.o(.text)
    UART4_IRQHandler                         0x0800029f   Thumb Code     0  startup_stm32f10x_hd.o(.text)
    UART5_IRQHandler                         0x0800029f   Thumb Code     0  startup_stm32f10x_hd.o(.text)
    USART2_IRQHandler                        0x0800029f   Thumb Code     0  startup_stm32f10x_hd.o(.text)
    USART3_IRQHandler                        0x0800029f   Thumb Code     0  startup_stm32f10x_hd.o(.text)
    USBWakeUp_IRQHandler                     0x0800029f   Thumb Code     0  startup_stm32f10x_hd.o(.text)
    USB_HP_CAN1_TX_IRQHandler                0x0800029f   Thumb Code     0  startup_stm32f10x_hd.o(.text)
    USB_LP_CAN1_RX0_IRQHandler               0x0800029f   Thumb Code     0  startup_stm32f10x_hd.o(.text)
    WWDG_IRQHandler                          0x0800029f   Thumb Code     0  startup_stm32f10x_hd.o(.text)
    __scatterload                            0x080002a9   Thumb Code    28  init.o(.text)
    __scatterload_rt2                        0x080002a9   Thumb Code     0  init.o(.text)
    SVC_Count                                0x080002cc   Data           4  svc_table.o(SVC_TABLE)
    DMA1_Channel1_Event                      0x080002d1   Thumb Code     2  dma_stm32f10x.o(i.DMA1_Channel1_Event)
    SVC_Table                                0x080002d0   Data           0  svc_table.o(SVC_TABLE)
    DMA1_Channel1_IRQHandler                 0x080002d5   Thumb Code    22  dma_stm32f10x.o(i.DMA1_Channel1_IRQHandler)
    DMA1_Channel2_Event                      0x080002f1   Thumb Code     2  dma_stm32f10x.o(i.DMA1_Channel2_Event)
    DMA1_Channel2_IRQHandler                 0x080002f5   Thumb Code    24  dma_stm32f10x.o(i.DMA1_Channel2_IRQHandler)
    DMA1_Channel3_Event                      0x08000311   Thumb Code     2  dma_stm32f10x.o(i.DMA1_Channel3_Event)
    DMA1_Channel3_IRQHandler                 0x08000315   Thumb Code    24  dma_stm32f10x.o(i.DMA1_Channel3_IRQHandler)
    DMA1_Channel4_Event                      0x08000331   Thumb Code     2  dma_stm32f10x.o(i.DMA1_Channel4_Event)
    DMA1_Channel4_IRQHandler                 0x08000335   Thumb Code    24  dma_stm32f10x.o(i.DMA1_Channel4_IRQHandler)
    DMA1_Channel5_Event                      0x08000351   Thumb Code     2  dma_stm32f10x.o(i.DMA1_Channel5_Event)
    DMA1_Channel5_IRQHandler                 0x08000355   Thumb Code    24  dma_stm32f10x.o(i.DMA1_Channel5_IRQHandler)
    DMA1_Channel6_Event                      0x08000371   Thumb Code     2  dma_stm32f10x.o(i.DMA1_Channel6_Event)
    DMA1_Channel6_IRQHandler                 0x08000375   Thumb Code    24  dma_stm32f10x.o(i.DMA1_Channel6_IRQHandler)
    DMA1_Channel7_Event                      0x08000391   Thumb Code     2  dma_stm32f10x.o(i.DMA1_Channel7_Event)
    DMA1_Channel7_IRQHandler                 0x08000395   Thumb Code    24  dma_stm32f10x.o(i.DMA1_Channel7_IRQHandler)
    DMA2_Channel1_Event                      0x080003b1   Thumb Code     2  dma_stm32f10x.o(i.DMA2_Channel1_Event)
    DMA2_Channel1_IRQHandler                 0x080003b5   Thumb Code    24  dma_stm32f10x.o(i.DMA2_Channel1_IRQHandler)
    DMA2_Channel2_Event                      0x080003d1   Thumb Code     2  dma_stm32f10x.o(i.DMA2_Channel2_Event)
    DMA2_Channel2_IRQHandler                 0x080003d5   Thumb Code    26  dma_stm32f10x.o(i.DMA2_Channel2_IRQHandler)
    DMA2_Channel3_Event                      0x080003f5   Thumb Code     2  dma_stm32f10x.o(i.DMA2_Channel3_Event)
    DMA2_Channel3_IRQHandler                 0x080003f9   Thumb Code    26  dma_stm32f10x.o(i.DMA2_Channel3_IRQHandler)
    DMA2_Channel4_5_IRQHandler               0x08000419   Thumb Code    52  dma_stm32f10x.o(i.DMA2_Channel4_5_IRQHandler)
    DMA2_Channel4_Event                      0x08000451   Thumb Code     2  dma_stm32f10x.o(i.DMA2_Channel4_Event)
    DMA2_Channel5_Event                      0x08000453   Thumb Code     2  dma_stm32f10x.o(i.DMA2_Channel5_Event)
    EXTI15_10_IRQHandler                     0x08000455   Thumb Code    26  key.o(i.EXTI15_10_IRQHandler)
    EXTI1_IRQHandler                         0x0800047d   Thumb Code    26  key.o(i.EXTI1_IRQHandler)
    EXTI_Init                                0x080004a5   Thumb Code   142  stm32f10x_exti.o(i.EXTI_Init)
    GPIO_EXTILineConfig                      0x08000539   Thumb Code    60  stm32f10x_gpio.o(i.GPIO_EXTILineConfig)
    GPIO_GetPortClockState                   0x08000579   Thumb Code   118  gpio_stm32f10x.o(i.GPIO_GetPortClockState)
    GPIO_Init                                0x08000611   Thumb Code   278  stm32f10x_gpio.o(i.GPIO_Init)
    GPIO_PinConfigure                        0x08000727   Thumb Code   120  gpio_stm32f10x.o(i.GPIO_PinConfigure)
    GPIO_PortClock                           0x080007a1   Thumb Code   284  gpio_stm32f10x.o(i.GPIO_PortClock)
    Init_key_thread                          0x080008dd   Thumb Code    30  keythread.o(i.Init_key_thread)
    Init_led_thread                          0x08000905   Thumb Code    30  ledthread.o(i.Init_led_thread)
    Init_servo_thread                        0x0800092d   Thumb Code    30  servothread.o(i.Init_servo_thread)
    Init_timeout_thread                      0x08000955   Thumb Code    30  timeoutthread.o(i.Init_timeout_thread)
    Init_uart_receive_thread                 0x0800097d   Thumb Code    60  uartthread.o(i.Init_uart_receive_thread)
    Init_uart_send_thread                    0x080009c1   Thumb Code    60  uartthread.o(i.Init_uart_send_thread)
    KEY_Init                                 0x08000a05   Thumb Code   154  key.o(i.KEY_Init)
    LED_Initialize                           0x08000aa5   Thumb Code    86  led.o(i.LED_Initialize)
    LED_Off                                  0x08000b01   Thumb Code    44  led.o(i.LED_Off)
    LED_On                                   0x08000b31   Thumb Code    44  led.o(i.LED_On)
    NVIC_Init                                0x08000b61   Thumb Code   100  misc.o(i.NVIC_Init)
    RCC_APB1PeriphClockCmd                   0x08000bd1   Thumb Code    26  stm32f10x_rcc.o(i.RCC_APB1PeriphClockCmd)
    RCC_APB1PeriphResetCmd                   0x08000bf1   Thumb Code    26  stm32f10x_rcc.o(i.RCC_APB1PeriphResetCmd)
    RCC_APB2PeriphClockCmd                   0x08000c11   Thumb Code    26  stm32f10x_rcc.o(i.RCC_APB2PeriphClockCmd)
    RCC_APB2PeriphResetCmd                   0x08000c31   Thumb Code    26  stm32f10x_rcc.o(i.RCC_APB2PeriphResetCmd)
    RCC_GetClocksFreq                        0x08000c51   Thumb Code   192  stm32f10x_rcc.o(i.RCC_GetClocksFreq)
    SystemInit                               0x08000e0d   Thumb Code    78  system_stm32f10x.o(i.SystemInit)
    TIM2_IRQHandler                          0x08000e6d   Thumb Code    72  timer2.o(i.TIM2_IRQHandler)
    TIM2_Int_Init                            0x08000ec5   Thumb Code    92  timer2.o(i.TIM2_Int_Init)
    TIM_Cmd                                  0x08000f21   Thumb Code    24  stm32f10x_tim.o(i.TIM_Cmd)
    TIM_ITConfig                             0x08000f39   Thumb Code    18  stm32f10x_tim.o(i.TIM_ITConfig)
    TIM_TimeBaseInit                         0x08000f4d   Thumb Code   122  stm32f10x_tim.o(i.TIM_TimeBaseInit)
    USART1_IRQHandler                        0x08000ff1   Thumb Code    84  uartthread.o(i.USART1_IRQHandler)
    USART_ClearFlag                          0x08001059   Thumb Code    18  stm32f10x_usart.o(i.USART_ClearFlag)
    USART_Cmd                                0x0800106b   Thumb Code    24  stm32f10x_usart.o(i.USART_Cmd)
    USART_DeInit                             0x08001085   Thumb Code   134  stm32f10x_usart.o(i.USART_DeInit)
    USART_GetFlagStatus                      0x08001121   Thumb Code    26  stm32f10x_usart.o(i.USART_GetFlagStatus)
    USART_ITConfig                           0x0800113b   Thumb Code    74  stm32f10x_usart.o(i.USART_ITConfig)
    USART_Init                               0x08001185   Thumb Code   210  stm32f10x_usart.o(i.USART_Init)
    USART_ReceiveData                        0x0800125d   Thumb Code    10  stm32f10x_usart.o(i.USART_ReceiveData)
    __scatterload_copy                       0x08001267   Thumb Code    14  handlers.o(i.__scatterload_copy)
    __scatterload_null                       0x08001275   Thumb Code     2  handlers.o(i.__scatterload_null)
    __scatterload_zeroinit                   0x08001277   Thumb Code    14  handlers.o(i.__scatterload_zeroinit)
    _init_box                                0x08001285   Thumb Code    70  rt_membox.o(i._init_box)
    crc_chk                                  0x080012cb   Thumb Code    48  servomotor.o(i.crc_chk)
    crc_gen                                  0x080012fb   Thumb Code    58  servomotor.o(i.crc_gen)
    dbg_init                                 0x08001335   Thumb Code    34  hal_cm.o(i.dbg_init)
    dbg_task_notify                          0x08001365   Thumb Code    32  hal_cm.o(i.dbg_task_notify)
    dbg_task_switch                          0x08001385   Thumb Code    16  hal_cm.o(i.dbg_task_switch)
    isrMessageGet                            0x08001395   Thumb Code    42  rt_cmsis.o(i.isrMessageGet)
    isrMessagePut                            0x080013bf   Thumb Code    44  rt_cmsis.o(i.isrMessagePut)
    isrSignalSet                             0x080013eb   Thumb Code    36  rt_cmsis.o(i.isrSignalSet)
    isr_evt_set                              0x08001411   Thumb Code    34  rt_event.o(i.isr_evt_set)
    isr_mbx_receive                          0x08001439   Thumb Code    86  rt_mailbox.o(i.isr_mbx_receive)
    isr_mbx_send                             0x0800148f   Thumb Code    14  rt_mailbox.o(i.isr_mbx_send)
    jog_enable                               0x0800149d   Thumb Code    18  servomotor.o(i.jog_enable)
    jog_forward_run                          0x080014af   Thumb Code    18  servomotor.o(i.jog_forward_run)
    key_thread                               0x080014c1   Thumb Code   112  keythread.o(i.key_thread)
    led_thread                               0x08001545   Thumb Code    36  ledthread.o(i.led_thread)
    main                                     0x08001569   Thumb Code    50  main.o(i.main)
    osDelay                                  0x080015a1   Thumb Code    18  rt_cmsis.o(i.osDelay)
    osKernelInitialize                       0x080015b9   Thumb Code    30  rt_cmsis.o(i.osKernelInitialize)
    osKernelStart                            0x080015dd   Thumb Code    98  rt_cmsis.o(i.osKernelStart)
    osMessageCreate                          0x08001649   Thumb Code    36  rt_cmsis.o(i.osMessageCreate)
    osMessageGet                             0x08001675   Thumb Code    18  rt_cmsis.o(i.osMessageGet)
    osMessagePut                             0x0800168d   Thumb Code    18  rt_cmsis.o(i.osMessagePut)
    osPoolAlloc                              0x080016a5   Thumb Code    26  rt_cmsis.o(i.osPoolAlloc)
    osPoolCreate                             0x080016c5   Thumb Code    36  rt_cmsis.o(i.osPoolCreate)
    osPoolFree                               0x080016f1   Thumb Code    26  rt_cmsis.o(i.osPoolFree)
    osSignalSet                              0x08001711   Thumb Code    18  rt_cmsis.o(i.osSignalSet)
    osSignalWait                             0x08001729   Thumb Code    18  rt_cmsis.o(i.osSignalWait)
    osThreadCreate                           0x08001741   Thumb Code    36  rt_cmsis.o(i.osThreadCreate)
    osThreadExit                             0x0800176d   Thumb Code    14  rt_cmsis.o(i.osThreadExit)
    osThreadGetId                            0x08001785   Thumb Code    18  rt_cmsis.o(i.osThreadGetId)
    osTimerCall                              0x0800179d   Thumb Code     8  rt_cmsis.o(i.osTimerCall)
    osTimerThread                            0x080017a9   Thumb Code    38  rt_cmsis.o(i.osTimerThread)
    os_error                                 0x080017d5   Thumb Code    34  rtx_conf_cm.o(i.os_error)
    os_idle_demon                            0x080017f7   Thumb Code     4  rtx_conf_cm.o(i.os_idle_demon)
    os_tick_init                             0x080017fd   Thumb Code    32  rt_system.o(i.os_tick_init)
    os_tick_irqack                           0x08001825   Thumb Code     2  rt_system.o(i.os_tick_irqack)
    rt_alloc_box                             0x08001827   Thumb Code    26  rt_membox.o(i.rt_alloc_box)
    rt_alloc_mem                             0x08001841   Thumb Code    62  rt_memory.o(i.rt_alloc_mem)
    rt_block                                 0x08001881   Thumb Code    48  rt_task.o(i.rt_block)
    rt_chk_robin                             0x080018b9   Thumb Code    60  rt_robin.o(i.rt_chk_robin)
    rt_dec_dly                               0x08001901   Thumb Code   102  rt_list.o(i.rt_dec_dly)
    rt_dispatch                              0x08001971   Thumb Code    60  rt_task.o(i.rt_dispatch)
    rt_dly_wait                              0x080019b5   Thumb Code     6  rt_time.o(i.rt_dly_wait)
    rt_evt_psh                               0x080019bd   Thumb Code    76  rt_event.o(i.rt_evt_psh)
    rt_evt_set                               0x08001a0d   Thumb Code    88  rt_event.o(i.rt_evt_set)
    rt_evt_wait                              0x08001a69   Thumb Code    56  rt_event.o(i.rt_evt_wait)
    rt_free_box                              0x08001aa5   Thumb Code    44  rt_membox.o(i.rt_free_box)
    rt_free_mem                              0x08001ad1   Thumb Code    40  rt_memory.o(i.rt_free_mem)
    rt_get_first                             0x08001af9   Thumb Code    40  rt_list.o(i.rt_get_first)
    rt_init_mem                              0x08001b71   Thumb Code    26  rt_memory.o(i.rt_init_mem)
    rt_init_robin                            0x08001b8d   Thumb Code    14  rt_robin.o(i.rt_init_robin)
    rt_init_stack                            0x08001ba5   Thumb Code   118  hal_cm.o(i.rt_init_stack)
    rt_mbx_check                             0x08001c25   Thumb Code     8  rt_mailbox.o(i.rt_mbx_check)
    rt_mbx_init                              0x08001c2d   Thumb Code    26  rt_mailbox.o(i.rt_mbx_init)
    rt_mbx_psh                               0x08001c49   Thumb Code   236  rt_mailbox.o(i.rt_mbx_psh)
    rt_mbx_send                              0x08001d39   Thumb Code   148  rt_mailbox.o(i.rt_mbx_send)
    rt_mbx_wait                              0x08001dd1   Thumb Code   174  rt_mailbox.o(i.rt_mbx_wait)
    rt_pop_req                               0x08001ec9   Thumb Code   112  rt_system.o(i.rt_pop_req)
    rt_psh_req                               0x08001f45   Thumb Code    22  rt_system.o(i.rt_psh_req)
    rt_psq_enq                               0x08001f65   Thumb Code    88  rt_list.o(i.rt_psq_enq)
    rt_put_dly                               0x08001fc1   Thumb Code    68  rt_list.o(i.rt_put_dly)
    rt_put_prio                              0x08002009   Thumb Code    54  rt_list.o(i.rt_put_prio)
    rt_put_rdy_first                         0x08002041   Thumb Code    14  rt_list.o(i.rt_put_rdy_first)
    rt_resort_prio                           0x08002055   Thumb Code    46  rt_list.o(i.rt_resort_prio)
    rt_ret_val                               0x08002089   Thumb Code     6  hal_cm.o(i.rt_ret_val)
    rt_ret_val2                              0x0800208f   Thumb Code     8  hal_cm.o(i.rt_ret_val2)
    rt_rmv_dly                               0x08002097   Thumb Code    40  rt_list.o(i.rt_rmv_dly)
    rt_rmv_list                              0x080020c1   Thumb Code    44  rt_list.o(i.rt_rmv_list)
    rt_sem_psh                               0x080020f1   Thumb Code    48  rt_semaphore.o(i.rt_sem_psh)
    rt_stk_check                             0x08002125   Thumb Code    28  rt_system.o(i.rt_stk_check)
    rt_switch_req                            0x08002149   Thumb Code    30  rt_task.o(i.rt_switch_req)
    rt_sys_init                              0x08002171   Thumb Code   138  rt_task.o(i.rt_sys_init)
    rt_sys_start                             0x0800223d   Thumb Code   110  rt_task.o(i.rt_sys_start)
    rt_systick                               0x080022b5   Thumb Code    50  rt_system.o(i.rt_systick)
    rt_tsk_create                            0x0800233d   Thumb Code   118  rt_task.o(i.rt_tsk_create)
    rt_tsk_delete                            0x080023c5   Thumb Code   352  rt_task.o(i.rt_tsk_delete)
    rt_tsk_prio                              0x08002541   Thumb Code   108  rt_task.o(i.rt_tsk_prio)
    rt_tsk_self                              0x080025bd   Thumb Code    12  rt_task.o(i.rt_tsk_self)
    servo_thread                             0x080025cd   Thumb Code    24  servothread.o(i.servo_thread)
    servo_transmission                       0x080025ed   Thumb Code   194  servomotor.o(i.servo_transmission)
    svcDelay                                 0x080026c1   Thumb Code    18  rt_cmsis.o(i.svcDelay)
    svcKernelInitialize                      0x080026d5   Thumb Code    80  rt_cmsis.o(i.svcKernelInitialize)
    svcKernelStart                           0x08002745   Thumb Code    62  rt_cmsis.o(i.svcKernelStart)
    svcMessageCreate                         0x0800278d   Thumb Code    36  rt_cmsis.o(i.svcMessageCreate)
    svcMessageGet                            0x080027b1   Thumb Code    58  rt_cmsis.o(i.svcMessageGet)
    svcMessagePut                            0x080027eb   Thumb Code    54  rt_cmsis.o(i.svcMessagePut)
    svcPoolCreate                            0x08002821   Thumb Code    40  rt_cmsis.o(i.svcPoolCreate)
    svcSignalSet                             0x08002849   Thumb Code    36  rt_cmsis.o(i.svcSignalSet)
    svcSignalWait                            0x0800286d   Thumb Code    80  rt_cmsis.o(i.svcSignalWait)
    svcThreadCreate                          0x080028c1   Thumb Code    96  rt_cmsis.o(i.svcThreadCreate)
    svcThreadGetId                           0x0800292d   Thumb Code    22  rt_cmsis.o(i.svcThreadGetId)
    svcThreadTerminate                       0x08002949   Thumb Code    50  rt_cmsis.o(i.svcThreadTerminate)
    svcTimerCall                             0x08002981   Thumb Code    24  rt_cmsis.o(i.svcTimerCall)
    sysPoolAlloc                             0x08002999   Thumb Code    10  rt_cmsis.o(i.sysPoolAlloc)
    sysPoolFree                              0x080029a3   Thumb Code    20  rt_cmsis.o(i.sysPoolFree)
    sysTimerTick                             0x080029b9   Thumb Code    84  rt_cmsis.o(i.sysTimerTick)
    timeout_thread                           0x08002a15   Thumb Code    40  timeoutthread.o(i.timeout_thread)
    uart1_init                               0x08002a45   Thumb Code   200  usart.o(i.uart1_init)
    uart2_init                               0x08002b15   Thumb Code   196  usart.o(i.uart2_init)
    uart3_init                               0x08002be1   Thumb Code   200  usart.o(i.uart3_init)
    uart4_init                               0x08002cb1   Thumb Code   200  usart.o(i.uart4_init)
    uart_init                                0x08002d81   Thumb Code    50  usart.o(i.uart_init)
    uart_receive_thread                      0x08002db5   Thumb Code   214  uartthread.o(i.uart_receive_thread)
    uart_send_datas                          0x08002eb5   Thumb Code    52  uartthread.o(i.uart_send_datas)
    uart_send_thread                         0x08002ee9   Thumb Code   148  uartthread.o(i.uart_send_thread)
    write_word                               0x08002f95   Thumb Code    84  servomotor.o(i.write_word)
    os_thread_def_led_thread                 0x08002fe8   Data          16  ledthread.o(.constdata)
    os_pool_def_uart1_send_mpool             0x08002ff8   Data          12  uartthread.o(.constdata)
    os_messageQ_def_uart1_send_queue         0x08003004   Data           8  uartthread.o(.constdata)
    os_pool_def_uart1_receive_mpool          0x0800300c   Data          12  uartthread.o(.constdata)
    os_messageQ_def_uart1_receive_queue      0x08003018   Data           8  uartthread.o(.constdata)
    os_thread_def_uart_send_thread           0x08003020   Data          16  uartthread.o(.constdata)
    os_thread_def_uart_receive_thread        0x08003030   Data          16  uartthread.o(.constdata)
    os_thread_def_key_thread                 0x08003040   Data          16  keythread.o(.constdata)
    os_thread_def_timeout_thread             0x08003050   Data          16  timeoutthread.o(.constdata)
    os_thread_def_servo_thread               0x08003060   Data          16  servothread.o(.constdata)
    Pin_LED                                  0x08003070   Data           8  led.o(.constdata)
    os_maxtaskrun                            0x08003078   Data           2  rtx_conf_cm.o(.constdata)
    os_stackinfo                             0x0800307c   Data           4  rtx_conf_cm.o(.constdata)
    os_rrobin                                0x08003080   Data           4  rtx_conf_cm.o(.constdata)
    os_tickfreq                              0x08003084   Data           4  rtx_conf_cm.o(.constdata)
    os_tickus_i                              0x08003088   Data           2  rtx_conf_cm.o(.constdata)
    os_tickus_f                              0x0800308a   Data           2  rtx_conf_cm.o(.constdata)
    os_trv                                   0x0800308c   Data           4  rtx_conf_cm.o(.constdata)
    os_flags                                 0x08003090   Data           1  rtx_conf_cm.o(.constdata)
    CMSIS_RTOS_API_Version                   0x08003094   Data           4  rtx_conf_cm.o(.constdata)
    CMSIS_RTOS_RTX_Version                   0x08003098   Data           4  rtx_conf_cm.o(.constdata)
    os_clockrate                             0x0800309c   Data           4  rtx_conf_cm.o(.constdata)
    os_timernum                              0x080030a0   Data           4  rtx_conf_cm.o(.constdata)
    mp_tcb_size                              0x080030a4   Data           2  rtx_conf_cm.o(.constdata)
    mp_stk_size                              0x080030a8   Data           4  rtx_conf_cm.o(.constdata)
    os_stack_sz                              0x080030ac   Data           4  rtx_conf_cm.o(.constdata)
    os_fifo_size                             0x080030b0   Data           1  rtx_conf_cm.o(.constdata)
    os_thread_def_osTimerThread              0x080030b4   Data          16  rtx_conf_cm.o(.constdata)
    os_messageQ_def_osTimerMessageQ          0x080030c4   Data           8  rtx_conf_cm.o(.constdata)
    mp_tmr_size                              0x080030cc   Data           2  rtx_conf_cm.o(.constdata)
    os_thread_def_main                       0x080030d0   Data          16  rtx_conf_cm.o(.constdata)
    Region$$Table$$Base                      0x080030e0   Number         0  anon$$obj.o(Region$$Table)
    Region$$Table$$Limit                     0x08003100   Number         0  anon$$obj.o(Region$$Table)
    main_id                                  0x20000000   Data           4  main.o(.data)
    led_thread_id                            0x20000004   Data           4  ledthread.o(.data)
    uart1_send_mpool                         0x20000008   Data           4  uartthread.o(.data)
    uart1_send_queue                         0x2000000c   Data           4  uartthread.o(.data)
    uart1_receive_mpool                      0x20000010   Data           4  uartthread.o(.data)
    uart1_receive_queue                      0x20000014   Data           4  uartthread.o(.data)
    uart1_send_thread_id                     0x20000018   Data           4  uartthread.o(.data)
    uart1_receive_thread_id                  0x2000001c   Data           4  uartthread.o(.data)
    uart1_current_send_thread_id             0x20000020   Data           4  uartthread.o(.data)
    uart1_frame_start                        0x20000024   Data           1  uartthread.o(.data)
    uart1_receive_timerstart                 0x20000025   Data           1  uartthread.o(.data)
    uart1_receive_timecount                  0x20000026   Data           1  uartthread.o(.data)
    uart1_receive_overtime                   0x20000027   Data           1  uartthread.o(.data)
    uart1_receive_datacount                  0x20000028   Data           2  uartthread.o(.data)
    key_thread_id                            0x2000002c   Data           4  keythread.o(.data)
    current_key0_focus_thread_id             0x20000030   Data           4  keythread.o(.data)
    current_key1_focus_thread_id             0x20000034   Data           4  keythread.o(.data)
    timeout_thread_id                        0x20000038   Data           4  timeoutthread.o(.data)
    servo_thread_id                          0x2000003c   Data           4  servothread.o(.data)
    key0_press_falg                          0x20000040   Data           1  key.o(.data)
    key1_press_falg                          0x20000041   Data           1  key.o(.data)
    osThreadId_osTimerThread                 0x20000044   Data           4  rtx_conf_cm.o(.data)
    osMessageQId_osTimerMessageQ             0x20000048   Data           4  rtx_conf_cm.o(.data)
    os_tmr                                   0x2000004c   Data           4  rtx_conf_cm.o(.data)
    m_tmr                                    0x20000050   Data           4  rtx_conf_cm.o(.data)
    os_initialized                           0x20000068   Data           1  rt_cmsis.o(.data)
    os_running                               0x20000069   Data           1  rt_cmsis.o(.data)
    os_timer_head                            0x2000006c   Data           4  rt_cmsis.o(.data)
    os_tsk                                   0x20000070   Data           8  rt_task.o(.data)
    os_tick_irqn                             0x2000007c   Data           4  rt_system.o(.data)
    os_time                                  0x20000080   Data           4  rt_time.o(.data)
    dbg_msg                                  0x20000084   Data           1  hal_cm.o(.data)
    os_robin                                 0x20000088   Data           8  rt_robin.o(.data)
    os_pool_m_uart1_send_mpool               0x20000090   Data          20  uartthread.o(.bss)
    os_messageQ_q_uart1_send_queue           0x200000a4   Data          20  uartthread.o(.bss)
    os_pool_m_uart1_receive_mpool            0x200000b8   Data         216  uartthread.o(.bss)
    os_messageQ_q_uart1_receive_queue        0x20000190   Data          20  uartthread.o(.bss)
    mp_tcb                                   0x200001a8   Data        1104  rtx_conf_cm.o(.bss)
    mp_stk                                   0x200005f8   Data        3616  rtx_conf_cm.o(.bss)
    os_stack_mem                             0x20001418   Data        4544  rtx_conf_cm.o(.bss)
    os_fifo                                  0x200025d8   Data         132  rtx_conf_cm.o(.bss)
    os_active_TCB                            0x2000265c   Data          84  rtx_conf_cm.o(.bss)
    os_messageQ_q_osTimerMessageQ            0x200026b0   Data          32  rtx_conf_cm.o(.bss)
    os_idle_TCB                              0x200026d0   Data          52  rt_task.o(.bss)
    os_rdy                                   0x20002704   Data          24  rt_list.o(.bss)
    os_dly                                   0x2000271c   Data          24  rt_list.o(.bss)
    __initial_sp                             0x20003738   Data           0  startup_stm32f10x_hd.o(STACK)



==============================================================================

Memory Map of the image

  Image Entry point : 0x08000131

  Load Region LR_IROM1 (Base: 0x08000000, Size: 0x00003190, Max: 0x00040000, ABSOLUTE)

    Execution Region ER_IROM1 (Exec base: 0x08000000, Load base: 0x08000000, Size: 0x00003100, Max: 0x00040000, ABSOLUTE)

    Exec Addr    Load Addr    Size         Type   Attr      Idx    E Section Name        Object

    0x08000000   0x08000000   0x00000130   Data   RO         4298    RESET               startup_stm32f10x_hd.o
    0x08000130   0x08000130   0x00000000   Code   RO         5557  * .ARM.Collect$$$$00000000  mc_w.l(entry.o)
    0x08000130   0x08000130   0x00000004   Code   RO         5827    .ARM.Collect$$$$00000001  mc_w.l(entry2.o)
    0x08000134   0x08000134   0x00000004   Code   RO         5830    .ARM.Collect$$$$00000004  mc_w.l(entry5.o)
    0x08000138   0x08000138   0x00000000   Code   RO         5832    .ARM.Collect$$$$00000008  mc_w.l(entry7b.o)
    0x08000138   0x08000138   0x00000000   Code   RO         5834    .ARM.Collect$$$$0000000A  mc_w.l(entry8b.o)
    0x08000138   0x08000138   0x00000000   Code   RO         5835    .ARM.Collect$$$$0000000D  mc_w.l(entry10a.o)
    0x08000138   0x08000138   0x00000000   Code   RO         5837    .ARM.Collect$$$$0000000F  mc_w.l(entry11a.o)
    0x08000138   0x08000138   0x00000018   Code   RO          760    .ARM.Collect$$$$000000FF  rtx_conf_cm.o
    0x08000150   0x08000150   0x00000004   Code   RO         5828    .ARM.Collect$$$$00002712  mc_w.l(entry2.o)
    0x08000154   0x08000154   0x00000130   Code   RO         5544    .emb_text           RTX_CM3.lib(hal_cm3.o)
    0x08000284   0x08000284   0x00000024   Code   RO         4299    .text               startup_stm32f10x_hd.o
    0x080002a8   0x080002a8   0x00000024   Code   RO         5859    .text               mc_w.l(init.o)
    0x080002cc   0x080002cc   0x00000004   Code   RO         5554    SVC_TABLE           RTX_CM3.lib(svc_table.o)
    0x080002d0   0x080002d0   0x00000002   Code   RO         4041    i.DMA1_Channel1_Event  dma_stm32f10x.o
    0x080002d2   0x080002d2   0x00000002   PAD
    0x080002d4   0x080002d4   0x0000001c   Code   RO         4042    i.DMA1_Channel1_IRQHandler  dma_stm32f10x.o
    0x080002f0   0x080002f0   0x00000002   Code   RO         4043    i.DMA1_Channel2_Event  dma_stm32f10x.o
    0x080002f2   0x080002f2   0x00000002   PAD
    0x080002f4   0x080002f4   0x0000001c   Code   RO         4044    i.DMA1_Channel2_IRQHandler  dma_stm32f10x.o
    0x08000310   0x08000310   0x00000002   Code   RO         4045    i.DMA1_Channel3_Event  dma_stm32f10x.o
    0x08000312   0x08000312   0x00000002   PAD
    0x08000314   0x08000314   0x0000001c   Code   RO         4046    i.DMA1_Channel3_IRQHandler  dma_stm32f10x.o
    0x08000330   0x08000330   0x00000002   Code   RO         4047    i.DMA1_Channel4_Event  dma_stm32f10x.o
    0x08000332   0x08000332   0x00000002   PAD
    0x08000334   0x08000334   0x0000001c   Code   RO         4048    i.DMA1_Channel4_IRQHandler  dma_stm32f10x.o
    0x08000350   0x08000350   0x00000002   Code   RO         4049    i.DMA1_Channel5_Event  dma_stm32f10x.o
    0x08000352   0x08000352   0x00000002   PAD
    0x08000354   0x08000354   0x0000001c   Code   RO         4050    i.DMA1_Channel5_IRQHandler  dma_stm32f10x.o
    0x08000370   0x08000370   0x00000002   Code   RO         4051    i.DMA1_Channel6_Event  dma_stm32f10x.o
    0x08000372   0x08000372   0x00000002   PAD
    0x08000374   0x08000374   0x0000001c   Code   RO         4052    i.DMA1_Channel6_IRQHandler  dma_stm32f10x.o
    0x08000390   0x08000390   0x00000002   Code   RO         4053    i.DMA1_Channel7_Event  dma_stm32f10x.o
    0x08000392   0x08000392   0x00000002   PAD
    0x08000394   0x08000394   0x0000001c   Code   RO         4054    i.DMA1_Channel7_IRQHandler  dma_stm32f10x.o
    0x080003b0   0x080003b0   0x00000002   Code   RO         4055    i.DMA2_Channel1_Event  dma_stm32f10x.o
    0x080003b2   0x080003b2   0x00000002   PAD
    0x080003b4   0x080003b4   0x0000001c   Code   RO         4056    i.DMA2_Channel1_IRQHandler  dma_stm32f10x.o
    0x080003d0   0x080003d0   0x00000002   Code   RO         4057    i.DMA2_Channel2_Event  dma_stm32f10x.o
    0x080003d2   0x080003d2   0x00000002   PAD
    0x080003d4   0x080003d4   0x00000020   Code   RO         4058    i.DMA2_Channel2_IRQHandler  dma_stm32f10x.o
    0x080003f4   0x080003f4   0x00000002   Code   RO         4059    i.DMA2_Channel3_Event  dma_stm32f10x.o
    0x080003f6   0x080003f6   0x00000002   PAD
    0x080003f8   0x080003f8   0x00000020   Code   RO         4060    i.DMA2_Channel3_IRQHandler  dma_stm32f10x.o
    0x08000418   0x08000418   0x00000038   Code   RO         4061    i.DMA2_Channel4_5_IRQHandler  dma_stm32f10x.o
    0x08000450   0x08000450   0x00000002   Code   RO         4062    i.DMA2_Channel4_Event  dma_stm32f10x.o
    0x08000452   0x08000452   0x00000002   Code   RO         4064    i.DMA2_Channel5_Event  dma_stm32f10x.o
    0x08000454   0x08000454   0x00000028   Code   RO          603    i.EXTI15_10_IRQHandler  key.o
    0x0800047c   0x0800047c   0x00000028   Code   RO          604    i.EXTI1_IRQHandler  key.o
    0x080004a4   0x080004a4   0x00000094   Code   RO         1709    i.EXTI_Init         stm32f10x_exti.o
    0x08000538   0x08000538   0x00000040   Code   RO         2090    i.GPIO_EXTILineConfig  stm32f10x_gpio.o
    0x08000578   0x08000578   0x00000098   Code   RO         4255    i.GPIO_GetPortClockState  gpio_stm32f10x.o
    0x08000610   0x08000610   0x00000116   Code   RO         2093    i.GPIO_Init         stm32f10x_gpio.o
    0x08000726   0x08000726   0x00000078   Code   RO         4256    i.GPIO_PinConfigure  gpio_stm32f10x.o
    0x0800079e   0x0800079e   0x00000002   PAD
    0x080007a0   0x080007a0   0x0000013c   Code   RO         4257    i.GPIO_PortClock    gpio_stm32f10x.o
    0x080008dc   0x080008dc   0x00000028   Code   RO          322    i.Init_key_thread   keythread.o
    0x08000904   0x08000904   0x00000028   Code   RO          186    i.Init_led_thread   ledthread.o
    0x0800092c   0x0800092c   0x00000028   Code   RO          404    i.Init_servo_thread  servothread.o
    0x08000954   0x08000954   0x00000028   Code   RO          359    i.Init_timeout_thread  timeoutthread.o
    0x0800097c   0x0800097c   0x00000044   Code   RO          215    i.Init_uart_receive_thread  uartthread.o
    0x080009c0   0x080009c0   0x00000044   Code   RO          216    i.Init_uart_send_thread  uartthread.o
    0x08000a04   0x08000a04   0x000000a0   Code   RO          605    i.KEY_Init          key.o
    0x08000aa4   0x08000aa4   0x0000005c   Code   RO          446    i.LED_Initialize    led.o
    0x08000b00   0x08000b00   0x00000030   Code   RO          447    i.LED_Off           led.o
    0x08000b30   0x08000b30   0x00000030   Code   RO          448    i.LED_On            led.o
    0x08000b60   0x08000b60   0x00000070   Code   RO          798    i.NVIC_Init         misc.o
    0x08000bd0   0x08000bd0   0x00000020   Code   RO         2557    i.RCC_APB1PeriphClockCmd  stm32f10x_rcc.o
    0x08000bf0   0x08000bf0   0x00000020   Code   RO         2558    i.RCC_APB1PeriphResetCmd  stm32f10x_rcc.o
    0x08000c10   0x08000c10   0x00000020   Code   RO         2559    i.RCC_APB2PeriphClockCmd  stm32f10x_rcc.o
    0x08000c30   0x08000c30   0x00000020   Code   RO         2560    i.RCC_APB2PeriphResetCmd  stm32f10x_rcc.o
    0x08000c50   0x08000c50   0x000000d4   Code   RO         2567    i.RCC_GetClocksFreq  stm32f10x_rcc.o
    0x08000d24   0x08000d24   0x00000008   Code   RO         4306    i.SetSysClock       system_stm32f10x.o
    0x08000d2c   0x08000d2c   0x000000e0   Code   RO         4307    i.SetSysClockTo72   system_stm32f10x.o
    0x08000e0c   0x08000e0c   0x00000060   Code   RO         4309    i.SystemInit        system_stm32f10x.o
    0x08000e6c   0x08000e6c   0x00000058   Code   RO          566    i.TIM2_IRQHandler   timer2.o
    0x08000ec4   0x08000ec4   0x0000005c   Code   RO          567    i.TIM2_Int_Init     timer2.o
    0x08000f20   0x08000f20   0x00000018   Code   RO         3239    i.TIM_Cmd           stm32f10x_tim.o
    0x08000f38   0x08000f38   0x00000012   Code   RO         3264    i.TIM_ITConfig      stm32f10x_tim.o
    0x08000f4a   0x08000f4a   0x00000002   PAD
    0x08000f4c   0x08000f4c   0x000000a4   Code   RO         3310    i.TIM_TimeBaseInit  stm32f10x_tim.o
    0x08000ff0   0x08000ff0   0x00000068   Code   RO          218    i.USART1_IRQHandler  uartthread.o
    0x08001058   0x08001058   0x00000012   Code   RO         3783    i.USART_ClearFlag   stm32f10x_usart.o
    0x0800106a   0x0800106a   0x00000018   Code   RO         3787    i.USART_Cmd         stm32f10x_usart.o
    0x08001082   0x08001082   0x00000002   PAD
    0x08001084   0x08001084   0x0000009c   Code   RO         3789    i.USART_DeInit      stm32f10x_usart.o
    0x08001120   0x08001120   0x0000001a   Code   RO         3790    i.USART_GetFlagStatus  stm32f10x_usart.o
    0x0800113a   0x0800113a   0x0000004a   Code   RO         3793    i.USART_ITConfig    stm32f10x_usart.o
    0x08001184   0x08001184   0x000000d8   Code   RO         3794    i.USART_Init        stm32f10x_usart.o
    0x0800125c   0x0800125c   0x0000000a   Code   RO         3801    i.USART_ReceiveData  stm32f10x_usart.o
    0x08001266   0x08001266   0x0000000e   Code   RO         5869    i.__scatterload_copy  mc_w.l(handlers.o)
    0x08001274   0x08001274   0x00000002   Code   RO         5870    i.__scatterload_null  mc_w.l(handlers.o)
    0x08001276   0x08001276   0x0000000e   Code   RO         5871    i.__scatterload_zeroinit  mc_w.l(handlers.o)
    0x08001284   0x08001284   0x00000046   Code   RO         5422    i._init_box         RTX_CM3.lib(rt_membox.o)
    0x080012ca   0x080012ca   0x00000030   Code   RO          646    i.crc_chk           servomotor.o
    0x080012fa   0x080012fa   0x0000003a   Code   RO          647    i.crc_gen           servomotor.o
    0x08001334   0x08001334   0x00000030   Code   RO         5475    i.dbg_init          RTX_CM3.lib(hal_cm.o)
    0x08001364   0x08001364   0x00000020   Code   RO         5476    i.dbg_task_notify   RTX_CM3.lib(hal_cm.o)
    0x08001384   0x08001384   0x00000010   Code   RO         5477    i.dbg_task_switch   RTX_CM3.lib(hal_cm.o)
    0x08001394   0x08001394   0x0000002a   Code   RO         4352    i.isrMessageGet     RTX_CM3.lib(rt_cmsis.o)
    0x080013be   0x080013be   0x0000002c   Code   RO         4353    i.isrMessagePut     RTX_CM3.lib(rt_cmsis.o)
    0x080013ea   0x080013ea   0x00000024   Code   RO         4355    i.isrSignalSet      RTX_CM3.lib(rt_cmsis.o)
    0x0800140e   0x0800140e   0x00000002   PAD
    0x08001410   0x08001410   0x00000028   Code   RO         5146    i.isr_evt_set       RTX_CM3.lib(rt_event.o)
    0x08001438   0x08001438   0x00000056   Code   RO         5268    i.isr_mbx_receive   RTX_CM3.lib(rt_mailbox.o)
    0x0800148e   0x0800148e   0x0000000e   Code   RO         5269    i.isr_mbx_send      RTX_CM3.lib(rt_mailbox.o)
    0x0800149c   0x0800149c   0x00000012   Code   RO          649    i.jog_enable        servomotor.o
    0x080014ae   0x080014ae   0x00000012   Code   RO          650    i.jog_forward_run   servomotor.o
    0x080014c0   0x080014c0   0x00000084   Code   RO          323    i.key_thread        keythread.o
    0x08001544   0x08001544   0x00000024   Code   RO          187    i.led_thread        ledthread.o
    0x08001568   0x08001568   0x00000038   Code   RO            4    i.main              main.o
    0x080015a0   0x080015a0   0x00000018   Code   RO         4356    i.osDelay           RTX_CM3.lib(rt_cmsis.o)
    0x080015b8   0x080015b8   0x00000024   Code   RO         4357    i.osKernelInitialize  RTX_CM3.lib(rt_cmsis.o)
    0x080015dc   0x080015dc   0x0000006c   Code   RO         4359    i.osKernelStart     RTX_CM3.lib(rt_cmsis.o)
    0x08001648   0x08001648   0x0000002c   Code   RO         4367    i.osMessageCreate   RTX_CM3.lib(rt_cmsis.o)
    0x08001674   0x08001674   0x00000018   Code   RO         4368    i.osMessageGet      RTX_CM3.lib(rt_cmsis.o)
    0x0800168c   0x0800168c   0x00000018   Code   RO         4369    i.osMessagePut      RTX_CM3.lib(rt_cmsis.o)
    0x080016a4   0x080016a4   0x00000020   Code   RO         4374    i.osPoolAlloc       RTX_CM3.lib(rt_cmsis.o)
    0x080016c4   0x080016c4   0x0000002c   Code   RO         4376    i.osPoolCreate      RTX_CM3.lib(rt_cmsis.o)
    0x080016f0   0x080016f0   0x00000020   Code   RO         4377    i.osPoolFree        RTX_CM3.lib(rt_cmsis.o)
    0x08001710   0x08001710   0x00000018   Code   RO         4383    i.osSignalSet       RTX_CM3.lib(rt_cmsis.o)
    0x08001728   0x08001728   0x00000018   Code   RO         4384    i.osSignalWait      RTX_CM3.lib(rt_cmsis.o)
    0x08001740   0x08001740   0x0000002c   Code   RO         4385    i.osThreadCreate    RTX_CM3.lib(rt_cmsis.o)
    0x0800176c   0x0800176c   0x00000018   Code   RO         4386    i.osThreadExit      RTX_CM3.lib(rt_cmsis.o)
    0x08001784   0x08001784   0x00000018   Code   RO         4387    i.osThreadGetId     RTX_CM3.lib(rt_cmsis.o)
    0x0800179c   0x0800179c   0x0000000c   Code   RO         4392    i.osTimerCall       RTX_CM3.lib(rt_cmsis.o)
    0x080017a8   0x080017a8   0x0000002c   Code   RO         4397    i.osTimerThread     RTX_CM3.lib(rt_cmsis.o)
    0x080017d4   0x080017d4   0x00000022   Code   RO          761    i.os_error          rtx_conf_cm.o
    0x080017f6   0x080017f6   0x00000004   Code   RO          762    i.os_idle_demon     rtx_conf_cm.o
    0x080017fa   0x080017fa   0x00000002   PAD
    0x080017fc   0x080017fc   0x00000028   Code   RO         5056    i.os_tick_init      RTX_CM3.lib(rt_system.o)
    0x08001824   0x08001824   0x00000002   Code   RO         5057    i.os_tick_irqack    RTX_CM3.lib(rt_system.o)
    0x08001826   0x08001826   0x0000001a   Code   RO         5423    i.rt_alloc_box      RTX_CM3.lib(rt_membox.o)
    0x08001840   0x08001840   0x0000003e   Code   RO         5451    i.rt_alloc_mem      RTX_CM3.lib(rt_memory.o)
    0x0800187e   0x0800187e   0x00000002   PAD
    0x08001880   0x08001880   0x00000038   Code   RO         4971    i.rt_block          RTX_CM3.lib(rt_task.o)
    0x080018b8   0x080018b8   0x00000048   Code   RO         5523    i.rt_chk_robin      RTX_CM3.lib(rt_robin.o)
    0x08001900   0x08001900   0x00000070   Code   RO         5192    i.rt_dec_dly        RTX_CM3.lib(rt_list.o)
    0x08001970   0x08001970   0x00000044   Code   RO         4972    i.rt_dispatch       RTX_CM3.lib(rt_task.o)
    0x080019b4   0x080019b4   0x00000006   Code   RO         5358    i.rt_dly_wait       RTX_CM3.lib(rt_time.o)
    0x080019ba   0x080019ba   0x00000002   PAD
    0x080019bc   0x080019bc   0x00000050   Code   RO         5149    i.rt_evt_psh        RTX_CM3.lib(rt_event.o)
    0x08001a0c   0x08001a0c   0x0000005c   Code   RO         5150    i.rt_evt_set        RTX_CM3.lib(rt_event.o)
    0x08001a68   0x08001a68   0x0000003c   Code   RO         5151    i.rt_evt_wait       RTX_CM3.lib(rt_event.o)
    0x08001aa4   0x08001aa4   0x0000002c   Code   RO         5424    i.rt_free_box       RTX_CM3.lib(rt_membox.o)
    0x08001ad0   0x08001ad0   0x00000028   Code   RO         5452    i.rt_free_mem       RTX_CM3.lib(rt_memory.o)
    0x08001af8   0x08001af8   0x00000028   Code   RO         5193    i.rt_get_first      RTX_CM3.lib(rt_list.o)
    0x08001b20   0x08001b20   0x00000008   Code   RO         4402    i.rt_id2obj         RTX_CM3.lib(rt_cmsis.o)
    0x08001b28   0x08001b28   0x00000048   Code   RO         4973    i.rt_init_context   RTX_CM3.lib(rt_task.o)
    0x08001b70   0x08001b70   0x0000001a   Code   RO         5453    i.rt_init_mem       RTX_CM3.lib(rt_memory.o)
    0x08001b8a   0x08001b8a   0x00000002   PAD
    0x08001b8c   0x08001b8c   0x00000018   Code   RO         5524    i.rt_init_robin     RTX_CM3.lib(rt_robin.o)
    0x08001ba4   0x08001ba4   0x00000080   Code   RO         5478    i.rt_init_stack     RTX_CM3.lib(hal_cm.o)
    0x08001c24   0x08001c24   0x00000008   Code   RO         5270    i.rt_mbx_check      RTX_CM3.lib(rt_mailbox.o)
    0x08001c2c   0x08001c2c   0x0000001a   Code   RO         5271    i.rt_mbx_init       RTX_CM3.lib(rt_mailbox.o)
    0x08001c46   0x08001c46   0x00000002   PAD
    0x08001c48   0x08001c48   0x000000f0   Code   RO         5272    i.rt_mbx_psh        RTX_CM3.lib(rt_mailbox.o)
    0x08001d38   0x08001d38   0x00000098   Code   RO         5273    i.rt_mbx_send       RTX_CM3.lib(rt_mailbox.o)
    0x08001dd0   0x08001dd0   0x000000b4   Code   RO         5274    i.rt_mbx_wait       RTX_CM3.lib(rt_mailbox.o)
    0x08001e84   0x08001e84   0x00000044   Code   RO         4403    i.rt_ms2tick        RTX_CM3.lib(rt_cmsis.o)
    0x08001ec8   0x08001ec8   0x0000007c   Code   RO         5060    i.rt_pop_req        RTX_CM3.lib(rt_system.o)
    0x08001f44   0x08001f44   0x00000020   Code   RO         5061    i.rt_psh_req        RTX_CM3.lib(rt_system.o)
    0x08001f64   0x08001f64   0x0000005c   Code   RO         5195    i.rt_psq_enq        RTX_CM3.lib(rt_list.o)
    0x08001fc0   0x08001fc0   0x00000048   Code   RO         5196    i.rt_put_dly        RTX_CM3.lib(rt_list.o)
    0x08002008   0x08002008   0x00000036   Code   RO         5197    i.rt_put_prio       RTX_CM3.lib(rt_list.o)
    0x0800203e   0x0800203e   0x00000002   PAD
    0x08002040   0x08002040   0x00000014   Code   RO         5198    i.rt_put_rdy_first  RTX_CM3.lib(rt_list.o)
    0x08002054   0x08002054   0x00000034   Code   RO         5199    i.rt_resort_prio    RTX_CM3.lib(rt_list.o)
    0x08002088   0x08002088   0x00000006   Code   RO         5479    i.rt_ret_val        RTX_CM3.lib(hal_cm.o)
    0x0800208e   0x0800208e   0x00000008   Code   RO         5480    i.rt_ret_val2       RTX_CM3.lib(hal_cm.o)
    0x08002096   0x08002096   0x00000028   Code   RO         5200    i.rt_rmv_dly        RTX_CM3.lib(rt_list.o)
    0x080020be   0x080020be   0x00000002   PAD
    0x080020c0   0x080020c0   0x00000030   Code   RO         5201    i.rt_rmv_list       RTX_CM3.lib(rt_list.o)
    0x080020f0   0x080020f0   0x00000034   Code   RO         5319    i.rt_sem_psh        RTX_CM3.lib(rt_semaphore.o)
    0x08002124   0x08002124   0x00000024   Code   RO         5063    i.rt_stk_check      RTX_CM3.lib(rt_system.o)
    0x08002148   0x08002148   0x00000028   Code   RO         4974    i.rt_switch_req     RTX_CM3.lib(rt_task.o)
    0x08002170   0x08002170   0x000000cc   Code   RO         4975    i.rt_sys_init       RTX_CM3.lib(rt_task.o)
    0x0800223c   0x0800223c   0x00000078   Code   RO         4976    i.rt_sys_start      RTX_CM3.lib(rt_task.o)
    0x080022b4   0x080022b4   0x00000040   Code   RO         5065    i.rt_systick        RTX_CM3.lib(rt_system.o)
    0x080022f4   0x080022f4   0x00000012   Code   RO         4404    i.rt_tid2ptcb       RTX_CM3.lib(rt_cmsis.o)
    0x08002306   0x08002306   0x00000002   PAD
    0x08002308   0x08002308   0x00000034   Code   RO         4405    i.rt_timer_insert   RTX_CM3.lib(rt_cmsis.o)
    0x0800233c   0x0800233c   0x00000088   Code   RO         4977    i.rt_tsk_create     RTX_CM3.lib(rt_task.o)
    0x080023c4   0x080023c4   0x0000017c   Code   RO         4978    i.rt_tsk_delete     RTX_CM3.lib(rt_task.o)
    0x08002540   0x08002540   0x0000007c   Code   RO         4980    i.rt_tsk_prio       RTX_CM3.lib(rt_task.o)
    0x080025bc   0x080025bc   0x00000010   Code   RO         4981    i.rt_tsk_self       RTX_CM3.lib(rt_task.o)
    0x080025cc   0x080025cc   0x00000020   Code   RO          405    i.servo_thread      servothread.o
    0x080025ec   0x080025ec   0x000000d4   Code   RO          658    i.servo_transmission  servomotor.o
    0x080026c0   0x080026c0   0x00000012   Code   RO         4407    i.svcDelay          RTX_CM3.lib(rt_cmsis.o)
    0x080026d2   0x080026d2   0x00000002   PAD
    0x080026d4   0x080026d4   0x00000070   Code   RO         4408    i.svcKernelInitialize  RTX_CM3.lib(rt_cmsis.o)
    0x08002744   0x08002744   0x00000048   Code   RO         4410    i.svcKernelStart    RTX_CM3.lib(rt_cmsis.o)
    0x0800278c   0x0800278c   0x00000024   Code   RO         4413    i.svcMessageCreate  RTX_CM3.lib(rt_cmsis.o)
    0x080027b0   0x080027b0   0x0000003a   Code   RO         4414    i.svcMessageGet     RTX_CM3.lib(rt_cmsis.o)
    0x080027ea   0x080027ea   0x00000036   Code   RO         4415    i.svcMessagePut     RTX_CM3.lib(rt_cmsis.o)
    0x08002820   0x08002820   0x00000028   Code   RO         4420    i.svcPoolCreate     RTX_CM3.lib(rt_cmsis.o)
    0x08002848   0x08002848   0x00000024   Code   RO         4426    i.svcSignalSet      RTX_CM3.lib(rt_cmsis.o)
    0x0800286c   0x0800286c   0x00000054   Code   RO         4427    i.svcSignalWait     RTX_CM3.lib(rt_cmsis.o)
    0x080028c0   0x080028c0   0x0000006c   Code   RO         4428    i.svcThreadCreate   RTX_CM3.lib(rt_cmsis.o)
    0x0800292c   0x0800292c   0x0000001c   Code   RO         4429    i.svcThreadGetId    RTX_CM3.lib(rt_cmsis.o)
    0x08002948   0x08002948   0x00000038   Code   RO         4432    i.svcThreadTerminate  RTX_CM3.lib(rt_cmsis.o)
    0x08002980   0x08002980   0x00000018   Code   RO         4434    i.svcTimerCall      RTX_CM3.lib(rt_cmsis.o)
    0x08002998   0x08002998   0x0000000a   Code   RO         4441    i.sysPoolAlloc      RTX_CM3.lib(rt_cmsis.o)
    0x080029a2   0x080029a2   0x00000014   Code   RO         4442    i.sysPoolFree       RTX_CM3.lib(rt_cmsis.o)
    0x080029b6   0x080029b6   0x00000002   PAD
    0x080029b8   0x080029b8   0x0000005c   Code   RO         4443    i.sysTimerTick      RTX_CM3.lib(rt_cmsis.o)
    0x08002a14   0x08002a14   0x00000030   Code   RO          360    i.timeout_thread    timeoutthread.o
    0x08002a44   0x08002a44   0x000000d0   Code   RO          511    i.uart1_init        usart.o
    0x08002b14   0x08002b14   0x000000cc   Code   RO          512    i.uart2_init        usart.o
    0x08002be0   0x08002be0   0x000000d0   Code   RO          513    i.uart3_init        usart.o
    0x08002cb0   0x08002cb0   0x000000d0   Code   RO          514    i.uart4_init        usart.o
    0x08002d80   0x08002d80   0x00000032   Code   RO          515    i.uart_init         usart.o
    0x08002db2   0x08002db2   0x00000002   PAD
    0x08002db4   0x08002db4   0x00000100   Code   RO          219    i.uart_receive_thread  uartthread.o
    0x08002eb4   0x08002eb4   0x00000034   Code   RO          220    i.uart_send_datas   uartthread.o
    0x08002ee8   0x08002ee8   0x000000ac   Code   RO          221    i.uart_send_thread  uartthread.o
    0x08002f94   0x08002f94   0x00000054   Code   RO          659    i.write_word        servomotor.o
    0x08002fe8   0x08002fe8   0x00000010   Data   RO          188    .constdata          ledthread.o
    0x08002ff8   0x08002ff8   0x00000048   Data   RO          226    .constdata          uartthread.o
    0x08003040   0x08003040   0x00000010   Data   RO          324    .constdata          keythread.o
    0x08003050   0x08003050   0x00000010   Data   RO          361    .constdata          timeoutthread.o
    0x08003060   0x08003060   0x00000010   Data   RO          406    .constdata          servothread.o
    0x08003070   0x08003070   0x00000008   Data   RO          451    .constdata          led.o
    0x08003078   0x08003078   0x00000068   Data   RO          764    .constdata          rtx_conf_cm.o
    0x080030e0   0x080030e0   0x00000020   Data   RO         5867    Region$$Table       anon$$obj.o


    Execution Region RW_IRAM1 (Exec base: 0x20000000, Load base: 0x08003100, Size: 0x00003738, Max: 0x0000c000, ABSOLUTE)

    Exec Addr    Load Addr    Size         Type   Attr      Idx    E Section Name        Object

    0x20000000   0x08003100   0x00000004   Data   RW            5    .data               main.o
    0x20000004   0x08003104   0x00000004   Data   RW          189    .data               ledthread.o
    0x20000008   0x08003108   0x00000022   Data   RW          227    .data               uartthread.o
    0x2000002a   0x0800312a   0x00000002   PAD
    0x2000002c   0x0800312c   0x0000000c   Data   RW          325    .data               keythread.o
    0x20000038   0x08003138   0x00000004   Data   RW          362    .data               timeoutthread.o
    0x2000003c   0x0800313c   0x00000004   Data   RW          407    .data               servothread.o
    0x20000040   0x08003140   0x00000002   Data   RW          606    .data               key.o
    0x20000042   0x08003142   0x00000002   PAD
    0x20000044   0x08003144   0x00000010   Data   RW          765    .data               rtx_conf_cm.o
    0x20000054   0x08003154   0x00000014   Data   RW         2587    .data               stm32f10x_rcc.o
    0x20000068   0x08003168   0x00000008   Data   RW         4446    .data               RTX_CM3.lib(rt_cmsis.o)
    0x20000070   0x08003170   0x00000008   Data   RW         4983    .data               RTX_CM3.lib(rt_task.o)
    0x20000078   0x08003178   0x00000008   Data   RW         5068    .data               RTX_CM3.lib(rt_system.o)
    0x20000080   0x08003180   0x00000004   Data   RW         5362    .data               RTX_CM3.lib(rt_time.o)
    0x20000084   0x08003184   0x00000001   Data   RW         5481    .data               RTX_CM3.lib(hal_cm.o)
    0x20000085   0x08003185   0x00000003   PAD
    0x20000088   0x08003188   0x00000008   Data   RW         5525    .data               RTX_CM3.lib(rt_robin.o)
    0x20000090        -       0x00000114   Zero   RW          225    .bss                uartthread.o
    0x200001a4   0x08003190   0x00000004   PAD
    0x200001a8        -       0x00002528   Zero   RW          763    .bss                rtx_conf_cm.o
    0x200026d0        -       0x00000034   Zero   RW         4982    .bss                RTX_CM3.lib(rt_task.o)
    0x20002704        -       0x00000030   Zero   RW         5202    .bss                RTX_CM3.lib(rt_list.o)
    0x20002734   0x08003190   0x00000004   PAD
    0x20002738        -       0x00001000   Zero   RW         4296    STACK               startup_stm32f10x_hd.o


==============================================================================

Image component sizes


      Code (inc. data)   RO Data    RW Data    ZI Data      Debug   Object Name

       368         50          0          0          0      12419   dma_stm32f10x.o
       588         66          0          0          0       5814   gpio_stm32f10x.o
       240         34          0          2          0       1659   key.o
       172         30         16         12          0       1878   keythread.o
       188         14          8          0          0       5654   led.o
        76         10         16          4          0       1660   ledthread.o
        56          6          0          4          0     261991   main.o
       112         12          0          0          0       1316   misc.o
        62          6        104         16       9512       7596   rtx_conf_cm.o
       438         18          0          0          0       4337   servomotor.o
        72         18         16          4          0       1676   servothread.o
        36          8        304          0       4096        800   startup_stm32f10x_hd.o
       148          6          0          0          0       1276   stm32f10x_exti.o
       342          4          0          0          0       2930   stm32f10x_gpio.o
       340         44          0         20          0       6084   stm32f10x_rcc.o
       206         42          0          0          0       2724   stm32f10x_tim.o
       524         28          0          0          0       6673   stm32f10x_usart.o
       328         28          0          0          0       2057   system_stm32f10x.o
        88         18         16          4          0       1744   timeoutthread.o
       180         16          0          0          0        958   timer2.o
       720        102         72         34        276       6411   uartthread.o
       878         32          0          0          0       2992   usart.o

    ----------------------------------------------------------------------
      6192        592        584        104      13888     340649   Object Totals
         0          0         32          0          0          0   (incl. Generated)
        30          0          0          4          4          0   (incl. Padding)

    ----------------------------------------------------------------------

      Code (inc. data)   RO Data    RW Data    ZI Data      Debug   Library Member Name

       238         24          0          1          0       3312   hal_cm.o
       304         36          0          0          0        768   hal_cm3.o
      1680        200          0          8          0      42418   rt_cmsis.o
       272         18          0          0          0       2650   rt_event.o
       530         34          0          0         48       8253   rt_list.o
       706         14          0          0          0       4787   rt_mailbox.o
       140          0          0          0          0       1925   rt_membox.o
       128          0          0          0          0       2307   rt_memory.o
        96         22          0          8          0       1158   rt_robin.o
        52          4          0          0          0        573   rt_semaphore.o
       298         52          0          8          0       6223   rt_system.o
      1216        174          0          8         52       9649   rt_task.o
         6          0          0          4          0        652   rt_time.o
         4          4          0          0          0        208   svc_table.o
         0          0          0          0          0          0   entry.o
         0          0          0          0          0          0   entry10a.o
         0          0          0          0          0          0   entry11a.o
         8          4          0          0          0          0   entry2.o
         4          0          0          0          0          0   entry5.o
         0          0          0          0          0          0   entry7b.o
         0          0          0          0          0          0   entry8b.o
        30          0          0          0          0          0   handlers.o
        36          8          0          0          0         68   init.o

    ----------------------------------------------------------------------
      5768        594          0         40        104      84951   Library Totals
        20          0          0          3          4          0   (incl. Padding)

    ----------------------------------------------------------------------

      Code (inc. data)   RO Data    RW Data    ZI Data      Debug   Library Name

      5670        582          0         37        100      84883   RTX_CM3.lib
        78         12          0          0          0         68   mc_w.l

    ----------------------------------------------------------------------
      5768        594          0         40        104      84951   Library Totals

    ----------------------------------------------------------------------

==============================================================================


      Code (inc. data)   RO Data    RW Data    ZI Data      Debug   

     11960       1186        584        144      13992     417016   Grand Totals
     11960       1186        584        144      13992     417016   ELF Image Totals
     11960       1186        584        144          0          0   ROM Totals

==============================================================================

    Total RO  Size (Code + RO Data)                12544 (  12.25kB)
    Total RW  Size (RW Data + ZI Data)             14136 (  13.80kB)
    Total ROM Size (Code + RO Data + RW Data)      12688 (  12.39kB)

==============================================================================

