Component: ARM Compiler 5.06 update 6 (build 750) Tool: armlink [4d35ed]

==============================================================================

Section Cross References

    main.o(i.main) refers to rt_cmsis.o(i.osThreadGetId) for osThreadGetId
    main.o(i.main) refers to rt_cmsis.o(i.osKernelInitialize) for osKernelInitialize
    main.o(i.main) refers to ledthread.o(i.Init_led_thread) for Init_led_thread
    main.o(i.main) refers to keythread.o(i.Init_key_thread) for Init_key_thread
    main.o(i.main) refers to timeoutthread.o(i.Init_timeout_thread) for Init_timeout_thread
    main.o(i.main) refers to uartthread.o(i.Init_uart_receive_thread) for Init_uart_receive_thread
    main.o(i.main) refers to uartthread.o(i.Init_uart_send_thread) for Init_uart_send_thread
    main.o(i.main) refers to servothread.o(i.Init_servo_thread) for Init_servo_thread
    main.o(i.main) refers to rt_cmsis.o(i.osKernelStart) for osKernelStart
    main.o(i.main) refers to main.o(.data) for main_id
    ledthread.o(i.Init_led_thread) refers to rt_cmsis.o(i.osThreadCreate) for osThreadCreate
    ledthread.o(i.Init_led_thread) refers to ledthread.o(.constdata) for os_thread_def_led_thread
    ledthread.o(i.Init_led_thread) refers to ledthread.o(.data) for led_thread_id
    ledthread.o(i.led_thread) refers to led.o(i.LED_Initialize) for LED_Initialize
    ledthread.o(i.led_thread) refers to led.o(i.LED_On) for LED_On
    ledthread.o(i.led_thread) refers to rt_cmsis.o(i.osDelay) for osDelay
    ledthread.o(i.led_thread) refers to led.o(i.LED_Off) for LED_Off
    ledthread.o(.constdata) refers to ledthread.o(i.led_thread) for led_thread
    uartthread.o(i.Init_uart_receive_thread) refers to rt_cmsis.o(i.osThreadCreate) for osThreadCreate
    uartthread.o(i.Init_uart_receive_thread) refers to uartthread.o(.constdata) for os_thread_def_uart_receive_thread
    uartthread.o(i.Init_uart_receive_thread) refers to uartthread.o(.data) for uart1_receive_thread_id
    uartthread.o(i.Init_uart_send_thread) refers to rt_cmsis.o(i.osThreadCreate) for osThreadCreate
    uartthread.o(i.Init_uart_send_thread) refers to uartthread.o(.constdata) for os_thread_def_uart_send_thread
    uartthread.o(i.Init_uart_send_thread) refers to uartthread.o(.data) for uart1_send_thread_id
    uartthread.o(i.USART1_IRQHandler) refers to rt_cmsis.o(i.osSignalSet) for osSignalSet
    uartthread.o(i.USART1_IRQHandler) refers to uartthread.o(.data) for uart1_receive_thread_id
    uartthread.o(i.uart_receive_thread) refers to usart.o(i.uart_init) for uart_init
    uartthread.o(i.uart_receive_thread) refers to rt_cmsis.o(i.osPoolCreate) for osPoolCreate
    uartthread.o(i.uart_receive_thread) refers to rt_cmsis.o(i.osMessageCreate) for osMessageCreate
    uartthread.o(i.uart_receive_thread) refers to rt_cmsis.o(i.osSignalWait) for osSignalWait
    uartthread.o(i.uart_receive_thread) refers to rt_cmsis.o(i.osPoolAlloc) for osPoolAlloc
    uartthread.o(i.uart_receive_thread) refers to stm32f10x_usart.o(i.USART_ReceiveData) for USART_ReceiveData
    uartthread.o(i.uart_receive_thread) refers to rt_cmsis.o(i.osMessagePut) for osMessagePut
    uartthread.o(i.uart_receive_thread) refers to uartthread.o(.constdata) for os_pool_def_uart1_receive_mpool
    uartthread.o(i.uart_receive_thread) refers to uartthread.o(.data) for uart1_receive_mpool
    uartthread.o(i.uart_send_datas) refers to rt_cmsis.o(i.osSignalWait) for osSignalWait
    uartthread.o(i.uart_send_thread) refers to usart.o(i.uart_init) for uart_init
    uartthread.o(i.uart_send_thread) refers to rt_cmsis.o(i.osPoolCreate) for osPoolCreate
    uartthread.o(i.uart_send_thread) refers to rt_cmsis.o(i.osMessageCreate) for osMessageCreate
    uartthread.o(i.uart_send_thread) refers to rt_cmsis.o(i.osMessageGet) for osMessageGet
    uartthread.o(i.uart_send_thread) refers to uartthread.o(i.uart_send_datas) for uart_send_datas
    uartthread.o(i.uart_send_thread) refers to rt_cmsis.o(i.osPoolFree) for osPoolFree
    uartthread.o(i.uart_send_thread) refers to rt_cmsis.o(i.osSignalSet) for osSignalSet
    uartthread.o(i.uart_send_thread) refers to uartthread.o(.constdata) for os_pool_def_uart1_send_mpool
    uartthread.o(i.uart_send_thread) refers to uartthread.o(.data) for uart1_send_mpool
    uartthread.o(i.yu_prints) refers to memseta.o(.text) for __aeabi_memclr4
    uartthread.o(i.yu_prints) refers to printf8.o(i.__0snprintf$8) for __2snprintf
    uartthread.o(i.yu_prints) refers to strlen.o(.text) for strlen
    uartthread.o(i.yu_prints) refers to uartthread.o(i.yu_puts) for yu_puts
    uartthread.o(i.yu_puts) refers to rt_cmsis.o(i.osPoolAlloc) for osPoolAlloc
    uartthread.o(i.yu_puts) refers to rt_cmsis.o(i.osMessagePut) for osMessagePut
    uartthread.o(i.yu_puts) refers to rt_cmsis.o(i.osSignalWait) for osSignalWait
    uartthread.o(i.yu_puts) refers to uartthread.o(.data) for uart1_send_mpool
    uartthread.o(i.yu_readline) refers to strlen.o(.text) for strlen
[...]
    .ARM.Collect$$$$0000000D                 0x08000138   Section        0  entry10a.o(.ARM.Collect$$$$0000000D)
    .ARM.Collect$$$$0000000F                 0x08000138   Section        0  entry11a.o(.ARM.Collect$$$$0000000F)
    .ARM.Collect$$$$000000FF                 0x08000138   Section        0  rtx_conf_cm.o(.ARM.Collect$$$$000000FF)
    .ARM.Collect$$$$00002712                 0x08000150   Section        4  entry2.o(.ARM.Collect$$$$00002712)
    __lit__00000000                          0x08000150   Data           4  entry2.o(.ARM.Collect$$$$00002712)
    .emb_text                                0x08000154   Section      304  hal_cm3.o(.emb_text)
    .text                                    0x08000284   Section       36  startup_stm32f10x_hd.o(.text)
    .text                                    0x080002a8   Section       36  init.o(.text)
    SVC_TABLE                                0x080002cc   Section        4  svc_table.o(SVC_TABLE)
    i.DMA1_Channel1_Event                    0x080002d0   Section        0  dma_stm32f10x.o(i.DMA1_Channel1_Event)
    i.DMA1_Channel1_IRQHandler               0x080002d4   Section        0  dma_stm32f10x.o(i.DMA1_Channel1_IRQHandler)
    i.DMA1_Channel2_Event                    0x080002f0   Section        0  dma_stm32f10x.o(i.DMA1_Channel2_Event)
    i.DMA1_Channel2_IRQHandler               0x080002f4   Section        0  dma_stm32f10x.o(i.DMA1_Channel2_IRQHandler)
    i.DMA1_Channel3_Event                    0x08000310   Section        0  dma_stm32f10x.o(i.DMA1_Channel3_Event)
    i.DMA1_Channel3_IRQHandler               0x08000314   Section        0  dma_stm32f10x.o(i.DMA1_Channel3_IRQHandler)
    i.DMA1_Channel4_Event                    0x08000330   Section        0  dma_stm32f10x.o(i.DMA1_Channel4_Event)
    i.DMA1_Channel4_IRQHandler               0x08000334   Section        0  dma_stm32f10x.o(i.DMA1_Channel4_IRQHandler)
    i.DMA1_Channel5_Event                    0x08000350   Section        0  dma_stm32f10x.o(i.DMA1_Channel5_Event)
    i.DMA1_Channel5_IRQHandler               0x08000354   Section        0  dma_stm32f10x.o(i.DMA1_Channel5_IRQHandler)
    i.DMA1_Channel6_Event                    0x08000370   Section        0  dma_stm32f10x.o(i.DMA1_Channel6_Event)
    i.DMA1_Channel6_IRQHandler               0x08000374   Section        0  dma_stm32f10x.o(i.DMA1_Channel6_IRQHandler)
    i.DMA1_Channel7_Event                    0x08000390   Section        0  dma_stm32f10x.o(i.DMA1_Channel7_Event)
    i.DMA1_Channel7_IRQHandler               0x08000394   Section        0  dma_stm32f10x.o(i.DMA1_Channel7_IRQHandler)
    i.DMA2_Channel1_Event                    0x080003b0   Section        0  dma_stm32f10x.o(i.DMA2_Channel1_Event)
    i.DMA2_Channel1_IRQHandler               0x080003b4   Section        0  dma_stm32f10x.o(i.DMA2_Channel1_IRQHandler)
    i.DMA2_Channel2_Event                    0x080003d0   Section        0  dma_stm32f10x.o(i.DMA2_Channel2_Event)
    i.DMA2_Channel2_IRQHandler               0x080003d4   Section        0  dma_stm32f10x.o(i.DMA2_Channel2_IRQHandler)
    i.DMA2_Channel3_Event                    0x080003f4   Section        0  dma_stm32f10x.o(i.DMA2_Channel3_Event)
    i.DMA2_Channel3_IRQHandler               0x080003f8   Section        0  dma_stm32f10x.o(i.DMA2_Channel3_IRQHandler)
    i.DMA2_Channel4_5_IRQHandler             0x08000418   Section        0  dma_stm32f10x.o(i.DMA2_Channel4_5_IRQHandler)
    i.DMA2_Channel4_Event                    0x08000450   Section        0  dma_stm32f10x.o(i.DMA2_Channel4_Event)
    i.DMA2_Channel5_Event                    0x08000452   Section        0  dma_stm32f10x.o(i.DMA2_Channel5_Event)
    i.EXTI15_10_IRQHandler                   0x08000454   Section        0  key.o(i.EXTI15_10_IRQHandler)
    i.EXTI1_IRQHandler                       0x0800047c   Section        0  key.o(i.EXTI1_IRQHandler)
    i.EXTI_Init                              0x080004a4   Section        0  stm32f10x_exti.o(i.EXTI_Init)
    i.GPIO_EXTILineConfig                    0x08000538   Section        0  stm32f10x_gpio.o(i.GPIO_EXTILineConfig)
    i.GPIO_GetPortClockState                 0x08000578   Section        0  gpio_stm32f10x.o(i.GPIO_GetPortClockState)
    i.GPIO_Init                              0x08000610   Section        0  stm32f10x_gpio.o(i.GPIO_Init)
    i.GPIO_PinConfigure                      0x08000726   Section        0  gpio_stm32f10x.o(i.GPIO_PinConfigure)
    i.GPIO_PortClock                         0x080007a0   Section        0  gpio_stm32f10x.o(i.GPIO_PortClock)
    i.Init_key_thread                        0x080008dc   Section        0  keythread.o(i.Init_key_thread)
    i.Init_led_thread                        0x08000904   Section        0  ledthread.o(i.Init_led_thread)
    i.Init_servo_thread                      0x0800092c   Section        0  servothread.o(i.Init_servo_thread)
    i.Init_timeout_thread                    0x08000954   Section        0  timeoutthread.o(i.Init_timeout_thread)
    i.Init_uart_receive_thread               0x0800097c   Section        0  uartthread.o(i.Init_uart_receive_thread)
    i.Init_uart_send_thread                  0x080009c0   Section        0  uartthread.o(i.Init_uart_send_thread)
    i.KEY_Init                               0x08000a04   Section        0  key.o(i.KEY_Init)
    i.LED_Initialize                         0x08000aa4   Section        0  led.o(i.LED_Initialize)
    i.LED_Off                                0x08000b00   Section        0  led.o(i.LED_Off)
    i.LED_On                                 0x08000b30   Section        0  led.o(i.LED_On)
    i.NVIC_Init                              0x08000b60   Section        0  misc.o(i.NVIC_Init)
    i.RCC_APB1PeriphClockCmd                 0x08000bd0   Section        0  stm32f10x_rcc.o(i.RCC_APB1PeriphClockCmd)
    i.RCC_APB1PeriphResetCmd                 0x08000bf0   Section        0  stm32f10x_rcc.o(i.RCC_APB1PeriphResetCmd)
    i.RCC_APB2PeriphClockCmd                 0x08000c10   Section        0  stm32f10x_rcc.o(i.RCC_APB2PeriphClockCmd)
    i.RCC_APB2PeriphResetCmd                 0x08000c30   Section        0  stm32f10x_rcc.o(i.RCC_APB2PeriphResetCmd)
    i.RCC_GetClocksFreq                      0x08000c50   Section        0  stm32f10x_rcc.o(i.RCC_GetClocksFreq)
    i.SetSysClock                            0x08000d24   Section        0  system_stm32f10x.o(i.SetSysClock)
    SetSysClock                              0x08000d25   Thumb Code     8  system_stm32f10x.o(i.SetSysClock)
    i.SetSysClockTo72                        0x08000d2c   Section        0  system_stm32f10x.o(i.SetSysClockTo72)
    SetSysClockTo72                          0x08000d2d   Thumb Code   214  system_stm32f10x.o(i.SetSysClockTo72)
    i.SystemInit                             0x08000e0c   Section        0  system_stm32f10x.o(i.SystemInit)
    i.TIM2_IRQHandler                        0x08000e6c   Section        0  timer2.o(i.TIM2_IRQHandler)
    i.TIM2_Int_Init                          0x08000ec8   Section        0  timer2.o(i.TIM2_Int_Init)
    i.TIM_Cmd                                0x08000f24   Section        0  stm32f10x_tim.o(i.TIM_Cmd)
    i.TIM_ITConfig                           0x08000f3c   Section        0  stm32f10x_tim.o(i.TIM_ITConfig)
    i.TIM_TimeBaseInit                       0x08000f50   Section        0  stm32f10x_tim.o(i.TIM_TimeBaseInit)
    i.USART1_IRQHandler                      0x08000ff4   Section        0  uartthread.o(i.USART1_IRQHandler)
    i.USART_ClearFlag                        0x0800105c   Section        0  stm32f10x_usart.o(i.USART_ClearFlag)
    i.USART_Cmd                              0x0800106e   Section        0  stm32f10x_usart.o(i.USART_Cmd)
    i.USART_DeInit                           0x08001088   Section        0  stm32f10x_usart.o(i.USART_DeInit)
    i.USART_GetFlagStatus                    0x08001124   Section        0  stm32f10x_usart.o(i.USART_GetFlagStatus)
    i.USART_ITConfig                         0x0800113e   Section        0  stm32f10x_usart.o(i.USART_ITConfig)
    i.USART_Init                             0x08001188   Section        0  stm32f10x_usart.o(i.USART_Init)
    i.USART_ReceiveData                      0x08001260   Section        0  stm32f10x_usart.o(i.USART_ReceiveData)
    i.__scatterload_copy                     0x0800126a   Section       14  handlers.o(i.__scatterload_copy)
    i.__scatterload_null                     0x08001278   Section        2  handlers.o(i.__scatterload_null)
    i.__scatterload_zeroinit                 0x0800127a   Section       14  handlers.o(i.__scatterload_zeroinit)
    i._init_box                              0x08001288   Section        0  rt_membox.o(i._init_box)
    i.crc_chk                                0x080012ce   Section        0  servomotor.o(i.crc_chk)
    i.crc_gen                                0x080012fe   Section        0  servomotor.o(i.crc_gen)
    i.dbg_init                               0x08001338   Section        0  hal_cm.o(i.dbg_init)
    i.dbg_task_notify                        0x08001368   Section        0  hal_cm.o(i.dbg_task_notify)
    i.dbg_task_switch                        0x08001388   Section        0  hal_cm.o(i.dbg_task_switch)
    i.isrMessageGet                          0x08001398   Section        0  rt_cmsis.o(i.isrMessageGet)
    i.isrMessagePut                          0x080013c2   Section        0  rt_cmsis.o(i.isrMessagePut)
    i.isrSignalSet                           0x080013ee   Section        0  rt_cmsis.o(i.isrSignalSet)
    i.isr_evt_set                            0x08001414   Section        0  rt_event.o(i.isr_evt_set)
    i.isr_mbx_receive                        0x0800143c   Section        0  rt_mailbox.o(i.isr_mbx_receive)
    i.isr_mbx_send                           0x08001492   Section        0  rt_mailbox.o(i.isr_mbx_send)
    i.key_thread                             0x080014a0   Section        0  keythread.o(i.key_thread)
    i.led_thread                             0x08001524   Section        0  ledthread.o(i.led_thread)
    i.main                                   0x08001548   Section        0  main.o(i.main)
    i.osDelay                                0x08001580   Section        0  rt_cmsis.o(i.osDelay)
    i.osKernelInitialize                     0x08001598   Section        0  rt_cmsis.o(i.osKernelInitialize)
    i.osKernelStart                          0x080015bc   Section        0  rt_cmsis.o(i.osKernelStart)
    i.osMessageCreate                        0x08001628   Section        0  rt_cmsis.o(i.osMessageCreate)
    i.osMessageGet                           0x08001654   Section        0  rt_cmsis.o(i.osMessageGet)
    i.osMessagePut                           0x0800166c   Section        0  rt_cmsis.o(i.osMessagePut)
    i.osPoolAlloc                            0x08001684   Section        0  rt_cmsis.o(i.osPoolAlloc)
    i.osPoolCreate                           0x080016a4   Section        0  rt_cmsis.o(i.osPoolCreate)
    i.osPoolFree                             0x080016d0   Section        0  rt_cmsis.o(i.osPoolFree)
    i.osSignalSet                            0x080016f0   Section        0  rt_cmsis.o(i.osSignalSet)
    i.osSignalWait                           0x08001708   Section        0  rt_cmsis.o(i.osSignalWait)
    i.osThreadCreate                         0x08001720   Section        0  rt_cmsis.o(i.osThreadCreate)
    i.osThreadExit                           0x0800174c   Section        0  rt_cmsis.o(i.osThreadExit)
    i.osThreadGetId                          0x08001764   Section        0  rt_cmsis.o(i.osThreadGetId)
    i.osTimerCall                            0x0800177c   Section        0  rt_cmsis.o(i.osTimerCall)
    i.osTimerThread                          0x08001788   Section        0  rt_cmsis.o(i.osTimerThread)
    i.os_error                               0x080017b4   Section        0  rtx_conf_cm.o(i.os_error)
    i.os_idle_demon                          0x080017d6   Section        0  rtx_conf_cm.o(i.os_idle_demon)
    i.os_tick_init                           0x080017dc   Section        0  rt_system.o(i.os_tick_init)
    i.os_tick_irqack                         0x08001804   Section        0  rt_system.o(i.os_tick_irqack)
    i.read_word                              0x08001806   Section        0  servomotor.o(i.read_word)
    i.reset_SON_pin                          0x0800185e   Section        0  servomotor.o(i.reset_SON_pin)
    i.rt_alloc_box                           0x0800188c   Section        0  rt_membox.o(i.rt_alloc_box)
    i.rt_alloc_mem                           0x080018a6   Section        0  rt_memory.o(i.rt_alloc_mem)
    i.rt_block                               0x080018e4   Section        0  rt_task.o(i.rt_block)
    i.rt_chk_robin                           0x0800191c   Section        0  rt_robin.o(i.rt_chk_robin)
    i.rt_dec_dly                             0x08001964   Section        0  rt_list.o(i.rt_dec_dly)
    i.rt_dispatch                            0x080019d4   Section        0  rt_task.o(i.rt_dispatch)
    i.rt_dly_wait                            0x08001a18   Section        0  rt_time.o(i.rt_dly_wait)
    i.rt_evt_psh                             0x08001a20   Section        0  rt_event.o(i.rt_evt_psh)
    i.rt_evt_set                             0x08001a70   Section        0  rt_event.o(i.rt_evt_set)
    i.rt_evt_wait                            0x08001acc   Section        0  rt_event.o(i.rt_evt_wait)
    i.rt_free_box                            0x08001b08   Section        0  rt_membox.o(i.rt_free_box)
    i.rt_free_mem                            0x08001b34   Section        0  rt_memory.o(i.rt_free_mem)
    i.rt_get_first                           0x08001b5c   Section        0  rt_list.o(i.rt_get_first)
    i.rt_id2obj                              0x08001b84   Section        0  rt_cmsis.o(i.rt_id2obj)
    rt_id2obj                                0x08001b85   Thumb Code     8  rt_cmsis.o(i.rt_id2obj)
    i.rt_init_context                        0x08001b8c   Section        0  rt_task.o(i.rt_init_context)
    rt_init_context                          0x08001b8d   Thumb Code    66  rt_task.o(i.rt_init_context)
    i.rt_init_mem                            0x08001bd4   Section        0  rt_memory.o(i.rt_init_mem)
    i.rt_init_robin                          0x08001bf0   Section        0  rt_robin.o(i.rt_init_robin)
    i.rt_init_stack                          0x08001c08   Section        0  hal_cm.o(i.rt_init_stack)
    i.rt_mbx_check                           0x08001c88   Section        0  rt_mailbox.o(i.rt_mbx_check)
    i.rt_mbx_init                            0x08001c90   Section        0  rt_mailbox.o(i.rt_mbx_init)
    i.rt_mbx_psh                             0x08001cac   Section        0  rt_mailbox.o(i.rt_mbx_psh)
    i.rt_mbx_send                            0x08001d9c   Section        0  rt_mailbox.o(i.rt_mbx_send)
    i.rt_mbx_wait                            0x08001e34   Section        0  rt_mailbox.o(i.rt_mbx_wait)
    i.rt_ms2tick                             0x08001ee8   Section        0  rt_cmsis.o(i.rt_ms2tick)
    rt_ms2tick                               0x08001ee9   Thumb Code    58  rt_cmsis.o(i.rt_ms2tick)
    i.rt_pop_req                             0x08001f2c   Section        0  rt_system.o(i.rt_pop_req)
    i.rt_psh_req                             0x08001fa8   Section        0  rt_system.o(i.rt_psh_req)
    i.rt_psq_enq                             0x08001fc8   Section        0  rt_list.o(i.rt_psq_enq)
    i.rt_put_dly                             0x08002024   Section        0  rt_list.o(i.rt_put_dly)
    i.rt_put_prio                            0x0800206c   Section        0  rt_list.o(i.rt_put_prio)
    i.rt_put_rdy_first                       0x080020a4   Section        0  rt_list.o(i.rt_put_rdy_first)
    i.rt_resort_prio                         0x080020b8   Section        0  rt_list.o(i.rt_resort_prio)
    i.rt_ret_val                             0x080020ec   Section        0  hal_cm.o(i.rt_ret_val)
    i.rt_ret_val2                            0x080020f2   Section        0  hal_cm.o(i.rt_ret_val2)
    i.rt_rmv_dly                             0x080020fa   Section        0  rt_list.o(i.rt_rmv_dly)
    i.rt_rmv_list                            0x08002124   Section        0  rt_list.o(i.rt_rmv_list)
    i.rt_sem_psh                             0x08002154   Section        0  rt_semaphore.o(i.rt_sem_psh)
    i.rt_stk_check                           0x08002188   Section        0  rt_system.o(i.rt_stk_check)
    i.rt_switch_req                          0x080021ac   Section        0  rt_task.o(i.rt_switch_req)
    i.rt_sys_init                            0x080021d4   Section        0  rt_task.o(i.rt_sys_init)
    i.rt_sys_start                           0x080022a0   Section        0  rt_task.o(i.rt_sys_start)
    i.rt_systick                             0x08002318   Section        0  rt_system.o(i.rt_systick)
    i.rt_tid2ptcb                            0x08002358   Section        0  rt_cmsis.o(i.rt_tid2ptcb)
    rt_tid2ptcb                              0x08002359   Thumb Code    18  rt_cmsis.o(i.rt_tid2ptcb)
    i.rt_timer_insert                        0x0800236c   Section        0  rt_cmsis.o(i.rt_timer_insert)
    rt_timer_insert                          0x0800236d   Thumb Code    48  rt_cmsis.o(i.rt_timer_insert)
    i.rt_tsk_create                          0x080023a0   Section        0  rt_task.o(i.rt_tsk_create)
    i.rt_tsk_delete                          0x08002428   Section        0  rt_task.o(i.rt_tsk_delete)
    i.rt_tsk_prio                            0x080025a4   Section        0  rt_task.o(i.rt_tsk_prio)
    i.rt_tsk_self                            0x08002620   Section        0  rt_task.o(i.rt_tsk_self)
    i.servo_off                              0x08002630   Section        0  servomotor.o(i.servo_off)
    i.servo_thread                           0x0800263c   Section        0  servothread.o(i.servo_thread)
    i.servo_transmission                     0x08002658   Section        0  servomotor.o(i.servo_transmission)
    i.svcDelay                               0x08002734   Section        0  rt_cmsis.o(i.svcDelay)
    i.svcKernelInitialize                    0x08002748   Section        0  rt_cmsis.o(i.svcKernelInitialize)
    i.svcKernelStart                         0x080027b8   Section        0  rt_cmsis.o(i.svcKernelStart)
    i.svcMessageCreate                       0x08002800   Section        0  rt_cmsis.o(i.svcMessageCreate)
    i.svcMessageGet                          0x08002824   Section        0  rt_cmsis.o(i.svcMessageGet)
    i.svcMessagePut                          0x0800285e   Section        0  rt_cmsis.o(i.svcMessagePut)
    i.svcPoolCreate                          0x08002894   Section        0  rt_cmsis.o(i.svcPoolCreate)
    i.svcSignalSet                           0x080028bc   Section        0  rt_cmsis.o(i.svcSignalSet)
    i.svcSignalWait                          0x080028e0   Section        0  rt_cmsis.o(i.svcSignalWait)
    i.svcThreadCreate                        0x08002934   Section        0  rt_cmsis.o(i.svcThreadCreate)
    i.svcThreadGetId                         0x080029a0   Section        0  rt_cmsis.o(i.svcThreadGetId)
    i.svcThreadTerminate                     0x080029bc   Section        0  rt_cmsis.o(i.svcThreadTerminate)
    i.svcTimerCall                           0x080029f4   Section        0  rt_cmsis.o(i.svcTimerCall)
    i.sysPoolAlloc                           0x08002a0c   Section        0  rt_cmsis.o(i.sysPoolAlloc)
    i.sysPoolFree                            0x08002a16   Section        0  rt_cmsis.o(i.sysPoolFree)
    i.sysTimerTick                           0x08002a2c   Section        0  rt_cmsis.o(i.sysTimerTick)
    i.timeout_thread                         0x08002a88   Section        0  timeoutthread.o(i.timeout_thread)
    i.uart1_init                             0x08002ab8   Section        0  usart.o(i.uart1_init)
    i.uart2_init                             0x08002b88   Section        0  usart.o(i.uart2_init)
    i.uart3_init                             0x08002c54   Section        0  usart.o(i.uart3_init)
    i.uart4_init                             0x08002d24   Section        0  usart.o(i.uart4_init)
    i.uart_init                              0x08002df4   Section        0  usart.o(i.uart_init)
    i.uart_receive_thread                    0x08002e28   Section        0  uartthread.o(i.uart_receive_thread)
    i.uart_send_datas                        0x08002f28   Section        0  uartthread.o(i.uart_send_datas)
    i.uart_send_thread                       0x08002f5c   Section        0  uartthread.o(i.uart_send_thread)
    i.write_word                             0x08003008   Section        0  servomotor.o(i.write_word)
    .constdata                               0x0800305c   Section       16  ledthread.o(.constdata)
    .constdata                               0x0800306c   Section       72  uartthread.o(.constdata)
    .constdata                               0x080030b4   Section       16  keythread.o(.constdata)
    .constdata                               0x080030c4   Section       16  timeoutthread.o(.constdata)
    .constdata                               0x080030d4   Section       16  servothread.o(.constdata)
    .constdata                               0x080030e4   Section        8  led.o(.constdata)
    .constdata                               0x080030ec   Section      104  rtx_conf_cm.o(.constdata)
    __tagsym$$used                           0x08003108   Number         0  rtx_conf_cm.o(.constdata)
    __tagsym$$used                           0x0800310c   Number         0  rtx_conf_cm.o(.constdata)
    __tagsym$$used                           0x08003110   Number         0  rtx_conf_cm.o(.constdata)
    __tagsym$$used                           0x08003114   Number         0  rtx_conf_cm.o(.constdata)
    .data                                    0x20000000   Section        4  main.o(.data)
    .data                                    0x20000004   Section        4  ledthread.o(.data)
    .data                                    0x20000008   Section       36  uartthread.o(.data)
    .data                                    0x2000002c   Section       12  keythread.o(.data)
    .data                                    0x20000038   Section        4  timeoutthread.o(.data)
    .data                                    0x2000003c   Section        4  servothread.o(.data)
    .data                                    0x20000040   Section        2  key.o(.data)
    .data                                    0x20000044   Section       16  rtx_conf_cm.o(.data)
    .data                                    0x20000054   Section       20  stm32f10x_rcc.o(.data)
    APBAHBPrescTable                         0x20000054   Data          16  stm32f10x_rcc.o(.data)
    ADCPrescTable                            0x20000064   Data           4  stm32f10x_rcc.o(.data)
    .data                                    0x20000068   Section        8  rt_cmsis.o(.data)
    .data                                    0x20000070   Section        8  rt_task.o(.data)
    .data                                    0x20000078   Section        8  rt_system.o(.data)
    os_lock                                  0x20000078   Data           1  rt_system.o(.data)
    os_psh_flag                              0x20000079   Data           1  rt_system.o(.data)
    pend_flags                               0x2000007a   Data           1  rt_system.o(.data)
    .data                                    0x20000080   Section        4  rt_time.o(.data)
    .data                                    0x20000084   Section        1  hal_cm.o(.data)
    .data                                    0x20000088   Section        8  rt_robin.o(.data)
    .bss                                     0x20000090   Section      488  uartthread.o(.bss)
    .bss                                     0x20000278   Section     9512  rtx_conf_cm.o(.bss)
    .bss                                     0x200027a0   Section       52  rt_task.o(.bss)
    .bss                                     0x200027d4   Section       48  rt_list.o(.bss)
    STACK                                    0x20002808   Section     4096  startup_stm32f10x_hd.o(STACK)

    Global Symbols

    Symbol Name                              Value     Ov Type        Size  Object(Section)

    BuildAttributes$$THM_ISAv4$P$D$K$B$S$PE$A:L22UL41UL21$X:L11$S22US41US21$IEEE1$IW$USESV6$~STKCKD$USESV7$~SHL$OSPACE$ROPI$EBA8$MICROLIB$REQ8$PRES8$EABIv2 0x00000000   Number         0  anon$$obj.o ABSOLUTE
    __ARM_use_no_argv                        0x00000000   Number         0  main.o ABSOLUTE
    _printf_a                                0x00000000   Number         0  stubs.o ABSOLUTE
    _printf_c                                0x00000000   Number         0  stubs.o ABSOLUTE
    _printf_charcount                        0x00000000   Number         0  stubs.o ABSOLUTE
    _printf_d                                0x00000000   Number         0  stubs.o ABSOLUTE
    _printf_e                                0x00000000   Number         0  stubs.o ABSOLUTE
    _printf_f                                0x00000000   Number         0  stubs.o ABSOLUTE
    _printf_flags                            0x00000000   Number         0  stubs.o ABSOLUTE
    _printf_fp_dec                           0x00000000   Number         0  stubs.o ABSOLUTE
    _printf_fp_hex                           0x00000000   Number         0  stubs.o ABSOLUTE
    _printf_g                                0x00000000   Number         0  stubs.o ABSOLUTE
    _printf_i                                0x00000000   Number         0  stubs.o ABSOLUTE
    _printf_int_dec                          0x00000000   Number         0  stubs.o ABSOLUTE
    _printf_l                                0x00000000   Number         0  stubs.o ABSOLUTE
    _printf_lc                               0x00000000   Number         0  stubs.o ABSOLUTE
    _printf_ll                               0x00000000   Number         0  stubs.o ABSOLUTE
    _printf_lld                              0x00000000   Number         0  stubs.o ABSOLUTE
    _printf_lli                              0x00000000   Number         0  stubs.o ABSOLUTE
    _printf_llo                              0x00000000   Number         0  stubs.o ABSOLUTE
    _printf_llu                              0x00000000   Number         0  stubs.o ABSOLUTE
    _printf_llx                              0x00000000   Number         0  stubs.o ABSOLUTE
    _printf_longlong_dec                     0x00000000   Number         0  stubs.o ABSOLUTE
    _printf_longlong_hex                     0x00000000   Number         0  stubs.o ABSOLUTE
    _printf_longlong_oct                     0x00000000   Number         0  stubs.o ABSOLUTE
    _printf_ls                               0x00000000   Number         0  stubs.o ABSOLUTE
    _printf_mbtowc                           0x00000000   Number         0  stubs.o ABSOLUTE
    _printf_n                                0x00000000   Number         0  stubs.o ABSOLUTE
    _printf_o                                0x00000000   Number         0  stubs.o ABSOLUTE
    _printf_p                                0x00000000   Number         0  stubs.o ABSOLUTE
    _printf_percent                          0x00000000   Number         0  stubs.o ABSOLUTE
    _printf_pre_padding                      0x00000000   Number         0  stubs.o ABSOLUTE
    _printf_return_value                     0x00000000   Number         0  stubs.o ABSOLUTE
    _printf_s                                0x00000000   Number         0  stubs.o ABSOLUTE
    _printf_sizespec                         0x00000000   Number         0  stubs.o ABSOLUTE
    _printf_str                              0x00000000   Number         0  stubs.o ABSOLUTE
    _printf_truncate_signed                  0x00000000   Number         0  stubs.o ABSOLUTE
    _printf_truncate_unsigned                0x00000000   Number         0  stubs.o ABSOLUTE
    _printf_u                                0x00000000   Number         0  stubs.o ABSOLUTE
    _printf_wc                               0x00000000   Number         0  stubs.o ABSOLUTE
    _printf_wctomb                           0x00000000   Number         0  stubs.o ABSOLUTE
    _printf_widthprec                        0x00000000   Number         0  stubs.o ABSOLUTE
    _printf_x                                0x00000000   Number         0  stubs.o ABSOLUTE
    __cpp_initialize__aeabi_                  - Undefined Weak Reference
    __cxa_finalize                            - Undefined Weak Reference
    __decompress                              - Undefined Weak Reference
    _clock_init                               - Undefined Weak Reference
    _microlib_exit                            - Undefined Weak Reference
    __Vectors_Size                           0x00000130   Number         0  startup_stm32f10x_hd.o ABSOLUTE
    __RL_RTX_VER                             0x00000482   Number         0  rt_system.o ABSOLUTE
    __Vectors                                0x08000000   Data           4  startup_stm32f10x_hd.o(RESET)
    __Vectors_End                            0x08000130   Data           0  startup_stm32f10x_hd.o(RESET)
    __main                                   0x08000131   Thumb Code     0  entry.o(.ARM.Collect$$$$00000000)
    _main_stk                                0x08000131   Thumb Code     0  entry2.o(.ARM.Collect$$$$00000001)
    _main_scatterload                        0x08000135   Thumb Code     0  entry5.o(.ARM.Collect$$$$00000004)
    __main_after_scatterload                 0x08000139   Thumb Code     0  entry5.o(.ARM.Collect$$$$00000004)
    __rt_final_cpp                           0x08000139   Thumb Code     0  entry10a.o(.ARM.Collect$$$$0000000D)
    __rt_final_exit                          0x08000139   Thumb Code     0  entry11a.o(.ARM.Collect$$$$0000000F)
    _main_clock                              0x08000139   Thumb Code     0  entry7b.o(.ARM.Collect$$$$00000008)
    _main_cpp_init                           0x08000139   Thumb Code     0  entry8b.o(.ARM.Collect$$$$0000000A)
    _main_init                               0x08000139   Thumb Code    18  rtx_conf_cm.o(.ARM.Collect$$$$000000FF)
    rt_set_PSP                               0x08000155   Thumb Code     6  hal_cm3.o(.emb_text)
    rt_get_PSP                               0x0800015b   Thumb Code     6  hal_cm3.o(.emb_text)
    os_set_env                               0x08000161   Thumb Code    24  hal_cm3.o(.emb_text)
    _alloc_box                               0x0800017d   Thumb Code    28  hal_cm3.o(.emb_text)
    _free_box                                0x0800019d   Thumb Code    28  hal_cm3.o(.emb_text)
    SVC_Handler                              0x080001bd   Thumb Code   108  hal_cm3.o(.emb_text)
    PendSV_Handler                           0x08000235   Thumb Code    56  hal_cm3.o(.emb_text)
    SysTick_Handler                          0x08000271   Thumb Code     8  hal_cm3.o(.emb_text)
    OS_Tick_Handler                          0x08000279   Thumb Code    12  hal_cm3.o(.emb_text)
    Reset_Handler                            0x08000285   Thumb Code     8  startup_stm32f10x_hd.o(.text)
    NMI_Handler                              0x0800028d   Thumb Code     2  startup_stm32f10x_hd.o(.text)
    HardFault_Handler                        0x0800028f   Thumb Code     2  startup_stm32f10x_hd.o(.text)
    MemManage_Handler                        0x08000291   Thumb Code     2  startup_stm32f10x_hd.o(.text)
    BusFault_Handler                         0x08000293   Thumb Code     2  startup_stm32f10x_hd.o(.text)
    UsageFault_Handler                       0x08000295   Thumb Code     2  startup_stm32f10x_hd.o(.text)
    DebugMon_Handler                         0x08000299   Thumb Code     2  startup_stm32f10x_hd.o(.text)
    ADC1_2_IRQHandler                        0x0800029f   Thumb Code     0  startup_stm32f10x_hd.o(.text)
    ADC3_IRQHandler                          0x0800029f   Thumb Code     0  startup_stm32f10x_hd.o(.text)
    CAN1_RX1_IRQHandler                      0x0800029f   Thumb Code     0  startup_stm32f10x_hd.o(.text)
    CAN1_SCE_IRQHandler                      0x0800029f   Thumb Code     0  startup_stm32f10x_hd.o(.text)
    EXTI0_IRQHandler                         0x0800029f   Thumb Code     0  startup_stm32f10x_hd.o(.text)
    EXTI2_IRQHandler                         0x0800029f   Thumb Code     0  startup_stm32f10x_hd.o(.text)
    EXTI3_IRQHandler                         0x0800029f   Thumb Code     0  startup_stm32f10x_hd.o(.text)
    EXTI4_IRQHandler                         0x0800029f   Thumb Code     0  startup_stm32f10x_hd.o(.text)
    EXTI9_5_IRQHandler                       0x0800029f   Thumb Code     0  startup_stm32f10x_hd.o(.text)
    FLASH_IRQHandler                         0x0800029f   Thumb Code     0  startup_stm32f10x_hd.o(.text)
    FSMC_IRQHandler                          0x0800029f   Thumb Code     0  startup_stm32f10x_hd.o(.text)
    I2C1_ER_IRQHandler                       0x0800029f   Thumb Code     0  startup_stm32f10x_hd.o(.text)
    I2C1_EV_IRQHandler                       0x0800029f   Thumb Code     0  startup_stm32f10x_hd.o(.text)
    I2C2_ER_IRQHandler                       0x0800029f   Thumb Code     0  startup_stm32f10x_hd.o(.text)
    I2C2_EV_IRQHandler                       0x0800029f   Thumb Code     0  startup_stm32f10x_hd.o(.text)
    PVD_IRQHandler                           0x0800029f   Thumb Code     0  startup_stm32f10x_hd.o(.text)
    RCC_IRQHandler                           0x0800029f   Thumb Code     0  startup_stm32f10x_hd.o(.text)
    RTCAlarm_IRQHandler                      0x0800029f   Thumb Code     0  startup_stm32f10x_hd.o(.text)
    RTC_IRQHandler                           0x0800029f   Thumb Code     0  startup_stm32f10x_hd.o(.text)
    SDIO_IRQHandler                          0x0800029f   Thumb Code     0  startup_stm32f10x_hd.o(.text)
    SPI1_IRQHandler                          0x0800029f   Thumb Code     0  startup_stm32f10x_hd.o(.text)
    SPI2_IRQHandler                          0x0800029f   Thumb Code     0  startup_stm32f10x_hd.o(.text)
    SPI3_IRQHandler                          0x0800029f   Thumb Code     0  startup_stm32f10x_hd.o(.text)
    TAMPER_IRQHandler                        0x0800029f   Thumb Code     0  startup_stm32f10x_hd.o(.text)
    TIM1_BRK_IRQHandler                      0x0800029f   Thumb Code     0  startup_stm32f10x_hd.o(.text)
    TIM1_CC_IRQHandler                       0x0800029f   Thumb Code     0  startup_stm32f10x_hd.o(.text)
    TIM1_TRG_COM_IRQHandler                  0x0800029f   Thumb Code     0  startup_stm32f10x_hd.o(.text)
    TIM1_UP_IRQHandler                       0x0800029f   Thumb Code     0  startup_stm32f10x_hd.o(.text)
    TIM3_IRQHandler                          0x0800029f   Thumb Code     0  startup_stm32f10x_hd.o(.text)
    TIM4_IRQHandler                          0x0800029f   Thumb Code     0  startup_stm32f10x_hd.o(.text)
    TIM5_IRQHandler                          0x0800029f   Thumb Code     0  startup_stm32f10x_hd.o(.text)
    TIM6_IRQHandler                          0x0800029f   Thumb Code     0  startup_stm32f10x_hd.o(.text)
    TIM7_IRQHandler                          0x0800029f   Thumb Code     0  startup_stm32f10x_hd.o(.text)
    TIM8_BRK_IRQHandler                      0x0800029f   Thumb Code     0  startup_stm32f10x_hd.o(.text)
    TIM8_CC_IRQHandler                       0x0800029f   Thumb Code     0  startup_stm32f10x_hd.o(.text)
    TIM8_TRG_COM_IRQHandler                  0x0800029f   Thumb Code     0  startup_stm32f10x_hd.o(.text)
    TIM8_UP_IRQHandler                       0x0800029f   Thumb Code     0  startup_stm32f10x_hd.o(.text)
    UART4_IRQHandler                         0x0800029f   Thumb Code     0  startup_stm32f10x_hd.o(.text)
    UART5_IRQHandler                         0x0800029f   Thumb Code     0  startup_stm32f10x_hd.o(.text)
    USART2_IRQHandler                        0x0800029f   Thumb Code     0  startup_stm32f10x_hd.o(.text)
    USART3_IRQHandler                        0x0800029f   Thumb Code     0  startup_stm32f10x_hd.o(.text)
    USBWakeUp_IRQHandler                     0x0800029f   Thumb Code     0  startup_stm32f10x_hd.o(.text)
    USB_HP_CAN1_TX_IRQHandler                0x0800029f   Thumb Code     0  startup_stm32f10x_hd.o(.text)
    USB_LP_CAN1_RX0_IRQHandler               0x0800029f   Thumb Code     0  startup_stm32f10x_hd.o(.text)
    WWDG_IRQHandler                          0x0800029f   Thumb Code     0  startup_stm32f10x_hd.o(.text)
    __scatterload                            0x080002a9   Thumb Code    28  init.o(.text)
    __scatterload_rt2                        0x080002a9   Thumb Code     0  init.o(.text)
    SVC_Count                                0x080002cc   Data           4  svc_table.o(SVC_TABLE)
    DMA1_Channel1_Event                      0x080002d1   Thumb Code     2  dma_stm32f10x.o(i.DMA1_Channel1_Event)
    SVC_Table                                0x080002d0   Data           0  svc_table.o(SVC_TABLE)
    DMA1_Channel1_IRQHandler                 0x080002d5   Thumb Code    22  dma_stm32f10x.o(i.DMA1_Channel1_IRQHandler)
    DMA1_Channel2_Event                      0x080002f1   Thumb Code     2  dma_stm32f10x.o(i.DMA1_Channel2_Event)
    DMA1_Channel2_IRQHandler                 0x080002f5   Thumb Code    24  dma_stm32f10x.o(i.DMA1_Channel2_IRQHandler)
    DMA1_Channel3_Event                      0x08000311   Thumb Code     2  dma_stm32f10x.o(i.DMA1_Channel3_Event)
    DMA1_Channel3_IRQHandler                 0x08000315   Thumb Code    24  dma_stm32f10x.o(i.DMA1_Channel3_IRQHandler)
    DMA1_Channel4_Event                      0x08000331   Thumb Code     2  dma_stm32f10x.o(i.DMA1_Channel4_Event)
    DMA1_Channel4_IRQHandler                 0x08000335   Thumb Code    24  dma_stm32f10x.o(i.DMA1_Channel4_IRQHandler)
    DMA1_Channel5_Event                      0x08000351   Thumb Code     2  dma_stm32f10x.o(i.DMA1_Channel5_Event)
    DMA1_Channel5_IRQHandler                 0x08000355   Thumb Code    24  dma_stm32f10x.o(i.DMA1_Channel5_IRQHandler)
    DMA1_Channel6_Event                      0x08000371   Thumb Code     2  dma_stm32f10x.o(i.DMA1_Channel6_Event)
    DMA1_Channel6_IRQHandler                 0x08000375   Thumb Code    24  dma_stm32f10x.o(i.DMA1_Channel6_IRQHandler)
    DMA1_Channel7_Event                      0x08000391   Thumb Code     2  dma_stm32f10x.o(i.DMA1_Channel7_Event)
    DMA1_Channel7_IRQHandler                 0x08000395   Thumb Code    24  dma_stm32f10x.o(i.DMA1_Channel7_IRQHandler)
    DMA2_Channel1_Event                      0x080003b1   Thumb Code     2  dma_stm32f10x.o(i.DMA2_Channel1_Event)
    DMA2_Channel1_IRQHandler                 0x080003b5   Thumb Code    24  dma_stm32f10x.o(i.DMA2_Channel1_IRQHandler)
    DMA2_Channel2_Event                      0x080003d1   Thumb Code     2  dma_stm32f10x.o(i.DMA2_Channel2_Event)
    DMA2_Channel2_IRQHandler                 0x080003d5   Thumb Code    26  dma_stm32f10x.o(i.DMA2_Channel2_IRQHandler)
    DMA2_Channel3_Event                      0x080003f5   Thumb Code     2  dma_stm32f10x.o(i.DMA2_Channel3_Event)
    DMA2_Channel3_IRQHandler                 0x080003f9   Thumb Code    26  dma_stm32f10x.o(i.DMA2_Channel3_IRQHandler)
    DMA2_Channel4_5_IRQHandler               0x08000419   Thumb Code    52  dma_stm32f10x.o(i.DMA2_Channel4_5_IRQHandler)
    DMA2_Channel4_Event                      0x08000451   Thumb Code     2  dma_stm32f10x.o(i.DMA2_Channel4_Event)
    DMA2_Channel5_Event                      0x08000453   Thumb Code     2  dma_stm32f10x.o(i.DMA2_Channel5_Event)
    EXTI15_10_IRQHandler                     0x08000455   Thumb Code    26  key.o(i.EXTI15_10_IRQHandler)
    EXTI1_IRQHandler                         0x0800047d   Thumb Code    26  key.o(i.EXTI1_IRQHandler)
    EXTI_Init                                0x080004a5   Thumb Code   142  stm32f10x_exti.o(i.EXTI_Init)
    GPIO_EXTILineConfig                      0x08000539   Thumb Code    60  stm32f10x_gpio.o(i.GPIO_EXTILineConfig)
    GPIO_GetPortClockState                   0x08000579   Thumb Code   118  gpio_stm32f10x.o(i.GPIO_GetPortClockState)
    GPIO_Init                                0x08000611   Thumb Code   278  stm32f10x_gpio.o(i.GPIO_Init)
    GPIO_PinConfigure                        0x08000727   Thumb Code   120  gpio_stm32f10x.o(i.GPIO_PinConfigure)
    GPIO_PortClock                           0x080007a1   Thumb Code   284  gpio_stm32f10x.o(i.GPIO_PortClock)
    Init_key_thread                          0x080008dd   Thumb Code    30  keythread.o(i.Init_key_thread)
    Init_led_thread                          0x08000905   Thumb Code    30  ledthread.o(i.Init_led_thread)
    Init_servo_thread                        0x0800092d   Thumb Code    30  servothread.o(i.Init_servo_thread)
    Init_timeout_thread                      0x08000955   Thumb Code    30  timeoutthread.o(i.Init_timeout_thread)
    Init_uart_receive_thread                 0x0800097d   Thumb Code    60  uartthread.o(i.Init_uart_receive_thread)
    Init_uart_send_thread                    0x080009c1   Thumb Code    60  uartthread.o(i.Init_uart_send_thread)
    KEY_Init                                 0x08000a05   Thumb Code   154  key.o(i.KEY_Init)
    LED_Initialize                           0x08000aa5   Thumb Code    86  led.o(i.LED_Initialize)
    LED_Off                                  0x08000b01   Thumb Code    44  led.o(i.LED_Off)
    LED_On                                   0x08000b31   Thumb Code    44  led.o(i.LED_On)
    NVIC_Init                                0x08000b61   Thumb Code   100  misc.o(i.NVIC_Init)
    RCC_APB1PeriphClockCmd                   0x08000bd1   Thumb Code    26  stm32f10x_rcc.o(i.RCC_APB1PeriphClockCmd)
    RCC_APB1PeriphResetCmd                   0x08000bf1   Thumb Code    26  stm32f10x_rcc.o(i.RCC_APB1PeriphResetCmd)
    RCC_APB2PeriphClockCmd                   0x08000c11   Thumb Code    26  stm32f10x_rcc.o(i.RCC_APB2PeriphClockCmd)
    RCC_APB2PeriphResetCmd                   0x08000c31   Thumb Code    26  stm32f10x_rcc.o(i.RCC_APB2PeriphResetCmd)
    RCC_GetClocksFreq                        0x08000c51   Thumb Code   192  stm32f10x_rcc.o(i.RCC_GetClocksFreq)
    SystemInit                               0x08000e0d   Thumb Code    78  system_stm32f10x.o(i.SystemInit)
    TIM2_IRQHandler                          0x08000e6d   Thumb Code    74  timer2.o(i.TIM2_IRQHandler)
    TIM2_Int_Init                            0x08000ec9   Thumb Code    92  timer2.o(i.TIM2_Int_Init)
    TIM_Cmd                                  0x08000f25   Thumb Code    24  stm32f10x_tim.o(i.TIM_Cmd)
    TIM_ITConfig                             0x08000f3d   Thumb Code    18  stm32f10x_tim.o(i.TIM_ITConfig)
    TIM_TimeBaseInit                         0x08000f51   Thumb Code   122  stm32f10x_tim.o(i.TIM_TimeBaseInit)
    USART1_IRQHandler                        0x08000ff5   Thumb Code    84  uartthread.o(i.USART1_IRQHandler)
    USART_ClearFlag                          0x0800105d   Thumb Code    18  stm32f10x_usart.o(i.USART_ClearFlag)
    USART_Cmd                                0x0800106f   Thumb Code    24  stm32f10x_usart.o(i.USART_Cmd)
    USART_DeInit                             0x08001089   Thumb Code   134  stm32f10x_usart.o(i.USART_DeInit)
    USART_GetFlagStatus                      0x08001125   Thumb Code    26  stm32f10x_usart.o(i.USART_GetFlagStatus)
    USART_ITConfig                           0x0800113f   Thumb Code    74  stm32f10x_usart.o(i.USART_ITConfig)
    USART_Init                               0x08001189   Thumb Code   210  stm32f10x_usart.o(i.USART_Init)
    USART_ReceiveData                        0x08001261   Thumb Code    10  stm32f10x_usart.o(i.USART_ReceiveData)
    __scatterload_copy                       0x0800126b   Thumb Code    14  handlers.o(i.__scatterload_copy)
    __scatterload_null                       0x08001279   Thumb Code     2  handlers.o(i.__scatterload_null)
    __scatterload_zeroinit                   0x0800127b   Thumb Code    14  handlers.o(i.__scatterload_zeroinit)
    _init_box                                0x08001289   Thumb Code    70  rt_membox.o(i._init_box)
    crc_chk                                  0x080012cf   Thumb Code    48  servomotor.o(i.crc_chk)
    crc_gen                                  0x080012ff   Thumb Code    58  servomotor.o(i.crc_gen)
    dbg_init                                 0x08001339   Thumb Code    34  hal_cm.o(i.dbg_init)
    dbg_task_notify                          0x08001369   Thumb Code    32  hal_cm.o(i.dbg_task_notify)
    dbg_task_switch                          0x08001389   Thumb Code    16  hal_cm.o(i.dbg_task_switch)
    isrMessageGet                            0x08001399   Thumb Code    42  rt_cmsis.o(i.isrMessageGet)
    isrMessagePut                            0x080013c3   Thumb Code    44  rt_cmsis.o(i.isrMessagePut)
    isrSignalSet                             0x080013ef   Thumb Code    36  rt_cmsis.o(i.isrSignalSet)
    isr_evt_set                              0x08001415   Thumb Code    34  rt_event.o(i.isr_evt_set)
    isr_mbx_receive                          0x0800143d   Thumb Code    86  rt_mailbox.o(i.isr_mbx_receive)
    isr_mbx_send                             0x08001493   Thumb Code    14  rt_mailbox.o(i.isr_mbx_send)
    key_thread                               0x080014a1   Thumb Code   112  keythread.o(i.key_thread)
    led_thread                               0x08001525   Thumb Code    36  ledthread.o(i.led_thread)
    main                                     0x08001549   Thumb Code    50  main.o(i.main)
    osDelay                                  0x08001581   Thumb Code    18  rt_cmsis.o(i.osDelay)
    osKernelInitialize                       0x08001599   Thumb Code    30  rt_cmsis.o(i.osKernelInitialize)
    osKernelStart                            0x080015bd   Thumb Code    98  rt_cmsis.o(i.osKernelStart)
    osMessageCreate                          0x08001629   Thumb Code    36  rt_cmsis.o(i.osMessageCreate)
    osMessageGet                             0x08001655   Thumb Code    18  rt_cmsis.o(i.osMessageGet)
    osMessagePut                             0x0800166d   Thumb Code    18  rt_cmsis.o(i.osMessagePut)
    osPoolAlloc                              0x08001685   Thumb Code    26  rt_cmsis.o(i.osPoolAlloc)
    osPoolCreate                             0x080016a5   Thumb Code    36  rt_cmsis.o(i.osPoolCreate)
    osPoolFree                               0x080016d1   Thumb Code    26  rt_cmsis.o(i.osPoolFree)
    osSignalSet                              0x080016f1   Thumb Code    18  rt_cmsis.o(i.osSignalSet)
    osSignalWait                             0x08001709   Thumb Code    18  rt_cmsis.o(i.osSignalWait)
    osThreadCreate                           0x08001721   Thumb Code    36  rt_cmsis.o(i.osThreadCreate)
    osThreadExit                             0x0800174d   Thumb Code    14  rt_cmsis.o(i.osThreadExit)
    osThreadGetId                            0x08001765   Thumb Code    18  rt_cmsis.o(i.osThreadGetId)
    osTimerCall                              0x0800177d   Thumb Code     8  rt_cmsis.o(i.osTimerCall)
    osTimerThread                            0x08001789   Thumb Code    38  rt_cmsis.o(i.osTimerThread)
    os_error                                 0x080017b5   Thumb Code    34  rtx_conf_cm.o(i.os_error)
    os_idle_demon                            0x080017d7   Thumb Code     4  rtx_conf_cm.o(i.os_idle_demon)
    os_tick_init                             0x080017dd   Thumb Code    32  rt_system.o(i.os_tick_init)
    os_tick_irqack                           0x08001805   Thumb Code     2  rt_system.o(i.os_tick_irqack)
    read_word                                0x08001807   Thumb Code    88  servomotor.o(i.read_word)
    reset_SON_pin                            0x0800185f   Thumb Code    46  servomotor.o(i.reset_SON_pin)
    rt_alloc_box                             0x0800188d   Thumb Code    26  rt_membox.o(i.rt_alloc_box)
    rt_alloc_mem                             0x080018a7   Thumb Code    62  rt_memory.o(i.rt_alloc_mem)
    rt_block                                 0x080018e5   Thumb Code    48  rt_task.o(i.rt_block)
    rt_chk_robin                             0x0800191d   Thumb Code    60  rt_robin.o(i.rt_chk_robin)
    rt_dec_dly                               0x08001965   Thumb Code   102  rt_list.o(i.rt_dec_dly)
    rt_dispatch                              0x080019d5   Thumb Code    60  rt_task.o(i.rt_dispatch)
    rt_dly_wait                              0x08001a19   Thumb Code     6  rt_time.o(i.rt_dly_wait)
    rt_evt_psh                               0x08001a21   Thumb Code    76  rt_event.o(i.rt_evt_psh)
    rt_evt_set                               0x08001a71   Thumb Code    88  rt_event.o(i.rt_evt_set)
    rt_evt_wait                              0x08001acd   Thumb Code    56  rt_event.o(i.rt_evt_wait)
    rt_free_box                              0x08001b09   Thumb Code    44  rt_membox.o(i.rt_free_box)
    rt_free_mem                              0x08001b35   Thumb Code    40  rt_memory.o(i.rt_free_mem)
    rt_get_first                             0x08001b5d   Thumb Code    40  rt_list.o(i.rt_get_first)
    rt_init_mem                              0x08001bd5   Thumb Code    26  rt_memory.o(i.rt_init_mem)
    rt_init_robin                            0x08001bf1   Thumb Code    14  rt_robin.o(i.rt_init_robin)
    rt_init_stack                            0x08001c09   Thumb Code   118  hal_cm.o(i.rt_init_stack)
    rt_mbx_check                             0x08001c89   Thumb Code     8  rt_mailbox.o(i.rt_mbx_check)
    rt_mbx_init                              0x08001c91   Thumb Code    26  rt_mailbox.o(i.rt_mbx_init)
    rt_mbx_psh                               0x08001cad   Thumb Code   236  rt_mailbox.o(i.rt_mbx_psh)
    rt_mbx_send                              0x08001d9d   Thumb Code   148  rt_mailbox.o(i.rt_mbx_send)
    rt_mbx_wait                              0x08001e35   Thumb Code   174  rt_mailbox.o(i.rt_mbx_wait)
    rt_pop_req                               0x08001f2d   Thumb Code   112  rt_system.o(i.rt_pop_req)
    rt_psh_req                               0x08001fa9   Thumb Code    22  rt_system.o(i.rt_psh_req)
    rt_psq_enq                               0x08001fc9   Thumb Code    88  rt_list.o(i.rt_psq_enq)
    rt_put_dly                               0x08002025   Thumb Code    68  rt_list.o(i.rt_put_dly)
    rt_put_prio                              0x0800206d   Thumb Code    54  rt_list.o(i.rt_put_prio)
    rt_put_rdy_first                         0x080020a5   Thumb Code    14  rt_list.o(i.rt_put_rdy_first)
    rt_resort_prio                           0x080020b9   Thumb Code    46  rt_list.o(i.rt_resort_prio)
    rt_ret_val                               0x080020ed   Thumb Code     6  hal_cm.o(i.rt_ret_val)
    rt_ret_val2                              0x080020f3   Thumb Code     8  hal_cm.o(i.rt_ret_val2)
    rt_rmv_dly                               0x080020fb   Thumb Code    40  rt_list.o(i.rt_rmv_dly)
    rt_rmv_list                              0x08002125   Thumb Code    44  rt_list.o(i.rt_rmv_list)
    rt_sem_psh                               0x08002155   Thumb Code    48  rt_semaphore.o(i.rt_sem_psh)
    rt_stk_check                             0x08002189   Thumb Code    28  rt_system.o(i.rt_stk_check)
    rt_switch_req                            0x080021ad   Thumb Code    30  rt_task.o(i.rt_switch_req)
    rt_sys_init                              0x080021d5   Thumb Code   138  rt_task.o(i.rt_sys_init)
    rt_sys_start                             0x080022a1   Thumb Code   110  rt_task.o(i.rt_sys_start)
    rt_systick                               0x08002319   Thumb Code    50  rt_system.o(i.rt_systick)
    rt_tsk_create                            0x080023a1   Thumb Code   118  rt_task.o(i.rt_tsk_create)
    rt_tsk_delete                            0x08002429   Thumb Code   352  rt_task.o(i.rt_tsk_delete)
    rt_tsk_prio                              0x080025a5   Thumb Code   108  rt_task.o(i.rt_tsk_prio)
    rt_tsk_self                              0x08002621   Thumb Code    12  rt_task.o(i.rt_tsk_self)
    servo_off                                0x08002631   Thumb Code    12  servomotor.o(i.servo_off)
    servo_thread                             0x0800263d   Thumb Code    18  servothread.o(i.servo_thread)
    servo_transmission                       0x08002659   Thumb Code   202  servomotor.o(i.servo_transmission)
    svcDelay                                 0x08002735   Thumb Code    18  rt_cmsis.o(i.svcDelay)
    svcKernelInitialize                      0x08002749   Thumb Code    80  rt_cmsis.o(i.svcKernelInitialize)
    svcKernelStart                           0x080027b9   Thumb Code    62  rt_cmsis.o(i.svcKernelStart)
    svcMessageCreate                         0x08002801   Thumb Code    36  rt_cmsis.o(i.svcMessageCreate)
    svcMessageGet                            0x08002825   Thumb Code    58  rt_cmsis.o(i.svcMessageGet)
    svcMessagePut                            0x0800285f   Thumb Code    54  rt_cmsis.o(i.svcMessagePut)
    svcPoolCreate                            0x08002895   Thumb Code    40  rt_cmsis.o(i.svcPoolCreate)
    svcSignalSet                             0x080028bd   Thumb Code    36  rt_cmsis.o(i.svcSignalSet)
    svcSignalWait                            0x080028e1   Thumb Code    80  rt_cmsis.o(i.svcSignalWait)
    svcThreadCreate                          0x08002935   Thumb Code    96  rt_cmsis.o(i.svcThreadCreate)
    svcThreadGetId                           0x080029a1   Thumb Code    22  rt_cmsis.o(i.svcThreadGetId)
    svcThreadTerminate                       0x080029bd   Thumb Code    50  rt_cmsis.o(i.svcThreadTerminate)
    svcTimerCall                             0x080029f5   Thumb Code    24  rt_cmsis.o(i.svcTimerCall)
    sysPoolAlloc                             0x08002a0d   Thumb Code    10  rt_cmsis.o(i.sysPoolAlloc)
    sysPoolFree                              0x08002a17   Thumb Code    20  rt_cmsis.o(i.sysPoolFree)
    sysTimerTick                             0x08002a2d   Thumb Code    84  rt_cmsis.o(i.sysTimerTick)
    timeout_thread                           0x08002a89   Thumb Code    40  timeoutthread.o(i.timeout_thread)
    uart1_init                               0x08002ab9   Thumb Code   200  usart.o(i.uart1_init)
    uart2_init                               0x08002b89   Thumb Code   196  usart.o(i.uart2_init)
    uart3_init                               0x08002c55   Thumb Code   200  usart.o(i.uart3_init)
    uart4_init                               0x08002d25   Thumb Code   200  usart.o(i.uart4_init)
    uart_init                                0x08002df5   Thumb Code    50  usart.o(i.uart_init)
    uart_receive_thread                      0x08002e29   Thumb Code   214  uartthread.o(i.uart_receive_thread)
    uart_send_datas                          0x08002f29   Thumb Code    52  uartthread.o(i.uart_send_datas)
    uart_send_thread                         0x08002f5d   Thumb Code   148  uartthread.o(i.uart_send_thread)
    write_word                               0x08003009   Thumb Code    84  servomotor.o(i.write_word)
    os_thread_def_led_thread                 0x0800305c   Data          16  ledthread.o(.constdata)
    os_pool_def_uart1_send_mpool             0x0800306c   Data          12  uartthread.o(.constdata)
    os_messageQ_def_uart1_send_queue         0x08003078   Data           8  uartthread.o(.constdata)
    os_pool_def_uart1_receive_mpool          0x08003080   Data          12  uartthread.o(.constdata)
    os_messageQ_def_uart1_receive_queue      0x0800308c   Data           8  uartthread.o(.constdata)
    os_thread_def_uart_send_thread           0x08003094   Data          16  uartthread.o(.constdata)
    os_thread_def_uart_receive_thread        0x080030a4   Data          16  uartthread.o(.constdata)
    os_thread_def_key_thread                 0x080030b4   Data          16  keythread.o(.constdata)
    os_thread_def_timeout_thread             0x080030c4   Data          16  timeoutthread.o(.constdata)
    os_thread_def_servo_thread               0x080030d4   Data          16  servothread.o(.constdata)
    Pin_LED                                  0x080030e4   Data           8  led.o(.constdata)
    os_maxtaskrun                            0x080030ec   Data           2  rtx_conf_cm.o(.constdata)
    os_stackinfo                             0x080030f0   Data           4  rtx_conf_cm.o(.constdata)
    os_rrobin                                0x080030f4   Data           4  rtx_conf_cm.o(.constdata)
    os_tickfreq                              0x080030f8   Data           4  rtx_conf_cm.o(.constdata)
    os_tickus_i                              0x080030fc   Data           2  rtx_conf_cm.o(.constdata)
    os_tickus_f                              0x080030fe   Data           2  rtx_conf_cm.o(.constdata)
    os_trv                                   0x08003100   Data           4  rtx_conf_cm.o(.constdata)
    os_flags                                 0x08003104   Data           1  rtx_conf_cm.o(.constdata)
    CMSIS_RTOS_API_Version                   0x08003108   Data           4  rtx_conf_cm.o(.constdata)
    CMSIS_RTOS_RTX_Version                   0x0800310c   Data           4  rtx_conf_cm.o(.constdata)
    os_clockrate                             0x08003110   Data           4  rtx_conf_cm.o(.constdata)
    os_timernum                              0x08003114   Data           4  rtx_conf_cm.o(.constdata)
    mp_tcb_size                              0x08003118   Data           2  rtx_conf_cm.o(.constdata)
    mp_stk_size                              0x0800311c   Data           4  rtx_conf_cm.o(.constdata)
    os_stack_sz                              0x08003120   Data           4  rtx_conf_cm.o(.constdata)
    os_fifo_size                             0x08003124   Data           1  rtx_conf_cm.o(.constdata)
    os_thread_def_osTimerThread              0x08003128   Data          16  rtx_conf_cm.o(.constdata)
    os_messageQ_def_osTimerMessageQ          0x08003138   Data           8  rtx_conf_cm.o(.constdata)
    mp_tmr_size                              0x08003140   Data           2  rtx_conf_cm.o(.constdata)
    os_thread_def_main                       0x08003144   Data          16  rtx_conf_cm.o(.constdata)
    Region$$Table$$Base                      0x08003154   Number         0  anon$$obj.o(Region$$Table)
    Region$$Table$$Limit                     0x08003174   Number         0  anon$$obj.o(Region$$Table)
    main_id                                  0x20000000   Data           4  main.o(.data)
    led_thread_id                            0x20000004   Data           4  ledthread.o(.data)
    uart1_send_mpool                         0x20000008   Data           4  uartthread.o(.data)
    uart1_send_queue                         0x2000000c   Data           4  uartthread.o(.data)
    uart1_receive_mpool                      0x20000010   Data           4  uartthread.o(.data)
    uart1_receive_queue                      0x20000014   Data           4  uartthread.o(.data)
    uart1_send_thread_id                     0x20000018   Data           4  uartthread.o(.data)
    uart1_receive_thread_id                  0x2000001c   Data           4  uartthread.o(.data)
    uart1_current_send_thread_id             0x20000020   Data           4  uartthread.o(.data)
    uart1_frame_start                        0x20000024   Data           1  uartthread.o(.data)
    uart1_receive_timerstart                 0x20000025   Data           1  uartthread.o(.data)
    uart1_receive_timecount                  0x20000026   Data           2  uartthread.o(.data)
    uart1_receive_overtime                   0x20000028   Data           1  uartthread.o(.data)
    uart1_receive_datacount                  0x2000002a   Data           2  uartthread.o(.data)
    key_thread_id                            0x2000002c   Data           4  keythread.o(.data)
    current_key0_focus_thread_id             0x20000030   Data           4  keythread.o(.data)
    current_key1_focus_thread_id             0x20000034   Data           4  keythread.o(.data)
    timeout_thread_id                        0x20000038   Data           4  timeoutthread.o(.data)
    servo_thread_id                          0x2000003c   Data           4  servothread.o(.data)
    key0_press_falg                          0x20000040   Data           1  key.o(.data)
    key1_press_falg                          0x20000041   Data           1  key.o(.data)
    osThreadId_osTimerThread                 0x20000044   Data           4  rtx_conf_cm.o(.data)
    osMessageQId_osTimerMessageQ             0x20000048   Data           4  rtx_conf_cm.o(.data)
    os_tmr                                   0x2000004c   Data           4  rtx_conf_cm.o(.data)
    m_tmr                                    0x20000050   Data           4  rtx_conf_cm.o(.data)
    os_initialized                           0x20000068   Data           1  rt_cmsis.o(.data)
    os_running                               0x20000069   Data           1  rt_cmsis.o(.data)
    os_timer_head                            0x2000006c   Data           4  rt_cmsis.o(.data)
    os_tsk                                   0x20000070   Data           8  rt_task.o(.data)
    os_tick_irqn                             0x2000007c   Data           4  rt_system.o(.data)
    os_time                                  0x20000080   Data           4  rt_time.o(.data)
    dbg_msg                                  0x20000084   Data           1  hal_cm.o(.data)
    os_robin                                 0x20000088   Data           8  rt_robin.o(.data)
    os_pool_m_uart1_send_mpool               0x20000090   Data          28  uartthread.o(.bss)
    os_messageQ_q_uart1_send_queue           0x200000ac   Data          20  uartthread.o(.bss)
    os_pool_m_uart1_receive_mpool            0x200000c0   Data         420  uartthread.o(.bss)
    os_messageQ_q_uart1_receive_queue        0x20000264   Data          20  uartthread.o(.bss)
    mp_tcb                                   0x20000278   Data        1104  rtx_conf_cm.o(.bss)
    mp_stk                                   0x200006c8   Data        3616  rtx_conf_cm.o(.bss)
    os_stack_mem                             0x200014e8   Data        4544  rtx_conf_cm.o(.bss)
    os_fifo                                  0x200026a8   Data         132  rtx_conf_cm.o(.bss)
    os_active_TCB                            0x2000272c   Data          84  rtx_conf_cm.o(.bss)
    os_messageQ_q_osTimerMessageQ            0x20002780   Data          32  rtx_conf_cm.o(.bss)
    os_idle_TCB                              0x200027a0   Data          52  rt_task.o(.bss)
    os_rdy                                   0x200027d4   Data          24  rt_list.o(.bss)
    os_dly                                   0x200027ec   Data          24  rt_list.o(.bss)
    __initial_sp                             0x20003808   Data           0  startup_stm32f10x_hd.o(STACK)



==============================================================================

Memory Map of the image

  Image Entry point : 0x08000131

  Load Region LR_IROM1 (Base: 0x08000000, Size: 0x00003204, Max: 0x00040000, ABSOLUTE)

    Execution Region ER_IROM1 (Exec base: 0x08000000, Load base: 0x08000000, Size: 0x00003174, Max: 0x00040000, ABSOLUTE)

    Exec Addr    Load Addr    Size         Type   Attr      Idx    E Section Name        Object

    0x08000000   0x08000000   0x00000130   Data   RO         4646    RESET               startup_stm32f10x_hd.o
    0x08000130   0x08000130   0x00000000   Code   RO         5905  * .ARM.Collect$$$$00000000  mc_w.l(entry.o)
    0x08000130   0x08000130   0x00000004   Code   RO         6175    .ARM.Collect$$$$00000001  mc_w.l(entry2.o)
    0x08000134   0x08000134   0x00000004   Code   RO         6178    .ARM.Collect$$$$00000004  mc_w.l(entry5.o)
    0x08000138   0x08000138   0x00000000   Code   RO         6180    .ARM.Collect$$$$00000008  mc_w.l(entry7b.o)
    0x08000138   0x08000138   0x00000000   Code   RO         6182    .ARM.Collect$$$$0000000A  mc_w.l(entry8b.o)
    0x08000138   0x08000138   0x00000000   Code   RO         6183    .ARM.Collect$$$$0000000D  mc_w.l(entry10a.o)
    0x08000138   0x08000138   0x00000000   Code   RO         6185    .ARM.Collect$$$$0000000F  mc_w.l(entry11a.o)
    0x08000138   0x08000138   0x00000018   Code   RO         1108    .ARM.Collect$$$$000000FF  rtx_conf_cm.o
    0x08000150   0x08000150   0x00000004   Code   RO         6176    .ARM.Collect$$$$00002712  mc_w.l(entry2.o)
    0x08000154   0x08000154   0x00000130   Code   RO         5892    .emb_text           RTX_CM3.lib(hal_cm3.o)
    0x08000284   0x08000284   0x00000024   Code   RO         4647    .text               startup_stm32f10x_hd.o
    0x080002a8   0x080002a8   0x00000024   Code   RO         6207    .text               mc_w.l(init.o)
    0x080002cc   0x080002cc   0x00000004   Code   RO         5902    SVC_TABLE           RTX_CM3.lib(svc_table.o)
    0x080002d0   0x080002d0   0x00000002   Code   RO         4389    i.DMA1_Channel1_Event  dma_stm32f10x.o
    0x080002d2   0x080002d2   0x00000002   PAD
    0x080002d4   0x080002d4   0x0000001c   Code   RO         4390    i.DMA1_Channel1_IRQHandler  dma_stm32f10x.o
    0x080002f0   0x080002f0   0x00000002   Code   RO         4391    i.DMA1_Channel2_Event  dma_stm32f10x.o
    0x080002f2   0x080002f2   0x00000002   PAD
    0x080002f4   0x080002f4   0x0000001c   Code   RO         4392    i.DMA1_Channel2_IRQHandler  dma_stm32f10x.o
    0x08000310   0x08000310   0x00000002   Code   RO         4393    i.DMA1_Channel3_Event  dma_stm32f10x.o
    0x08000312   0x08000312   0x00000002   PAD
    0x08000314   0x08000314   0x0000001c   Code   RO         4394    i.DMA1_Channel3_IRQHandler  dma_stm32f10x.o
    0x08000330   0x08000330   0x00000002   Code   RO         4395    i.DMA1_Channel4_Event  dma_stm32f10x.o
    0x08000332   0x08000332   0x00000002   PAD
    0x08000334   0x08000334   0x0000001c   Code   RO         4396    i.DMA1_Channel4_IRQHandler  dma_stm32f10x.o
    0x08000350   0x08000350   0x00000002   Code   RO         4397    i.DMA1_Channel5_Event  dma_stm32f10x.o
    0x08000352   0x08000352   0x00000002   PAD
    0x08000354   0x08000354   0x0000001c   Code   RO         4398    i.DMA1_Channel5_IRQHandler  dma_stm32f10x.o
    0x08000370   0x08000370   0x00000002   Code   RO         4399    i.DMA1_Channel6_Event  dma_stm32f10x.o
    0x08000372   0x08000372   0x00000002   PAD
    0x08000374   0x08000374   0x0000001c   Code   RO         4400    i.DMA1_Channel6_IRQHandler  dma_stm32f10x.o
    0x08000390   0x08000390   0x00000002   Code   RO         4401    i.DMA1_Channel7_Event  dma_stm32f10x.o
    0x08000392   0x08000392   0x00000002   PAD
    0x08000394   0x08000394   0x0000001c   Code   RO         4402    i.DMA1_Channel7_IRQHandler  dma_stm32f10x.o
    0x080003b0   0x080003b0   0x00000002   Code   RO         4403    i.DMA2_Channel1_Event  dma_stm32f10x.o
    0x080003b2   0x080003b2   0x00000002   PAD
    0x080003b4   0x080003b4   0x0000001c   Code   RO         4404    i.DMA2_Channel1_IRQHandler  dma_stm32f10x.o
    0x080003d0   0x080003d0   0x00000002   Code   RO         4405    i.DMA2_Channel2_Event  dma_stm32f10x.o
    0x080003d2   0x080003d2   0x00000002   PAD
    0x080003d4   0x080003d4   0x00000020   Code   RO         4406    i.DMA2_Channel2_IRQHandler  dma_stm32f10x.o
    0x080003f4   0x080003f4   0x00000002   Code   RO         4407    i.DMA2_Channel3_Event  dma_stm32f10x.o
    0x080003f6   0x080003f6   0x00000002   PAD
    0x080003f8   0x080003f8   0x00000020   Code   RO         4408    i.DMA2_Channel3_IRQHandler  dma_stm32f10x.o
    0x08000418   0x08000418   0x00000038   Code   RO         4409    i.DMA2_Channel4_5_IRQHandler  dma_stm32f10x.o
    0x08000450   0x08000450   0x00000002   Code   RO         4410    i.DMA2_Channel4_Event  dma_stm32f10x.o
    0x08000452   0x08000452   0x00000002   Code   RO         4412    i.DMA2_Channel5_Event  dma_stm32f10x.o
    0x08000454   0x08000454   0x00000028   Code   RO          603    i.EXTI15_10_IRQHandler  key.o
    0x0800047c   0x0800047c   0x00000028   Code   RO          604    i.EXTI1_IRQHandler  key.o
    0x080004a4   0x080004a4   0x00000094   Code   RO         2057    i.EXTI_Init         stm32f10x_exti.o
    0x08000538   0x08000538   0x00000040   Code   RO         2438    i.GPIO_EXTILineConfig  stm32f10x_gpio.o
    0x08000578   0x08000578   0x00000098   Code   RO         4603    i.GPIO_GetPortClockState  gpio_stm32f10x.o
    0x08000610   0x08000610   0x00000116   Code   RO         2441    i.GPIO_Init         stm32f10x_gpio.o
    0x08000726   0x08000726   0x00000078   Code   RO         4604    i.GPIO_PinConfigure  gpio_stm32f10x.o
    0x0800079e   0x0800079e   0x00000002   PAD
    0x080007a0   0x080007a0   0x0000013c   Code   RO         4605    i.GPIO_PortClock    gpio_stm32f10x.o
    0x080008dc   0x080008dc   0x00000028   Code   RO          322    i.Init_key_thread   keythread.o
    0x08000904   0x08000904   0x00000028   Code   RO          186    i.Init_led_thread   ledthread.o
    0x0800092c   0x0800092c   0x00000028   Code   RO          404    i.Init_servo_thread  servothread.o
    0x08000954   0x08000954   0x00000028   Code   RO          359    i.Init_timeout_thread  timeoutthread.o
    0x0800097c   0x0800097c   0x00000044   Code   RO          215    i.Init_uart_receive_thread  uartthread.o
    0x080009c0   0x080009c0   0x00000044   Code   RO          216    i.Init_uart_send_thread  uartthread.o
    0x08000a04   0x08000a04   0x000000a0   Code   RO          605    i.KEY_Init          key.o
    0x08000aa4   0x08000aa4   0x0000005c   Code   RO          446    i.LED_Initialize    led.o
    0x08000b00   0x08000b00   0x00000030   Code   RO          447    i.LED_Off           led.o
    0x08000b30   0x08000b30   0x00000030   Code   RO          448    i.LED_On            led.o
    0x08000b60   0x08000b60   0x00000070   Code   RO         1146    i.NVIC_Init         misc.o
    0x08000bd0   0x08000bd0   0x00000020   Code   RO         2905    i.RCC_APB1PeriphClockCmd  stm32f10x_rcc.o
    0x08000bf0   0x08000bf0   0x00000020   Code   RO         2906    i.RCC_APB1PeriphResetCmd  stm32f10x_rcc.o
    0x08000c10   0x08000c10   0x00000020   Code   RO         2907    i.RCC_APB2PeriphClockCmd  stm32f10x_rcc.o
    0x08000c30   0x08000c30   0x00000020   Code   RO         2908    i.RCC_APB2PeriphResetCmd  stm32f10x_rcc.o
    0x08000c50   0x08000c50   0x000000d4   Code   RO         2915    i.RCC_GetClocksFreq  stm32f10x_rcc.o
    0x08000d24   0x08000d24   0x00000008   Code   RO         4654    i.SetSysClock       system_stm32f10x.o
    0x08000d2c   0x08000d2c   0x000000e0   Code   RO         4655    i.SetSysClockTo72   system_stm32f10x.o
    0x08000e0c   0x08000e0c   0x00000060   Code   RO         4657    i.SystemInit        system_stm32f10x.o
    0x08000e6c   0x08000e6c   0x0000005c   Code   RO          566    i.TIM2_IRQHandler   timer2.o
    0x08000ec8   0x08000ec8   0x0000005c   Code   RO          567    i.TIM2_Int_Init     timer2.o
    0x08000f24   0x08000f24   0x00000018   Code   RO         3587    i.TIM_Cmd           stm32f10x_tim.o
    0x08000f3c   0x08000f3c   0x00000012   Code   RO         3612    i.TIM_ITConfig      stm32f10x_tim.o
    0x08000f4e   0x08000f4e   0x00000002   PAD
    0x08000f50   0x08000f50   0x000000a4   Code   RO         3658    i.TIM_TimeBaseInit  stm32f10x_tim.o
    0x08000ff4   0x08000ff4   0x00000068   Code   RO          218    i.USART1_IRQHandler  uartthread.o
    0x0800105c   0x0800105c   0x00000012   Code   RO         4131    i.USART_ClearFlag   stm32f10x_usart.o
    0x0800106e   0x0800106e   0x00000018   Code   RO         4135    i.USART_Cmd         stm32f10x_usart.o
    0x08001086   0x08001086   0x00000002   PAD
    0x08001088   0x08001088   0x0000009c   Code   RO         4137    i.USART_DeInit      stm32f10x_usart.o
    0x08001124   0x08001124   0x0000001a   Code   RO         4138    i.USART_GetFlagStatus  stm32f10x_usart.o
    0x0800113e   0x0800113e   0x0000004a   Code   RO         4141    i.USART_ITConfig    stm32f10x_usart.o
    0x08001188   0x08001188   0x000000d8   Code   RO         4142    i.USART_Init        stm32f10x_usart.o
    0x08001260   0x08001260   0x0000000a   Code   RO         4149    i.USART_ReceiveData  stm32f10x_usart.o
    0x0800126a   0x0800126a   0x0000000e   Code   RO         6217    i.__scatterload_copy  mc_w.l(handlers.o)
    0x08001278   0x08001278   0x00000002   Code   RO         6218    i.__scatterload_null  mc_w.l(handlers.o)
    0x0800127a   0x0800127a   0x0000000e   Code   RO         6219    i.__scatterload_zeroinit  mc_w.l(handlers.o)
    0x08001288   0x08001288   0x00000046   Code   RO         5770    i._init_box         RTX_CM3.lib(rt_membox.o)
    0x080012ce   0x080012ce   0x00000030   Code   RO          649    i.crc_chk           servomotor.o
    0x080012fe   0x080012fe   0x0000003a   Code   RO          650    i.crc_gen           servomotor.o
    0x08001338   0x08001338   0x00000030   Code   RO         5823    i.dbg_init          RTX_CM3.lib(hal_cm.o)
    0x08001368   0x08001368   0x00000020   Code   RO         5824    i.dbg_task_notify   RTX_CM3.lib(hal_cm.o)
    0x08001388   0x08001388   0x00000010   Code   RO         5825    i.dbg_task_switch   RTX_CM3.lib(hal_cm.o)
    0x08001398   0x08001398   0x0000002a   Code   RO         4700    i.isrMessageGet     RTX_CM3.lib(rt_cmsis.o)
    0x080013c2   0x080013c2   0x0000002c   Code   RO         4701    i.isrMessagePut     RTX_CM3.lib(rt_cmsis.o)
    0x080013ee   0x080013ee   0x00000024   Code   RO         4703    i.isrSignalSet      RTX_CM3.lib(rt_cmsis.o)
    0x08001412   0x08001412   0x00000002   PAD
    0x08001414   0x08001414   0x00000028   Code   RO         5494    i.isr_evt_set       RTX_CM3.lib(rt_event.o)
    0x0800143c   0x0800143c   0x00000056   Code   RO         5616    i.isr_mbx_receive   RTX_CM3.lib(rt_mailbox.o)
    0x08001492   0x08001492   0x0000000e   Code   RO         5617    i.isr_mbx_send      RTX_CM3.lib(rt_mailbox.o)
    0x080014a0   0x080014a0   0x00000084   Code   RO          323    i.key_thread        keythread.o
    0x08001524   0x08001524   0x00000024   Code   RO          187    i.led_thread        ledthread.o
    0x08001548   0x08001548   0x00000038   Code   RO            4    i.main              main.o
    0x08001580   0x08001580   0x00000018   Code   RO         4704    i.osDelay           RTX_CM3.lib(rt_cmsis.o)
    0x08001598   0x08001598   0x00000024   Code   RO         4705    i.osKernelInitialize  RTX_CM3.lib(rt_cmsis.o)
    0x080015bc   0x080015bc   0x0000006c   Code   RO         4707    i.osKernelStart     RTX_CM3.lib(rt_cmsis.o)
    0x08001628   0x08001628   0x0000002c   Code   RO         4715    i.osMessageCreate   RTX_CM3.lib(rt_cmsis.o)
    0x08001654   0x08001654   0x00000018   Code   RO         4716    i.osMessageGet      RTX_CM3.lib(rt_cmsis.o)
    0x0800166c   0x0800166c   0x00000018   Code   RO         4717    i.osMessagePut      RTX_CM3.lib(rt_cmsis.o)
    0x08001684   0x08001684   0x00000020   Code   RO         4722    i.osPoolAlloc       RTX_CM3.lib(rt_cmsis.o)
    0x080016a4   0x080016a4   0x0000002c   Code   RO         4724    i.osPoolCreate      RTX_CM3.lib(rt_cmsis.o)
    0x080016d0   0x080016d0   0x00000020   Code   RO         4725    i.osPoolFree        RTX_CM3.lib(rt_cmsis.o)
    0x080016f0   0x080016f0   0x00000018   Code   RO         4731    i.osSignalSet       RTX_CM3.lib(rt_cmsis.o)
    0x08001708   0x08001708   0x00000018   Code   RO         4732    i.osSignalWait      RTX_CM3.lib(rt_cmsis.o)
    0x08001720   0x08001720   0x0000002c   Code   RO         4733    i.osThreadCreate    RTX_CM3.lib(rt_cmsis.o)
    0x0800174c   0x0800174c   0x00000018   Code   RO         4734    i.osThreadExit      RTX_CM3.lib(rt_cmsis.o)
    0x08001764   0x08001764   0x00000018   Code   RO         4735    i.osThreadGetId     RTX_CM3.lib(rt_cmsis.o)
    0x0800177c   0x0800177c   0x0000000c   Code   RO         4740    i.osTimerCall       RTX_CM3.lib(rt_cmsis.o)
    0x08001788   0x08001788   0x0000002c   Code   RO         4745    i.osTimerThread     RTX_CM3.lib(rt_cmsis.o)
    0x080017b4   0x080017b4   0x00000022   Code   RO         1109    i.os_error          rtx_conf_cm.o
    0x080017d6   0x080017d6   0x00000004   Code   RO         1110    i.os_idle_demon     rtx_conf_cm.o
    0x080017da   0x080017da   0x00000002   PAD
    0x080017dc   0x080017dc   0x00000028   Code   RO         5404    i.os_tick_init      RTX_CM3.lib(rt_system.o)
    0x08001804   0x08001804   0x00000002   Code   RO         5405    i.os_tick_irqack    RTX_CM3.lib(rt_system.o)
    0x08001806   0x08001806   0x00000058   Code   RO          684    i.read_word         servomotor.o
    0x0800185e   0x0800185e   0x0000002e   Code   RO          692    i.reset_SON_pin     servomotor.o
    0x0800188c   0x0800188c   0x0000001a   Code   RO         5771    i.rt_alloc_box      RTX_CM3.lib(rt_membox.o)
    0x080018a6   0x080018a6   0x0000003e   Code   RO         5799    i.rt_alloc_mem      RTX_CM3.lib(rt_memory.o)
    0x080018e4   0x080018e4   0x00000038   Code   RO         5319    i.rt_block          RTX_CM3.lib(rt_task.o)
    0x0800191c   0x0800191c   0x00000048   Code   RO         5871    i.rt_chk_robin      RTX_CM3.lib(rt_robin.o)
    0x08001964   0x08001964   0x00000070   Code   RO         5540    i.rt_dec_dly        RTX_CM3.lib(rt_list.o)
    0x080019d4   0x080019d4   0x00000044   Code   RO         5320    i.rt_dispatch       RTX_CM3.lib(rt_task.o)
    0x08001a18   0x08001a18   0x00000006   Code   RO         5706    i.rt_dly_wait       RTX_CM3.lib(rt_time.o)
    0x08001a1e   0x08001a1e   0x00000002   PAD
    0x08001a20   0x08001a20   0x00000050   Code   RO         5497    i.rt_evt_psh        RTX_CM3.lib(rt_event.o)
    0x08001a70   0x08001a70   0x0000005c   Code   RO         5498    i.rt_evt_set        RTX_CM3.lib(rt_event.o)
    0x08001acc   0x08001acc   0x0000003c   Code   RO         5499    i.rt_evt_wait       RTX_CM3.lib(rt_event.o)
    0x08001b08   0x08001b08   0x0000002c   Code   RO         5772    i.rt_free_box       RTX_CM3.lib(rt_membox.o)
    0x08001b34   0x08001b34   0x00000028   Code   RO         5800    i.rt_free_mem       RTX_CM3.lib(rt_memory.o)
    0x08001b5c   0x08001b5c   0x00000028   Code   RO         5541    i.rt_get_first      RTX_CM3.lib(rt_list.o)
    0x08001b84   0x08001b84   0x00000008   Code   RO         4750    i.rt_id2obj         RTX_CM3.lib(rt_cmsis.o)
    0x08001b8c   0x08001b8c   0x00000048   Code   RO         5321    i.rt_init_context   RTX_CM3.lib(rt_task.o)
    0x08001bd4   0x08001bd4   0x0000001a   Code   RO         5801    i.rt_init_mem       RTX_CM3.lib(rt_memory.o)
    0x08001bee   0x08001bee   0x00000002   PAD
    0x08001bf0   0x08001bf0   0x00000018   Code   RO         5872    i.rt_init_robin     RTX_CM3.lib(rt_robin.o)
    0x08001c08   0x08001c08   0x00000080   Code   RO         5826    i.rt_init_stack     RTX_CM3.lib(hal_cm.o)
    0x08001c88   0x08001c88   0x00000008   Code   RO         5618    i.rt_mbx_check      RTX_CM3.lib(rt_mailbox.o)
    0x08001c90   0x08001c90   0x0000001a   Code   RO         5619    i.rt_mbx_init       RTX_CM3.lib(rt_mailbox.o)
    0x08001caa   0x08001caa   0x00000002   PAD
    0x08001cac   0x08001cac   0x000000f0   Code   RO         5620    i.rt_mbx_psh        RTX_CM3.lib(rt_mailbox.o)
    0x08001d9c   0x08001d9c   0x00000098   Code   RO         5621    i.rt_mbx_send       RTX_CM3.lib(rt_mailbox.o)
    0x08001e34   0x08001e34   0x000000b4   Code   RO         5622    i.rt_mbx_wait       RTX_CM3.lib(rt_mailbox.o)
    0x08001ee8   0x08001ee8   0x00000044   Code   RO         4751    i.rt_ms2tick        RTX_CM3.lib(rt_cmsis.o)
    0x08001f2c   0x08001f2c   0x0000007c   Code   RO         5408    i.rt_pop_req        RTX_CM3.lib(rt_system.o)
    0x08001fa8   0x08001fa8   0x00000020   Code   RO         5409    i.rt_psh_req        RTX_CM3.lib(rt_system.o)
    0x08001fc8   0x08001fc8   0x0000005c   Code   RO         5543    i.rt_psq_enq        RTX_CM3.lib(rt_list.o)
    0x08002024   0x08002024   0x00000048   Code   RO         5544    i.rt_put_dly        RTX_CM3.lib(rt_list.o)
    0x0800206c   0x0800206c   0x00000036   Code   RO         5545    i.rt_put_prio       RTX_CM3.lib(rt_list.o)
    0x080020a2   0x080020a2   0x00000002   PAD
    0x080020a4   0x080020a4   0x00000014   Code   RO         5546    i.rt_put_rdy_first  RTX_CM3.lib(rt_list.o)
    0x080020b8   0x080020b8   0x00000034   Code   RO         5547    i.rt_resort_prio    RTX_CM3.lib(rt_list.o)
    0x080020ec   0x080020ec   0x00000006   Code   RO         5827    i.rt_ret_val        RTX_CM3.lib(hal_cm.o)
    0x080020f2   0x080020f2   0x00000008   Code   RO         5828    i.rt_ret_val2       RTX_CM3.lib(hal_cm.o)
    0x080020fa   0x080020fa   0x00000028   Code   RO         5548    i.rt_rmv_dly        RTX_CM3.lib(rt_list.o)
    0x08002122   0x08002122   0x00000002   PAD
    0x08002124   0x08002124   0x00000030   Code   RO         5549    i.rt_rmv_list       RTX_CM3.lib(rt_list.o)
    0x08002154   0x08002154   0x00000034   Code   RO         5667    i.rt_sem_psh        RTX_CM3.lib(rt_semaphore.o)
    0x08002188   0x08002188   0x00000024   Code   RO         5411    i.rt_stk_check      RTX_CM3.lib(rt_system.o)
    0x080021ac   0x080021ac   0x00000028   Code   RO         5322    i.rt_switch_req     RTX_CM3.lib(rt_task.o)
    0x080021d4   0x080021d4   0x000000cc   Code   RO         5323    i.rt_sys_init       RTX_CM3.lib(rt_task.o)
    0x080022a0   0x080022a0   0x00000078   Code   RO         5324    i.rt_sys_start      RTX_CM3.lib(rt_task.o)
    0x08002318   0x08002318   0x00000040   Code   RO         5413    i.rt_systick        RTX_CM3.lib(rt_system.o)
    0x08002358   0x08002358   0x00000012   Code   RO         4752    i.rt_tid2ptcb       RTX_CM3.lib(rt_cmsis.o)
    0x0800236a   0x0800236a   0x00000002   PAD
    0x0800236c   0x0800236c   0x00000034   Code   RO         4753    i.rt_timer_insert   RTX_CM3.lib(rt_cmsis.o)
    0x080023a0   0x080023a0   0x00000088   Code   RO         5325    i.rt_tsk_create     RTX_CM3.lib(rt_task.o)
    0x08002428   0x08002428   0x0000017c   Code   RO         5326    i.rt_tsk_delete     RTX_CM3.lib(rt_task.o)
    0x080025a4   0x080025a4   0x0000007c   Code   RO         5328    i.rt_tsk_prio       RTX_CM3.lib(rt_task.o)
    0x08002620   0x08002620   0x00000010   Code   RO         5329    i.rt_tsk_self       RTX_CM3.lib(rt_task.o)
    0x08002630   0x08002630   0x0000000c   Code   RO          694    i.servo_off         servomotor.o
    0x0800263c   0x0800263c   0x0000001c   Code   RO          405    i.servo_thread      servothread.o
    0x08002658   0x08002658   0x000000dc   Code   RO          696    i.servo_transmission  servomotor.o
    0x08002734   0x08002734   0x00000012   Code   RO         4755    i.svcDelay          RTX_CM3.lib(rt_cmsis.o)
    0x08002746   0x08002746   0x00000002   PAD
    0x08002748   0x08002748   0x00000070   Code   RO         4756    i.svcKernelInitialize  RTX_CM3.lib(rt_cmsis.o)
    0x080027b8   0x080027b8   0x00000048   Code   RO         4758    i.svcKernelStart    RTX_CM3.lib(rt_cmsis.o)
    0x08002800   0x08002800   0x00000024   Code   RO         4761    i.svcMessageCreate  RTX_CM3.lib(rt_cmsis.o)
    0x08002824   0x08002824   0x0000003a   Code   RO         4762    i.svcMessageGet     RTX_CM3.lib(rt_cmsis.o)
    0x0800285e   0x0800285e   0x00000036   Code   RO         4763    i.svcMessagePut     RTX_CM3.lib(rt_cmsis.o)
    0x08002894   0x08002894   0x00000028   Code   RO         4768    i.svcPoolCreate     RTX_CM3.lib(rt_cmsis.o)
    0x080028bc   0x080028bc   0x00000024   Code   RO         4774    i.svcSignalSet      RTX_CM3.lib(rt_cmsis.o)
    0x080028e0   0x080028e0   0x00000054   Code   RO         4775    i.svcSignalWait     RTX_CM3.lib(rt_cmsis.o)
    0x08002934   0x08002934   0x0000006c   Code   RO         4776    i.svcThreadCreate   RTX_CM3.lib(rt_cmsis.o)
    0x080029a0   0x080029a0   0x0000001c   Code   RO         4777    i.svcThreadGetId    RTX_CM3.lib(rt_cmsis.o)
    0x080029bc   0x080029bc   0x00000038   Code   RO         4780    i.svcThreadTerminate  RTX_CM3.lib(rt_cmsis.o)
    0x080029f4   0x080029f4   0x00000018   Code   RO         4782    i.svcTimerCall      RTX_CM3.lib(rt_cmsis.o)
    0x08002a0c   0x08002a0c   0x0000000a   Code   RO         4789    i.sysPoolAlloc      RTX_CM3.lib(rt_cmsis.o)
    0x08002a16   0x08002a16   0x00000014   Code   RO         4790    i.sysPoolFree       RTX_CM3.lib(rt_cmsis.o)
    0x08002a2a   0x08002a2a   0x00000002   PAD
    0x08002a2c   0x08002a2c   0x0000005c   Code   RO         4791    i.sysTimerTick      RTX_CM3.lib(rt_cmsis.o)
    0x08002a88   0x08002a88   0x00000030   Code   RO          360    i.timeout_thread    timeoutthread.o
    0x08002ab8   0x08002ab8   0x000000d0   Code   RO          511    i.uart1_init        usart.o
    0x08002b88   0x08002b88   0x000000cc   Code   RO          512    i.uart2_init        usart.o
    0x08002c54   0x08002c54   0x000000d0   Code   RO          513    i.uart3_init        usart.o
    0x08002d24   0x08002d24   0x000000d0   Code   RO          514    i.uart4_init        usart.o
    0x08002df4   0x08002df4   0x00000032   Code   RO          515    i.uart_init         usart.o
    0x08002e26   0x08002e26   0x00000002   PAD
    0x08002e28   0x08002e28   0x00000100   Code   RO          219    i.uart_receive_thread  uartthread.o
    0x08002f28   0x08002f28   0x00000034   Code   RO          220    i.uart_send_datas   uartthread.o
    0x08002f5c   0x08002f5c   0x000000ac   Code   RO          221    i.uart_send_thread  uartthread.o
    0x08003008   0x08003008   0x00000054   Code   RO          717    i.write_word        servomotor.o
    0x0800305c   0x0800305c   0x00000010   Data   RO          188    .constdata          ledthread.o
    0x0800306c   0x0800306c   0x00000048   Data   RO          226    .constdata          uartthread.o
    0x080030b4   0x080030b4   0x00000010   Data   RO          324    .constdata          keythread.o
    0x080030c4   0x080030c4   0x00000010   Data   RO          361    .constdata          timeoutthread.o
    0x080030d4   0x080030d4   0x00000010   Data   RO          406    .constdata          servothread.o
    0x080030e4   0x080030e4   0x00000008   Data   RO          451    .constdata          led.o
    0x080030ec   0x080030ec   0x00000068   Data   RO         1112    .constdata          rtx_conf_cm.o
    0x08003154   0x08003154   0x00000020   Data   RO         6215    Region$$Table       anon$$obj.o


    Execution Region RW_IRAM1 (Exec base: 0x20000000, Load base: 0x08003174, Size: 0x00003808, Max: 0x0000c000, ABSOLUTE)

    Exec Addr    Load Addr    Size         Type   Attr      Idx    E Section Name        Object

    0x20000000   0x08003174   0x00000004   Data   RW            5    .data               main.o
    0x20000004   0x08003178   0x00000004   Data   RW          189    .data               ledthread.o
    0x20000008   0x0800317c   0x00000024   Data   RW          227    .data               uartthread.o
    0x2000002c   0x080031a0   0x0000000c   Data   RW          325    .data               keythread.o
    0x20000038   0x080031ac   0x00000004   Data   RW          362    .data               timeoutthread.o
    0x2000003c   0x080031b0   0x00000004   Data   RW          407    .data               servothread.o
    0x20000040   0x080031b4   0x00000002   Data   RW          606    .data               key.o
    0x20000042   0x080031b6   0x00000002   PAD
    0x20000044   0x080031b8   0x00000010   Data   RW         1113    .data               rtx_conf_cm.o
    0x20000054   0x080031c8   0x00000014   Data   RW         2935    .data               stm32f10x_rcc.o
    0x20000068   0x080031dc   0x00000008   Data   RW         4794    .data               RTX_CM3.lib(rt_cmsis.o)
    0x20000070   0x080031e4   0x00000008   Data   RW         5331    .data               RTX_CM3.lib(rt_task.o)
    0x20000078   0x080031ec   0x00000008   Data   RW         5416    .data               RTX_CM3.lib(rt_system.o)
    0x20000080   0x080031f4   0x00000004   Data   RW         5710    .data               RTX_CM3.lib(rt_time.o)
    0x20000084   0x080031f8   0x00000001   Data   RW         5829    .data               RTX_CM3.lib(hal_cm.o)
    0x20000085   0x080031f9   0x00000003   PAD
    0x20000088   0x080031fc   0x00000008   Data   RW         5873    .data               RTX_CM3.lib(rt_robin.o)
    0x20000090        -       0x000001e8   Zero   RW          225    .bss                uartthread.o
    0x20000278        -       0x00002528   Zero   RW         1111    .bss                rtx_conf_cm.o
    0x200027a0        -       0x00000034   Zero   RW         5330    .bss                RTX_CM3.lib(rt_task.o)
    0x200027d4        -       0x00000030   Zero   RW         5550    .bss                RTX_CM3.lib(rt_list.o)
    0x20002804   0x08003204   0x00000004   PAD
    0x20002808        -       0x00001000   Zero   RW         4644    STACK               startup_stm32f10x_hd.o


==============================================================================

Image component sizes


      Code (inc. data)   RO Data    RW Data    ZI Data      Debug   Object Name

       368         50          0          0          0      12419   dma_stm32f10x.o
       588         66          0          0          0       5814   gpio_stm32f10x.o
       240         34          0          2          0       1659   key.o
       172         30         16         12          0       1878   keythread.o
       188         14          8          0          0       5654   led.o
        76         10         16          4          0       1660   ledthread.o
        56          6          0          4          0     262579   main.o
       112         12          0          0          0       1316   misc.o
        62          6        104         16       9512       7596   rtx_conf_cm.o
       556         18          0          0          0       5570   servomotor.o
        68         20         16          4          0       1688   servothread.o
        36          8        304          0       4096        800   startup_stm32f10x_hd.o
       148          6          0          0          0       1276   stm32f10x_exti.o
       342          4          0          0          0       2930   stm32f10x_gpio.o
       340         44          0         20          0       6084   stm32f10x_rcc.o
       206         42          0          0          0       2724   stm32f10x_tim.o
       524         28          0          0          0       6673   stm32f10x_usart.o
       328         28          0          0          0       2057   system_stm32f10x.o
        88         18         16          4          0       1744   timeoutthread.o
       184         18          0          0          0        958   timer2.o
       720        102         72         36        488       6411   uartthread.o
       878         32          0          0          0       2992   usart.o

    ----------------------------------------------------------------------
      6310        596        584        104      14096     342482   Object Totals
         0          0         32          0          0          0   (incl. Generated)
        30          0          0          2          0          0   (incl. Padding)

    ----------------------------------------------------------------------

      Code (inc. data)   RO Data    RW Data    ZI Data      Debug   Library Member Name

       238         24          0          1          0       3312   hal_cm.o
       304         36          0          0          0        768   hal_cm3.o
      1680        200          0          8          0      42418   rt_cmsis.o
       272         18          0          0          0       2650   rt_event.o
       530         34          0          0         48       8253   rt_list.o
       706         14          0          0          0       4787   rt_mailbox.o
       140          0          0          0          0       1925   rt_membox.o
       128          0          0          0          0       2307   rt_memory.o
        96         22          0          8          0       1158   rt_robin.o
        52          4          0          0          0        573   rt_semaphore.o
       298         52          0          8          0       6223   rt_system.o
      1216        174          0          8         52       9649   rt_task.o
         6          0          0          4          0        652   rt_time.o
         4          4          0          0          0        208   svc_table.o
         0          0          0          0          0          0   entry.o
         0          0          0          0          0          0   entry10a.o
         0          0          0          0          0          0   entry11a.o
         8          4          0          0          0          0   entry2.o
         4          0          0          0          0          0   entry5.o
         0          0          0          0          0          0   entry7b.o
         0          0          0          0          0          0   entry8b.o
        30          0          0          0          0          0   handlers.o
        36          8          0          0          0         68   init.o

    ----------------------------------------------------------------------
      5766        594          0         40        104      84951   Library Totals
        18          0          0          3          4          0   (incl. Padding)

    ----------------------------------------------------------------------

      Code (inc. data)   RO Data    RW Data    ZI Data      Debug   Library Name

      5670        582          0         37        100      84883   RTX_CM3.lib
        78         12          0          0          0         68   mc_w.l

    ----------------------------------------------------------------------
      5766        594          0         40        104      84951   Library Totals

    ----------------------------------------------------------------------

==============================================================================


      Code (inc. data)   RO Data    RW Data    ZI Data      Debug   

     12076       1190        584        144      14200     418797   Grand Totals
     12076       1190        584        144      14200     418797   ELF Image Totals
     12076       1190        584        144          0          0   ROM Totals

==============================================================================

    Total RO  Size (Code + RO Data)                12660 (  12.36kB)
    Total RW  Size (RW Data + ZI Data)             14344 (  14.01kB)
    Total ROM Size (Code + RO Data + RW Data)      12804 (  12.50kB)

==============================================================================

